Build for Windows	Build the mod	∩╗┐2026-04-09T00:58:53.6673641Z ##[group]Run geode-sdk/build-geode-mod@main
Build for Windows	Build the mod	2026-04-09T00:58:53.6673989Z with:
Build for Windows	Build the mod	2026-04-09T00:58:53.6674218Z   configure-args: -DCMAKE_POLICY_VERSION_MINIMUM=3.5
Build for Windows	Build the mod	2026-04-09T00:58:53.6674511Z   sdk: given
Build for Windows	Build the mod	2026-04-09T00:58:53.6674668Z   cli: latest
Build for Windows	Build the mod	2026-04-09T00:58:53.6674819Z   build-config: Release
Build for Windows	Build the mod	2026-04-09T00:58:53.6674997Z   path: ./
Build for Windows	Build the mod	2026-04-09T00:58:53.6675150Z   combine: false
Build for Windows	Build the mod	2026-04-09T00:58:53.6675345Z   bindings: geode-sdk/bindings
Build for Windows	Build the mod	2026-04-09T00:58:53.6675545Z   android-min-sdk: 23
Build for Windows	Build the mod	2026-04-09T00:58:53.6675713Z   ccache-variant: default
Build for Windows	Build the mod	2026-04-09T00:58:53.6675897Z   use-cpm-cache: true
Build for Windows	Build the mod	2026-04-09T00:58:53.6676067Z   export-pdb: false
Build for Windows	Build the mod	2026-04-09T00:58:53.6676255Z   export-debug: false
Build for Windows	Build the mod	2026-04-09T00:58:53.6676408Z   use-lto: true
Build for Windows	Build the mod	2026-04-09T00:58:53.6676564Z   bundle-pdb: false
Build for Windows	Build the mod	2026-04-09T00:58:53.6676721Z   export-symbols: false
Build for Windows	Build the mod	2026-04-09T00:58:53.6676889Z env:
Build for Windows	Build the mod	2026-04-09T00:58:53.6677042Z   FORCE_JAVASCRIPT_ACTIONS_TO_NODE24: true
Build for Windows	Build the mod	2026-04-09T00:58:53.6677265Z ##[endgroup]
Build for Windows	Build the mod	2026-04-09T00:58:53.8036926Z ##[group]Run DEFAULT_TARGET=Win64
Build for Windows	Build the mod	2026-04-09T00:58:53.8037336Z [36;1mDEFAULT_TARGET=Win64[0m
Build for Windows	Build the mod	2026-04-09T00:58:53.8037553Z [36;1mDEFAULT_CCACHE=sccache[0m
Build for Windows	Build the mod	2026-04-09T00:58:53.8037804Z [36;1mif [ "$RUNNER_OS" = "Linux" ]; then[0m
Build for Windows	Build the mod	2026-04-09T00:58:53.8038035Z [36;1m  ID=linux[0m
Build for Windows	Build the mod	2026-04-09T00:58:53.8038230Z [36;1m  DEFAULT_TARGET=Android64[0m
Build for Windows	Build the mod	2026-04-09T00:58:53.8038470Z [36;1melif [ "$RUNNER_OS" = "Windows" ]; then[0m
Build for Windows	Build the mod	2026-04-09T00:58:53.8038711Z [36;1m  ID=win[0m
Build for Windows	Build the mod	2026-04-09T00:58:53.8038868Z [36;1m  DEFAULT_TARGET=Win64[0m
Build for Windows	Build the mod	2026-04-09T00:58:53.8039097Z [36;1melif [ "$RUNNER_OS" = "macOS" ]; then[0m
Build for Windows	Build the mod	2026-04-09T00:58:53.8039330Z [36;1m  ID=mac[0m
Build for Windows	Build the mod	2026-04-09T00:58:53.8039503Z [36;1m  DEFAULT_TARGET=MacOS[0m
Build for Windows	Build the mod	2026-04-09T00:58:53.8039707Z [36;1m  DEFAULT_CCACHE=[0m
Build for Windows	Build the mod	2026-04-09T00:58:53.8039881Z [36;1mfi[0m
Build for Windows	Build the mod	2026-04-09T00:58:53.8040027Z [36;1m[0m
Build for Windows	Build the mod	2026-04-09T00:58:53.8040171Z [36;1mCCACHE_VARIANT=default[0m
Build for Windows	Build the mod	2026-04-09T00:58:53.8040392Z [36;1mif [ "$CCACHE_VARIANT" = "default" ]; then[0m
Build for Windows	Build the mod	2026-04-09T00:58:53.8040653Z [36;1m  CCACHE_VARIANT=$DEFAULT_CCACHE[0m
Build for Windows	Build the mod	2026-04-09T00:58:53.8040859Z [36;1mfi[0m
Build for Windows	Build the mod	2026-04-09T00:58:53.8040987Z [36;1m[0m
Build for Windows	Build the mod	2026-04-09T00:58:53.8041130Z [36;1mTARGET=[0m
Build for Windows	Build the mod	2026-04-09T00:58:53.8041282Z [36;1mif [ "$TARGET" = "" ]; then[0m
Build for Windows	Build the mod	2026-04-09T00:58:53.8041495Z [36;1m  TARGET=$DEFAULT_TARGET[0m
Build for Windows	Build the mod	2026-04-09T00:58:53.8041685Z [36;1mfi[0m
Build for Windows	Build the mod	2026-04-09T00:58:53.8041814Z [36;1m[0m
Build for Windows	Build the mod	2026-04-09T00:58:53.8041979Z [36;1mif [ "$TARGET" = "Android32" ]; then[0m
Build for Windows	Build the mod	2026-04-09T00:58:53.8042201Z [36;1m  OUTPUT_ID=android32[0m
Build for Windows	Build the mod	2026-04-09T00:58:53.8042423Z [36;1melif [ "$TARGET" = "Android64" ]; then[0m
Build for Windows	Build the mod	2026-04-09T00:58:53.8042671Z [36;1m  OUTPUT_ID=android64[0m
Build for Windows	Build the mod	2026-04-09T00:58:53.8042881Z [36;1melif [ "$TARGET" = "Win64" ]; then[0m
Build for Windows	Build the mod	2026-04-09T00:58:53.8043090Z [36;1m  OUTPUT_ID=win[0m
Build for Windows	Build the mod	2026-04-09T00:58:53.8043288Z [36;1melif [ "$TARGET" = "MacOS" ]; then[0m
Build for Windows	Build the mod	2026-04-09T00:58:53.8043511Z [36;1m  OUTPUT_ID=mac[0m
Build for Windows	Build the mod	2026-04-09T00:58:53.8043771Z [36;1melif [ "$TARGET" = "iOS" ]; then[0m
Build for Windows	Build the mod	2026-04-09T00:58:53.8044016Z [36;1m  OUTPUT_ID=ios[0m
Build for Windows	Build the mod	2026-04-09T00:58:53.8044181Z [36;1mfi[0m
Build for Windows	Build the mod	2026-04-09T00:58:53.8044330Z [36;1m[0m
Build for Windows	Build the mod	2026-04-09T00:58:53.8044488Z [36;1mecho "id=$ID" >> $GITHUB_OUTPUT[0m
Build for Windows	Build the mod	2026-04-09T00:58:53.8044739Z [36;1mecho "target=$TARGET" >> $GITHUB_OUTPUT[0m
Build for Windows	Build the mod	2026-04-09T00:58:53.8045027Z [36;1mecho "target_id=$OUTPUT_ID" >> $GITHUB_OUTPUT[0m
Build for Windows	Build the mod	2026-04-09T00:58:53.8045340Z [36;1mecho "ccache_variant=$CCACHE_VARIANT" >> $GITHUB_OUTPUT[0m
Build for Windows	Build the mod	2026-04-09T00:58:53.8102802Z shell: C:\Program Files\Git\bin\bash.EXE --noprofile --norc -e -o pipefail {0}
Build for Windows	Build the mod	2026-04-09T00:58:53.8124417Z env:
Build for Windows	Build the mod	2026-04-09T00:58:53.8125128Z   FORCE_JAVASCRIPT_ACTIONS_TO_NODE24: true
Build for Windows	Build the mod	2026-04-09T00:58:53.8126028Z ##[endgroup]
Build for Windows	Build the mod	2026-04-09T00:58:54.2771861Z ##[group]Run hendrikmuhs/ccache-action@v1
Build for Windows	Build the mod	2026-04-09T00:58:54.2772493Z with:
Build for Windows	Build the mod	2026-04-09T00:58:54.2772677Z   variant: sccache
Build for Windows	Build the mod	2026-04-09T00:58:54.2772888Z   key: win-v1
Build for Windows	Build the mod	2026-04-09T00:58:54.2823866Z   restore: true
Build for Windows	Build the mod	2026-04-09T00:58:54.2825129Z   max-size: 500MB
Build for Windows	Build the mod	2026-04-09T00:58:54.2825903Z   verbose: 0
Build for Windows	Build the mod	2026-04-09T00:58:54.2826826Z   save: true
Build for Windows	Build the mod	2026-04-09T00:58:54.2827465Z   append-timestamp: true
Build for Windows	Build the mod	2026-04-09T00:58:54.2828240Z   create-symlink: false
Build for Windows	Build the mod	2026-04-09T00:58:54.2828495Z   job-summary: CCache Statistics
Build for Windows	Build the mod	2026-04-09T00:58:54.2828719Z   update-package-index: false
Build for Windows	Build the mod	2026-04-09T00:58:54.2828917Z env:
Build for Windows	Build the mod	2026-04-09T00:58:54.2829084Z   FORCE_JAVASCRIPT_ACTIONS_TO_NODE24: true
Build for Windows	Build the mod	2026-04-09T00:58:54.2829316Z ##[endgroup]
Build for Windows	Build the mod	2026-04-09T00:58:54.4486722Z (node:6832) [DEP0040] DeprecationWarning: The `punycode` module is deprecated. Please use a userland alternative instead.
Build for Windows	Build the mod	2026-04-09T00:58:54.4487592Z (Use `node --trace-deprecation ...` to show where the warning was created)
Build for Windows	Build the mod	2026-04-09T00:58:54.5139176Z ##[group]Install sccache
Build for Windows	Build the mod	2026-04-09T00:58:54.5930802Z [command]"C:\Program Files\Git\bin\sh.exe" -xc "curl -L 'https://github.com/mozilla/sccache/releases/download/v0.10.0/sccache-v0.10.0-x86_64-pc-windows-msvc.tar.gz' | tar xzf - -O --wildcards '*/sccache.exe' > 'C:\Users\runneradmin\.cargo\bin\sccache.exe'"
Build for Windows	Build the mod	2026-04-09T00:58:54.6453605Z + curl -L https://github.com/mozilla/sccache/releases/download/v0.10.0/sccache-v0.10.0-x86_64-pc-windows-msvc.tar.gz
Build for Windows	Build the mod	2026-04-09T00:58:54.6568658Z + tar xzf - -O --wildcards '*/sccache.exe'
Build for Windows	Build the mod	2026-04-09T00:58:54.6934134Z   % Total    % Received % Xferd  Average Speed  Time    Time    Time   Current
Build for Windows	Build the mod	2026-04-09T00:58:54.6938981Z                                  Dload  Upload  Total   Spent   Left   Speed
Build for Windows	Build the mod	2026-04-09T00:58:54.6939414Z 
Build for Windows	Build the mod	2026-04-09T00:58:54.8151916Z   0      0   0      0   0      0      0      0                              0
Build for Windows	Build the mod	2026-04-09T00:58:54.8154085Z   0      0   0      0   0      0      0      0                              0
Build for Windows	Build the mod	2026-04-09T00:58:54.8154847Z   0      0   0      0   0      0      0      0                              0
Build for Windows	Build the mod	2026-04-09T00:58:54.8160040Z 
Build for Windows	Build the mod	2026-04-09T00:58:55.9004570Z   0      0   0      0   0      0      0      0                              0
Build for Windows	Build the mod	2026-04-09T00:58:57.1224334Z  41  7.50M  41  3.09M   0      0  2.54M      0   00:02   00:01   00:01  2.85M
Build for Windows	Build the mod	2026-04-09T00:58:57.6603316Z  82  7.50M  82  6.18M   0      0  2.54M      0   00:02   00:02          2.68M
Build for Windows	Build the mod	2026-04-09T00:58:57.6604269Z 100  7.50M 100  7.50M   0      0  2.52M      0   00:02   00:02          2.68M
Build for Windows	Build the mod	2026-04-09T00:58:57.6605290Z 100  7.50M 100  7.50M   0      0  2.52M      0   00:02   00:02          2.68M
Build for Windows	Build the mod	2026-04-09T00:58:57.6606006Z 100  7.50M 100  7.50M   0      0  2.52M      0   00:02   00:02          2.68M
Build for Windows	Build the mod	2026-04-09T00:58:57.8280663Z [command]"C:\Program Files\Git\bin\sh.exe" -xc "chmod +x 'C:\Users\runneradmin\.cargo\bin\sccache.exe'"
Build for Windows	Build the mod	2026-04-09T00:58:57.8598012Z + chmod +x 'C:\Users\runneradmin\.cargo\bin\sccache.exe'
Build for Windows	Build the mod	2026-04-09T00:58:57.9338636Z C:\Users\runneradmin\.cargo\bin\sccache.exe
Build for Windows	Build the mod	2026-04-09T00:58:57.9925047Z ##[endgroup]
Build for Windows	Build the mod	2026-04-09T00:58:57.9925405Z ##[group]Restore cache
Build for Windows	Build the mod	2026-04-09T00:58:58.2110738Z Cache hit for restore-key: sccache-win-v1-2026-04-09T00:36:01.239Z
Build for Windows	Build the mod	2026-04-09T00:58:58.2174424Z (node:6832) [DEP0169] DeprecationWarning: `url.parse()` behavior is not standardized and prone to errors that have security implications. Use the WHATWG URL API instead. CVEs are not issued for `url.parse()` vulnerabilities.
Build for Windows	Build the mod	2026-04-09T00:58:59.3141706Z Received 134217728 of 802577250 (16.7%), 127.9 MBs/sec
Build for Windows	Build the mod	2026-04-09T00:59:00.3195767Z Received 327155712 of 802577250 (40.8%), 155.5 MBs/sec
Build for Windows	Build the mod	2026-04-09T00:59:01.3324604Z Received 524288000 of 802577250 (65.3%), 165.6 MBs/sec
Build for Windows	Build the mod	2026-04-09T00:59:02.3349825Z Received 675282944 of 802577250 (84.1%), 160.2 MBs/sec
Build for Windows	Build the mod	2026-04-09T00:59:02.9722577Z Received 802577250 of 802577250 (100.0%), 164.3 MBs/sec
Build for Windows	Build the mod	2026-04-09T00:59:02.9762015Z Cache Size: ~765 MB (802577250 B)
Build for Windows	Build the mod	2026-04-09T00:59:02.9819023Z [command]"C:\Program Files\Git\usr\bin\tar.exe" -xf D:/a/_temp/d860b293-77d0-4d2e-8a8d-39b152e1fdb2/cache.tzst -P -C D:/a/Devious-Editor-classic-Remastered/Devious-Editor-classic-Remastered --force-local --use-compress-program "zstd -d"
Build for Windows	Build the mod	2026-04-09T00:59:11.2347078Z Cache restored successfully
Build for Windows	Build the mod	2026-04-09T00:59:11.3014569Z Restored from cache key "sccache-win-v1-2026-04-09T00:36:01.239Z".
Build for Windows	Build the mod	2026-04-09T00:59:11.3015809Z ##[endgroup]
Build for Windows	Build the mod	2026-04-09T00:59:11.3016335Z ##[group]Configure sccache, win32
Build for Windows	Build the mod	2026-04-09T00:59:11.3636892Z [command]"C:\Program Files\Git\bin\sh.exe" -xc "env SCCACHE_IDLE_TIMEOUT=0 SCCACHE_DIR='D:\a\Devious-Editor-classic-Remastered\Devious-Editor-classic-Remastered\.sccache' SCCACHE_CACHE_SIZE='500MB' sccache --start-server"
Build for Windows	Build the mod	2026-04-09T00:59:11.3962382Z + env SCCACHE_IDLE_TIMEOUT=0 'SCCACHE_DIR=D:\a\Devious-Editor-classic-Remastered\Devious-Editor-classic-Remastered\.sccache' SCCACHE_CACHE_SIZE=500MB sccache --start-server
Build for Windows	Build the mod	2026-04-09T00:59:11.4371961Z sccache: Starting the server...
Build for Windows	Build the mod	2026-04-09T00:59:11.4612284Z sccache: Listening on address 127.0.0.1:4226
Build for Windows	Build the mod	2026-04-09T00:59:11.5274772Z [command]"C:\Program Files\Git\bin\sh.exe" -xc "sccache -z"
Build for Windows	Build the mod	2026-04-09T00:59:11.5579510Z + sccache -z
Build for Windows	Build the mod	2026-04-09T00:59:11.5734452Z Statistics zeroed.
Build for Windows	Build the mod	2026-04-09T00:59:11.5796306Z ##[endgroup]
Build for Windows	Build the mod	2026-04-09T00:59:11.7558704Z ##[group]Run actions/cache@v4
Build for Windows	Build the mod	2026-04-09T00:59:11.7558933Z with:
Build for Windows	Build the mod	2026-04-09T00:59:11.7559262Z   path: D:\a\Devious-Editor-classic-Remastered\Devious-Editor-classic-Remastered/cpm-cache
Build for Windows	Build the mod	2026-04-09T00:59:11.7560035Z   key: cpm-win-v1-56f97f802f1829f350fb0e50e277f6d2b30592c327c939340b9ae41daf0705fa
Build for Windows	Build the mod	2026-04-09T00:59:11.7560448Z   restore-keys: cpm-win-v1-
Build for Windows	Build the mod	
Build for Windows	Build the mod	2026-04-09T00:59:11.7560668Z   enableCrossOsArchive: false
Build for Windows	Build the mod	2026-04-09T00:59:11.7560874Z   fail-on-cache-miss: false
Build for Windows	Build the mod	2026-04-09T00:59:11.7561087Z   lookup-only: false
Build for Windows	Build the mod	2026-04-09T00:59:11.7561259Z   save-always: false
Build for Windows	Build the mod	2026-04-09T00:59:11.7561425Z env:
Build for Windows	Build the mod	2026-04-09T00:59:11.7561601Z   FORCE_JAVASCRIPT_ACTIONS_TO_NODE24: true
Build for Windows	Build the mod	2026-04-09T00:59:11.7561832Z ##[endgroup]
Build for Windows	Build the mod	2026-04-09T00:59:11.8812465Z (node:5300) [DEP0040] DeprecationWarning: The `punycode` module is deprecated. Please use a userland alternative instead.
Build for Windows	Build the mod	2026-04-09T00:59:11.8813134Z (Use `node --trace-deprecation ...` to show where the warning was created)
Build for Windows	Build the mod	2026-04-09T00:59:12.0711671Z Cache hit for: cpm-win-v1-56f97f802f1829f350fb0e50e277f6d2b30592c327c939340b9ae41daf0705fa
Build for Windows	Build the mod	2026-04-09T00:59:12.0824790Z (node:5300) [DEP0169] DeprecationWarning: `url.parse()` behavior is not standardized and prone to errors that have security implications. Use the WHATWG URL API instead. CVEs are not issued for `url.parse()` vulnerabilities.
Build for Windows	Build the mod	2026-04-09T00:59:12.5730199Z Received 5698283 of 5698283 (100.0%), 14.6 MBs/sec
Build for Windows	Build the mod	2026-04-09T00:59:12.5732183Z Cache Size: ~5 MB (5698283 B)
Build for Windows	Build the mod	2026-04-09T00:59:12.5755514Z [command]"C:\Program Files\Git\usr\bin\tar.exe" -xf D:/a/_temp/6d545d64-e62c-44b9-afc6-2f5684422d0d/cache.tzst -P -C D:/a/Devious-Editor-classic-Remastered/Devious-Editor-classic-Remastered --force-local --use-compress-program "zstd -d"
Build for Windows	Build the mod	2026-04-09T00:59:12.8073205Z Cache restored successfully
Build for Windows	Build the mod	2026-04-09T00:59:12.8182717Z Cache restored from key: cpm-win-v1-56f97f802f1829f350fb0e50e277f6d2b30592c327c939340b9ae41daf0705fa
Build for Windows	Build the mod	2026-04-09T00:59:12.8417201Z ##[group]Run curl -L https://github.com/ninja-build/ninja/releases/latest/download/ninja-win.zip -o ninja.zip
Build for Windows	Build the mod	2026-04-09T00:59:12.8417895Z [36;1mcurl -L https://github.com/ninja-build/ninja/releases/latest/download/ninja-win.zip -o ninja.zip[0m
Build for Windows	Build the mod	2026-04-09T00:59:12.8418364Z [36;1m7z x ninja.zip -o"$GITHUB_WORKSPACE/ninja"[0m
Build for Windows	Build the mod	2026-04-09T00:59:12.8418667Z [36;1mecho "$GITHUB_WORKSPACE/ninja" >> $GITHUB_PATH[0m
Build for Windows	Build the mod	2026-04-09T00:59:12.8432183Z shell: C:\Program Files\Git\bin\bash.EXE --noprofile --norc -e -o pipefail {0}
Build for Windows	Build the mod	2026-04-09T00:59:12.8432536Z env:
Build for Windows	Build the mod	2026-04-09T00:59:12.8432718Z   FORCE_JAVASCRIPT_ACTIONS_TO_NODE24: true
Build for Windows	Build the mod	2026-04-09T00:59:12.8433627Z ##[endgroup]
Build for Windows	Build the mod	2026-04-09T00:59:12.8994012Z   % Total    % Received % Xferd  Average Speed  Time    Time    Time   Current
Build for Windows	Build the mod	2026-04-09T00:59:12.8994765Z                                  Dload  Upload  Total   Spent   Left   Speed
Build for Windows	Build the mod	2026-04-09T00:59:12.8995109Z 
Build for Windows	Build the mod	2026-04-09T00:59:13.0182418Z   0      0   0      0   0      0      0      0                              0
Build for Windows	Build the mod	2026-04-09T00:59:13.0183478Z   0      0   0      0   0      0      0      0                              0
Build for Windows	Build the mod	2026-04-09T00:59:13.0184654Z   0      0   0      0   0      0      0      0                              0
Build for Windows	Build the mod	2026-04-09T00:59:13.0185078Z 
Build for Windows	Build the mod	2026-04-09T00:59:13.0966346Z   0      0   0      0   0      0      0      0                              0
Build for Windows	Build the mod	2026-04-09T00:59:13.0967551Z   0      0   0      0   0      0      0      0                              0
Build for Windows	Build the mod	2026-04-09T00:59:13.0968823Z   0      0   0      0   0      0      0      0                              0
Build for Windows	Build the mod	2026-04-09T00:59:13.0975963Z 
Build for Windows	Build the mod	2026-04-09T00:59:13.1630358Z   0      0   0      0   0      0      0      0                              0
Build for Windows	Build the mod	2026-04-09T00:59:13.1631491Z 100 284.7k 100 284.7k   0      0  1.04M      0                              0
Build for Windows	Build the mod	2026-04-09T00:59:13.1633386Z 100 284.7k 100 284.7k   0      0  1.04M      0                              0
Build for Windows	Build the mod	2026-04-09T00:59:13.1634067Z 100 284.7k 100 284.7k   0      0  1.04M      0                              0
Build for Windows	Build the mod	2026-04-09T00:59:13.3337261Z 
Build for Windows	Build the mod	2026-04-09T00:59:13.3338314Z 7-Zip 26.00 (x64) : Copyright (c) 1999-2026 Igor Pavlov : 2026-02-12
Build for Windows	Build the mod	2026-04-09T00:59:13.3338677Z 
Build for Windows	Build the mod	2026-04-09T00:59:13.3338764Z Scanning the drive for archives:
Build for Windows	Build the mod	2026-04-09T00:59:13.3339004Z 1 file, 291570 bytes (285 KiB)
Build for Windows	Build the mod	2026-04-09T00:59:13.3339152Z 
Build for Windows	Build the mod	2026-04-09T00:59:13.3339231Z Extracting archive: ninja.zip
Build for Windows	Build the mod	2026-04-09T00:59:13.3517703Z --
Build for Windows	Build the mod	2026-04-09T00:59:13.3518083Z Path = ninja.zip
Build for Windows	Build the mod	2026-04-09T00:59:13.3518325Z Type = zip
Build for Windows	Build the mod	2026-04-09T00:59:13.3518524Z Physical Size = 291570
Build for Windows	Build the mod	2026-04-09T00:59:13.3518673Z 
Build for Windows	Build the mod	2026-04-09T00:59:13.3554340Z Everything is Ok
Build for Windows	Build the mod	2026-04-09T00:59:13.3554621Z 
Build for Windows	Build the mod	2026-04-09T00:59:13.3554789Z Size:       603648
Build for Windows	Build the mod	2026-04-09T00:59:13.3555091Z Compressed: 291570
Build for Windows	Build the mod	2026-04-09T00:59:13.3827413Z ##[group]Run geode-sdk/cli/.github/actions/setup@main
Build for Windows	Build the mod	2026-04-09T00:59:13.3827693Z with:
Build for Windows	Build the mod	2026-04-09T00:59:13.3827854Z   version: latest
Build for Windows	Build the mod	2026-04-09T00:59:13.3828008Z env:
Build for Windows	Build the mod	2026-04-09T00:59:13.3828198Z   FORCE_JAVASCRIPT_ACTIONS_TO_NODE24: true
Build for Windows	Build the mod	2026-04-09T00:59:13.3828423Z ##[endgroup]
Build for Windows	Build the mod	2026-04-09T00:59:13.3939372Z ##[group]Run if [ "$RUNNER_OS" = "Linux" ]; then
Build for Windows	Build the mod	2026-04-09T00:59:13.3939677Z [36;1mif [ "$RUNNER_OS" = "Linux" ]; then[0m
Build for Windows	Build the mod	2026-04-09T00:59:13.3939934Z [36;1m  echo "host=linux" >> $GITHUB_OUTPUT[0m
Build for Windows	Build the mod	2026-04-09T00:59:13.3940215Z [36;1melif [ "$RUNNER_OS" = "Windows" ]; then[0m
Build for Windows	Build the mod	2026-04-09T00:59:13.3940486Z [36;1m  echo "host=win" >> $GITHUB_OUTPUT[0m
Build for Windows	Build the mod	2026-04-09T00:59:13.3940744Z [36;1melif [ "$RUNNER_OS" = "macOS" ]; then[0m
Build for Windows	Build the mod	2026-04-09T00:59:13.3940996Z [36;1m  echo "host=mac" >> $GITHUB_OUTPUT[0m
Build for Windows	Build the mod	2026-04-09T00:59:13.3941233Z [36;1mfi[0m
Build for Windows	Build the mod	2026-04-09T00:59:13.3955140Z shell: C:\Program Files\Git\bin\bash.EXE --noprofile --norc -e -o pipefail {0}
Build for Windows	Build the mod	2026-04-09T00:59:13.3955499Z env:
Build for Windows	Build the mod	2026-04-09T00:59:13.3955679Z   FORCE_JAVASCRIPT_ACTIONS_TO_NODE24: true
Build for Windows	Build the mod	2026-04-09T00:59:13.3955911Z ##[endgroup]
Build for Windows	Build the mod	2026-04-09T00:59:13.4472569Z ##[group]Run robinraju/release-downloader@v1.10
Build for Windows	Build the mod	2026-04-09T00:59:13.4472846Z with:
Build for Windows	Build the mod	2026-04-09T00:59:13.4473010Z   repository: geode-sdk/cli
Build for Windows	Build the mod	2026-04-09T00:59:13.4473205Z   latest: true
Build for Windows	Build the mod	2026-04-09T00:59:13.4473369Z   fileName: *-win.zip
Build for Windows	Build the mod	2026-04-09T00:59:13.4473536Z   tarBall: false
Build for Windows	Build the mod	2026-04-09T00:59:13.4473691Z   zipBall: false
Build for Windows	Build the mod	2026-04-09T00:59:13.4473860Z   out-file-path: my-epic-geode-cli
Build for Windows	Build the mod	2026-04-09T00:59:13.4474079Z   preRelease: false
Build for Windows	Build the mod	2026-04-09T00:59:13.4474240Z   extract: false
Build for Windows	Build the mod	2026-04-09T00:59:13.4474499Z   token: ***
Build for Windows	Build the mod	2026-04-09T00:59:13.4474685Z   github-api-url: https://api.github.com
Build for Windows	Build the mod	2026-04-09T00:59:13.4474917Z env:
Build for Windows	Build the mod	2026-04-09T00:59:13.4475072Z   FORCE_JAVASCRIPT_ACTIONS_TO_NODE24: true
Build for Windows	Build the mod	2026-04-09T00:59:13.4475486Z ##[endgroup]
Build for Windows	Build the mod	2026-04-09T00:59:13.5426970Z Fetching latest release for repo geode-sdk/cli
Build for Windows	Build the mod	2026-04-09T00:59:13.5594279Z (node:4008) [DEP0169] DeprecationWarning: `url.parse()` behavior is not standardized and prone to errors that have security implications. Use the WHATWG URL API instead. CVEs are not issued for `url.parse()` vulnerabilities.
Build for Windows	Build the mod	2026-04-09T00:59:13.5595591Z (Use `node --trace-deprecation ...` to show where the warning was created)
Build for Windows	Build the mod	2026-04-09T00:59:13.7367114Z Found latest release version: v3.7.4
Build for Windows	Build the mod	2026-04-09T00:59:13.7374710Z Downloading file: geode-cli-v3.7.4-win.zip to: D:\a\Devious-Editor-classic-Remastered\Devious-Editor-classic-Remastered\my-epic-geode-cli
Build for Windows	Build the mod	2026-04-09T00:59:14.0338660Z Done: D:\a\Devious-Editor-classic-Remastered\Devious-Editor-classic-Remastered\my-epic-geode-cli\geode-cli-v3.7.4-win.zip
Build for Windows	Build the mod	2026-04-09T00:59:14.0607428Z ##[group]Run 7z x "my-epic-geode-cli/*-win.zip" -omy-epic-geode-cli
Build for Windows	Build the mod	2026-04-09T00:59:14.0607865Z [36;1m7z x "my-epic-geode-cli/*-win.zip" -omy-epic-geode-cli[0m
Build for Windows	Build the mod	2026-04-09T00:59:14.0608203Z [36;1mchmod +x my-epic-geode-cli/geode[0m
Build for Windows	Build the mod	2026-04-09T00:59:14.0608532Z [36;1mecho "$GITHUB_WORKSPACE/my-epic-geode-cli" >> $GITHUB_PATH[0m
Build for Windows	Build the mod	2026-04-09T00:59:14.0621667Z shell: C:\Program Files\Git\bin\bash.EXE --noprofile --norc -e -o pipefail {0}
Build for Windows	Build the mod	2026-04-09T00:59:14.0622041Z env:
Build for Windows	Build the mod	2026-04-09T00:59:14.0622221Z   FORCE_JAVASCRIPT_ACTIONS_TO_NODE24: true
Build for Windows	Build the mod	2026-04-09T00:59:14.0622455Z ##[endgroup]
Build for Windows	Build the mod	2026-04-09T00:59:14.1475391Z 
Build for Windows	Build the mod	2026-04-09T00:59:14.1475948Z 7-Zip 26.00 (x64) : Copyright (c) 1999-2026 Igor Pavlov : 2026-02-12
Build for Windows	Build the mod	2026-04-09T00:59:14.1476243Z 
Build for Windows	Build the mod	2026-04-09T00:59:14.1476339Z Scanning the drive for archives:
Build for Windows	Build the mod	2026-04-09T00:59:14.1476560Z 1 file, 11925441 bytes (12 MiB)
Build for Windows	Build the mod	2026-04-09T00:59:14.1476695Z 
Build for Windows	Build the mod	2026-04-09T00:59:14.1476852Z Extracting archive: my-epic-geode-cli\geode-cli-v3.7.4-win.zip
Build for Windows	Build the mod	2026-04-09T00:59:14.3351427Z --
Build for Windows	Build the mod	2026-04-09T00:59:14.3351793Z Path = my-epic-geode-cli\geode-cli-v3.7.4-win.zip
Build for Windows	Build the mod	2026-04-09T00:59:14.3352152Z Type = zip
Build for Windows	Build the mod	2026-04-09T00:59:14.3352340Z Physical Size = 11925441
Build for Windows	Build the mod	2026-04-09T00:59:14.3352534Z 
Build for Windows	Build the mod	2026-04-09T00:59:14.3356036Z Everything is Ok
Build for Windows	Build the mod	2026-04-09T00:59:14.3356299Z 
Build for Windows	Build the mod	2026-04-09T00:59:14.3356428Z Size:       32337756
Build for Windows	Build the mod	2026-04-09T00:59:14.3356785Z Compressed: 11925441
Build for Windows	Build the mod	2026-04-09T00:59:14.3767348Z ##[group]Run export CLI_PROFILE="D:\a\Devious-Editor-classic-Remastered\Devious-Editor-classic-Remastered/cli-profile"
Build for Windows	Build the mod	2026-04-09T00:59:14.3768185Z [36;1mexport CLI_PROFILE="D:\a\Devious-Editor-classic-Remastered\Devious-Editor-classic-Remastered/cli-profile"[0m
Build for Windows	Build the mod	2026-04-09T00:59:14.3768671Z [36;1m# for windows[0m
Build for Windows	Build the mod	2026-04-09T00:59:14.3768889Z [36;1mmkdir -p "$CLI_PROFILE/geode/mods"[0m
Build for Windows	Build the mod	2026-04-09T00:59:14.3769121Z [36;1m# for mac[0m
Build for Windows	Build the mod	2026-04-09T00:59:14.3769344Z [36;1mmkdir -p "$CLI_PROFILE/Contents/geode/mods"[0m
Build for Windows	Build the mod	2026-04-09T00:59:14.3769723Z [36;1mgeode profile add --name GithubActions "$CLI_PROFILE/GeometryDash.exe" win[0m
Build for Windows	Build the mod	2026-04-09T00:59:14.3770068Z [36;1m[0m
Build for Windows	Build the mod	2026-04-09T00:59:14.3770490Z [36;1mgeode sdk install "D:\a\Devious-Editor-classic-Remastered\Devious-Editor-classic-Remastered/geode-sdk-clone"[0m
Build for Windows	Build the mod	2026-04-09T00:59:14.3770966Z [36;1m[0m
Build for Windows	Build the mod	2026-04-09T00:59:14.3771154Z [36;1m# silly github actions wont refresh the env[0m
Build for Windows	Build the mod	2026-04-09T00:59:14.3771651Z [36;1mexport GEODE_SDK="D:\a\Devious-Editor-classic-Remastered\Devious-Editor-classic-Remastered/geode-sdk-clone"[0m
Build for Windows	Build the mod	2026-04-09T00:59:14.3772160Z [36;1mecho "GEODE_SDK=$GEODE_SDK" >> $GITHUB_ENV[0m
Build for Windows	Build the mod	2026-04-09T00:59:14.3772391Z [36;1m[0m
Build for Windows	Build the mod	2026-04-09T00:59:14.3772558Z [36;1mif [ "given" == "nightly" ]; then[0m
Build for Windows	Build the mod	2026-04-09T00:59:14.3772790Z [36;1m  geode sdk update nightly[0m
Build for Windows	Build the mod	2026-04-09T00:59:14.3773048Z [36;1m  geode sdk install-binaries --platform win[0m
Build for Windows	Build the mod	2026-04-09T00:59:14.3773309Z [36;1melif [ "given" == "latest" ]; then[0m
Build for Windows	Build the mod	2026-04-09T00:59:14.3773542Z [36;1m  geode sdk update stable[0m
Build for Windows	Build the mod	2026-04-09T00:59:14.3773788Z [36;1m  geode sdk install-binaries --platform win[0m
Build for Windows	Build the mod	2026-04-09T00:59:14.3774186Z [36;1melif [ "given" == "given" ]; then[0m
Build for Windows	Build the mod	2026-04-09T00:59:14.3774640Z [36;1m  export MOD_JSON_PATH=$(find . -name "mod.json" -not -path "./geode-sdk-clone/*" -print | sort -r | head -n 1)[0m
Build for Windows	Build the mod	2026-04-09T00:59:14.3775165Z [36;1m  export TARGET_GEODE_VERSION=$(jq -r '.geode' $MOD_JSON_PATH)[0m
Build for Windows	Build the mod	2026-04-09T00:59:14.3775585Z [36;1m  echo "Updating to version $TARGET_GEODE_VERSION from $MOD_JSON_PATH"[0m
Build for Windows	Build the mod	2026-04-09T00:59:14.3777149Z [36;1m  geode sdk update "$TARGET_GEODE_VERSION"[0m
Build for Windows	Build the mod	2026-04-09T00:59:14.3777590Z [36;1m  geode sdk install-binaries --platform win --version "$TARGET_GEODE_VERSION"[0m
Build for Windows	Build the mod	2026-04-09T00:59:14.3777941Z [36;1melse[0m
Build for Windows	Build the mod	2026-04-09T00:59:14.3778099Z [36;1m  geode sdk update given[0m
Build for Windows	Build the mod	2026-04-09T00:59:14.3778347Z [36;1m  geode sdk install-binaries --platform win[0m
Build for Windows	Build the mod	2026-04-09T00:59:14.3778582Z [36;1mfi[0m
Build for Windows	Build the mod	2026-04-09T00:59:14.3778723Z [36;1m[0m
Build for Windows	Build the mod	2026-04-09T00:59:14.3779119Z [36;1mexport CPM_CACHE="D:\a\Devious-Editor-classic-Remastered\Devious-Editor-classic-Remastered/cpm-cache"[0m
Build for Windows	Build the mod	2026-04-09T00:59:14.3779636Z [36;1mecho "CPM_SOURCE_CACHE=$CPM_CACHE" >> $GITHUB_ENV[0m
Build for Windows	Build the mod	2026-04-09T00:59:14.3792990Z shell: C:\Program Files\Git\bin\bash.EXE --noprofile --norc -e -o pipefail {0}
Build for Windows	Build the mod	2026-04-09T00:59:14.3793348Z env:
Build for Windows	Build the mod	2026-04-09T00:59:14.3793531Z   FORCE_JAVASCRIPT_ACTIONS_TO_NODE24: true
Build for Windows	Build the mod	2026-04-09T00:59:14.3793775Z ##[endgroup]
Build for Windows	Build the mod	2026-04-09T00:59:14.5061982Z | Done | A new profile named 'GithubActions' has been created
Build for Windows	Build the mod	2026-04-09T00:59:14.5329076Z | Info | Downloading SDK
Build for Windows	Build the mod	2026-04-09T00:59:14.7962454Z | Info | Enumerating objects: 58645, done.
Build for Windows	Build the mod	2026-04-09T00:59:14.7963047Z | Info | Counting objects:   0% (1/472)
Build for Windows	Build the mod	2026-04-09T00:59:14.7963479Z | Info | Counting objects:   1% (5/472)
Build for Windows	Build the mod	2026-04-09T00:59:14.7963915Z | Info | Counting objects:   2% (10/472)
Build for Windows	Build the mod	2026-04-09T00:59:14.7964328Z | Info | Counting objects:   3% (15/472)
Build for Windows	Build the mod	2026-04-09T00:59:14.7964747Z | Info | Counting objects:   4% (19/472)
Build for Windows	Build the mod	2026-04-09T00:59:14.7965150Z | Info | Counting objects:   5% (24/472)
Build for Windows	Build the mod	2026-04-09T00:59:14.7965597Z | Info | Counting objects:   6% (29/472)
Build for Windows	Build the mod	2026-04-09T00:59:14.7965986Z | Info | Counting objects:   7% (34/472)
Build for Windows	Build the mod	2026-04-09T00:59:14.7966407Z | Info | Counting objects:   8% (38/472)
Build for Windows	Build the mod	2026-04-09T00:59:14.7966815Z | Info | Counting objects:   9% (43/472)
Build for Windows	Build the mod	2026-04-09T00:59:14.7967230Z Counting objects:  10% (48/472)
Build for Windows	Build the mod	2026-04-09T00:59:14.7967639Z | Info | Counting objects:  11% (52/472)
Build for Windows	Build the mod	2026-04-09T00:59:14.7968086Z | Info | Counting objects:  12% (57/472)
Build for Windows	Build the mod	2026-04-09T00:59:14.7968507Z Counting objects:  13% (62/472)
Build for Windows	Build the mod	2026-04-09T00:59:14.7968876Z | Info | Counting objects:  14% (67/472)
Build for Windows	Build the mod	2026-04-09T00:59:14.7969275Z | Info | Counting objects:  15% (71/472)
Build for Windows	Build the mod	2026-04-09T00:59:14.7969665Z Counting objects:  16% (76/472)
Build for Windows	Build the mod	2026-04-09T00:59:14.7970047Z | Info | Counting objects:  17% (81/472)
Build for Windows	Build the mod	2026-04-09T00:59:14.7970382Z | Info | Counting objects:  18% (85/472)
Build for Windows	Build the mod	2026-04-09T00:59:14.7970641Z | Info | Counting objects:  19% (90/472)
Build for Windows	Build the mod	2026-04-09T00:59:14.7970897Z Counting objects:  20% (95/472)
Build for Windows	Build the mod	2026-04-09T00:59:14.7971163Z | Info | Counting objects:  21% (100/472)
Build for Windows	Build the mod	2026-04-09T00:59:14.7971437Z | Info | Counting objects:  22% (104/472)
Build for Windows	Build the mod	2026-04-09T00:59:14.7971712Z | Info | Counting objects:  23% (109/472)
Build for Windows	Build the mod	2026-04-09T00:59:14.7971981Z Counting objects:  24% (114/472)
Build for Windows	Build the mod	2026-04-09T00:59:14.7972233Z | Info | Counting objects:  25% (118/472)
Build for Windows	Build the mod	2026-04-09T00:59:14.7972495Z Counting objects:  26% (123/472)
Build for Windows	Build the mod	2026-04-09T00:59:14.7972741Z | Info | Counting objects:  27% (128/472)
Build for Windows	Build the mod	2026-04-09T00:59:14.7973005Z | Info | Counting objects:  28% (133/472)
Build for Windows	Build the mod	2026-04-09T00:59:14.7973268Z Counting objects:  29% (137/472)
Build for Windows	Build the mod	2026-04-09T00:59:14.7973514Z | Info | Counting objects:  30% (142/472)
Build for Windows	Build the mod	2026-04-09T00:59:14.7973778Z | Info | Counting objects:  31% (147/472)
Build for Windows	Build the mod	2026-04-09T00:59:14.7974037Z | Info | Counting objects:  32% (152/472)
Build for Windows	Build the mod	2026-04-09T00:59:14.7974303Z | Info | Counting objects:  33% (156/472)
Build for Windows	Build the mod	2026-04-09T00:59:14.7974559Z Counting objects:  34% (161/472)
Build for Windows	Build the mod	2026-04-09T00:59:14.7974807Z | Info | Counting objects:  35% (166/472)
Build for Windows	Build the mod	2026-04-09T00:59:14.7975379Z | Info | Counting objects:  36% (170/472)
Build for Windows	Build the mod	2026-04-09T00:59:14.7975653Z | Info | Counting objects:  37% (175/472)
Build for Windows	Build the mod	2026-04-09T00:59:14.7975928Z | Info | Counting objects:  38% (180/472)
Build for Windows	Build the mod	2026-04-09T00:59:14.7976194Z | Info | Counting objects:  39% (185/472)
Build for Windows	Build the mod	2026-04-09T00:59:14.7976466Z | Info | Counting objects:  40% (189/472)
Build for Windows	Build the mod	2026-04-09T00:59:14.7976873Z | Info | Counting objects:  41% (194/472)
Build for Windows	Build the mod	2026-04-09T00:59:14.7977149Z | Info | Counting objects:  42% (199/472)
Build for Windows	Build the mod	2026-04-09T00:59:14.7977418Z | Info | Counting objects:  43% (203/472)
Build for Windows	Build the mod	2026-04-09T00:59:14.7977733Z | Info | Counting objects:  44% (208/472)
Build for Windows	Build the mod	2026-04-09T00:59:14.7978383Z Counting objects:  45% (213/472)
Build for Windows	Build the mod	2026-04-09T00:59:14.7978637Z | Info | Counting objects:  46% (218/472)
Build for Windows	Build the mod	2026-04-09T00:59:14.7978910Z | Info | Counting objects:  47% (222/472)
Build for Windows	Build the mod	2026-04-09T00:59:14.7979172Z Counting objects:  48% (227/472)
Build for Windows	Build the mod	2026-04-09T00:59:14.7979486Z | Info | Counting objects:  49% (232/472)
Build for Windows	Build the mod	2026-04-09T00:59:14.7979748Z Counting objects:  50% (236/472)
Build for Windows	Build the mod	2026-04-09T00:59:14.7980001Z | Info | Counting objects:  51% (241/472)
Build for Windows	Build the mod	2026-04-09T00:59:14.7980400Z | Info | Counting objects:  52% (246/472)
Build for Windows	Build the mod	2026-04-09T00:59:14.7980757Z | Info | Counting objects:  53% (251/472)
Build for Windows	Build the mod	2026-04-09T00:59:14.7981020Z | Info | Counting objects:  54% (255/472)
Build for Windows	Build the mod	2026-04-09T00:59:14.7981303Z Counting objects:  55% (260/472)
Build for Windows	Build the mod	2026-04-09T00:59:14.7981708Z | Info | Counting objects:  56% (265/472)
Build for Windows	Build the mod	2026-04-09T00:59:14.7982048Z | Info | Counting objects:  57% (270/472)
Build for Windows	Build the mod	2026-04-09T00:59:14.7982511Z | Info | Counting objects:  58% (274/472)
Build for Windows	Build the mod	2026-04-09T00:59:14.7982957Z Counting objects:  59% (279/472)
Build for Windows	Build the mod	2026-04-09T00:59:14.7983311Z | Info | Counting objects:  60% (284/472)
Build for Windows	Build the mod	2026-04-09T00:59:14.7983566Z Counting objects:  61% (288/472)
Build for Windows	Build the mod	2026-04-09T00:59:14.7983948Z | Info | Counting objects:  62% (293/472)
Build for Windows	Build the mod	2026-04-09T00:59:14.7984211Z Counting objects:  63% (298/472)
Build for Windows	Build the mod	2026-04-09T00:59:14.7984552Z | Info | Counting objects:  64% (303/472)
Build for Windows	Build the mod	2026-04-09T00:59:14.7984830Z Counting objects:  65% (307/472)
Build for Windows	Build the mod	2026-04-09T00:59:14.7985077Z | Info | Counting objects:  66% (312/472)
Build for Windows	Build the mod	2026-04-09T00:59:14.7985679Z | Info | Counting objects:  67% (317/472)
Build for Windows	Build the mod	2026-04-09T00:59:14.7986088Z Counting objects:  68% (321/472)
Build for Windows	Build the mod	2026-04-09T00:59:14.7986498Z | Info | Counting objects:  69% (326/472)
Build for Windows	Build the mod	2026-04-09T00:59:14.7986976Z | Info | Counting objects:  70% (331/472)
Build for Windows	Build the mod	2026-04-09T00:59:14.7987424Z Counting objects:  71% (336/472)
Build for Windows	Build the mod	2026-04-09T00:59:14.7987848Z | Info | Counting objects:  72% (340/472)
Build for Windows	Build the mod	2026-04-09T00:59:14.7988279Z Counting objects:  73% (345/472)
Build for Windows	Build the mod	2026-04-09T00:59:14.7988646Z | Info | Counting objects:  74% (350/472)
Build for Windows	Build the mod	2026-04-09T00:59:14.7988866Z Counting objects:  75% (354/472)
Build for Windows	Build the mod	2026-04-09T00:59:14.7989073Z | Info | Counting objects:  76% (359/472)
Build for Windows	Build the mod	2026-04-09T00:59:14.7989297Z | Info | Counting objects:  77% (364/472)
Build for Windows	Build the mod	2026-04-09T00:59:14.7989518Z Counting objects:  78% (369/472)
Build for Windows	Build the mod	2026-04-09T00:59:14.7989713Z | Info | Counting objects:  79% (373/472)
Build for Windows	Build the mod	2026-04-09T00:59:14.7989936Z Counting objects:  80% (378/472)
Build for Windows	Build the mod	2026-04-09T00:59:14.7990137Z | Info | Counting objects:  81% (383/472)
Build for Windows	Build the mod	2026-04-09T00:59:14.7990356Z | Info | Counting objects:  82% (388/472)
Build for Windows	Build the mod	2026-04-09T00:59:14.7990575Z Counting objects:  83% (392/472)
Build for Windows	Build the mod	2026-04-09T00:59:14.7990786Z | Info | Counting objects:  84% (397/472)
Build for Windows	Build the mod	2026-04-09T00:59:14.7991033Z | Info | Counting objects:  85% (402/472)
Build for Windows	Build the mod	2026-04-09T00:59:14.7991368Z Counting objects:  86% (406/472)
Build for Windows	Build the mod	2026-04-09T00:59:14.7991665Z | Info | Counting objects:  87% (411/472)
Build for Windows	Build the mod	2026-04-09T00:59:14.7991889Z Counting objects:  88% (416/472)
Build for Windows	Build the mod	2026-04-09T00:59:14.7992093Z | Info | Counting objects:  89% (421/472)
Build for Windows	Build the mod	2026-04-09T00:59:14.7992322Z | Info | Counting objects:  90% (425/472)
Build for Windows	Build the mod	2026-04-09T00:59:14.7992540Z Counting objects:  91% (430/472)
Build for Windows	Build the mod	2026-04-09T00:59:14.7992751Z | Info | Counting objects:  92% (435/472)
Build for Windows	Build the mod	2026-04-09T00:59:14.7992968Z Counting objects:  93% (439/472)
Build for Windows	Build the mod	2026-04-09T00:59:14.7993182Z | Info | Counting objects:  94% (444/472)
Build for Windows	Build the mod	2026-04-09T00:59:14.7994296Z | Info | Counting objects:  95% (449/472)
Build for Windows	Build the mod	2026-04-09T00:59:14.7994531Z Counting objects:  96% (454/472)
Build for Windows	Build the mod	2026-04-09T00:59:14.7994739Z | Info | Counting objects:  97% (458/472)
Build for Windows	Build the mod	2026-04-09T00:59:14.7994961Z Counting objects:  98% (463/472)
Build for Windows	Build the mod	2026-04-09T00:59:14.7995169Z | Info | Counting objects:  99% (468/472)
Build for Windows	Build the mod	2026-04-09T00:59:14.7995511Z | Info | Counting objects: 100% (472/472)
Build for Windows	Build the mod	2026-04-09T00:59:14.7995756Z | Info | Counting objects: 100% (472/472), done.
Build for Windows	Build the mod	2026-04-09T00:59:14.7996020Z | Info | Compressing objects:   0% (1/184)
Build for Windows	Build the mod	2026-04-09T00:59:14.7996250Z Compressing objects:   1% (2/184)
Build for Windows	Build the mod	2026-04-09T00:59:14.7996480Z | Info | Compressing objects:   2% (4/184)
Build for Windows	Build the mod	2026-04-09T00:59:14.7996727Z | Info | Compressing objects:   3% (6/184)
Build for Windows	Build the mod	2026-04-09T00:59:14.7996972Z | Info | Compressing objects:   4% (8/184)
Build for Windows	Build the mod	2026-04-09T00:59:14.7997209Z | Info | Compressing objects:   5% (10/184)
Build for Windows	Build the mod	2026-04-09T00:59:14.7997463Z | Info | Compressing objects:   6% (12/184)
Build for Windows	Build the mod	2026-04-09T00:59:14.7997693Z | Info | Compressing objects:   7% (13/184)
Build for Windows	Build the mod	2026-04-09T00:59:14.7997976Z | Info | Compressing objects:   8% (15/184)
Build for Windows	Build the mod	2026-04-09T00:59:14.7998526Z | Info | Compressing objects:   9% (17/184)
Build for Windows	Build the mod	2026-04-09T00:59:14.7998766Z | Info | Compressing objects:  10% (19/184)
Build for Windows	Build the mod	2026-04-09T00:59:14.7998995Z | Info | Compressing objects:  11% (21/184)
Build for Windows	Build the mod	2026-04-09T00:59:14.7999235Z | Info | Compressing objects:  12% (23/184)
Build for Windows	Build the mod	2026-04-09T00:59:14.7999462Z | Info | Compressing objects:  13% (24/184)
Build for Windows	Build the mod	2026-04-09T00:59:14.7999695Z | Info | Compressing objects:  14% (26/184)
Build for Windows	Build the mod	2026-04-09T00:59:14.7999923Z | Info | Compressing objects:  15% (28/184)
Build for Windows	Build the mod	2026-04-09T00:59:14.8000157Z | Info | Compressing objects:  16% (30/184)
Build for Windows	Build the mod	2026-04-09T00:59:14.8000388Z | Info | Compressing objects:  17% (32/184)
Build for Windows	Build the mod	2026-04-09T00:59:14.8000612Z | Info | Compressing objects:  18% (34/184)
Build for Windows	Build the mod	2026-04-09T00:59:14.8000830Z Compressing objects:  19% (35/184)
Build for Windows	Build the mod	2026-04-09T00:59:14.8001051Z | Info | Compressing objects:  20% (37/184)
Build for Windows	Build the mod	2026-04-09T00:59:14.8001279Z Compressing objects:  21% (39/184)
Build for Windows	Build the mod	2026-04-09T00:59:14.8001495Z | Info | Compressing objects:  22% (41/184)
Build for Windows	Build the mod	2026-04-09T00:59:14.8001728Z | Info | Compressing objects:  23% (43/184)
Build for Windows	Build the mod	2026-04-09T00:59:14.8001959Z | Info | Compressing objects:  24% (45/184)
Build for Windows	Build the mod	2026-04-09T00:59:14.8002179Z | Info | Compressing objects:  25% (46/184)
Build for Windows	Build the mod	2026-04-09T00:59:14.8002420Z | Info | Compressing objects:  26% (48/184)
Build for Windows	Build the mod	2026-04-09T00:59:14.8002649Z | Info | Compressing objects:  27% (50/184)
Build for Windows	Build the mod	2026-04-09T00:59:14.8002881Z | Info | Compressing objects:  28% (52/184)
Build for Windows	Build the mod	2026-04-09T00:59:14.8003111Z | Info | Compressing objects:  29% (54/184)
Build for Windows	Build the mod	2026-04-09T00:59:14.8003338Z | Info | Compressing objects:  30% (56/184)
Build for Windows	Build the mod	2026-04-09T00:59:14.8003560Z | Info | Compressing objects:  31% (58/184)
Build for Windows	Build the mod	2026-04-09T00:59:14.8003789Z | Info | Compressing objects:  32% (59/184)
Build for Windows	Build the mod	2026-04-09T00:59:14.8004029Z | Info | Compressing objects:  33% (61/184)
Build for Windows	Build the mod	2026-04-09T00:59:14.8004263Z | Info | Compressing objects:  34% (63/184)
Build for Windows	Build the mod	2026-04-09T00:59:14.8004510Z | Info | Compressing objects:  35% (65/184)
Build for Windows	Build the mod	2026-04-09T00:59:14.8004743Z | Info | Compressing objects:  36% (67/184)
Build for Windows	Build the mod	2026-04-09T00:59:14.8004967Z | Info | Compressing objects:  37% (69/184)
Build for Windows	Build the mod	2026-04-09T00:59:14.8005205Z | Info | Compressing objects:  38% (70/184)
Build for Windows	Build the mod	2026-04-09T00:59:14.8005439Z | Info | Compressing objects:  39% (72/184)
Build for Windows	Build the mod	2026-04-09T00:59:14.8005678Z | Info | Compressing objects:  40% (74/184)
Build for Windows	Build the mod	2026-04-09T00:59:14.8005917Z | Info | Compressing objects:  41% (76/184)
Build for Windows	Build the mod	2026-04-09T00:59:14.8006152Z | Info | Compressing objects:  42% (78/184)
Build for Windows	Build the mod	2026-04-09T00:59:14.8006374Z | Info | Compressing objects:  43% (80/184)
Build for Windows	Build the mod	2026-04-09T00:59:14.8006611Z | Info | Compressing objects:  44% (81/184)
Build for Windows	Build the mod	2026-04-09T00:59:14.8006851Z | Info | Compressing objects:  45% (83/184)
Build for Windows	Build the mod	2026-04-09T00:59:14.8007075Z | Info | Compressing objects:  46% (85/184)
Build for Windows	Build the mod	2026-04-09T00:59:14.8007304Z | Info | Compressing objects:  47% (87/184)
Build for Windows	Build the mod	2026-04-09T00:59:14.8007531Z | Info | Compressing objects:  48% (89/184)
Build for Windows	Build the mod	2026-04-09T00:59:14.8007912Z | Info | Compressing objects:  49% (91/184)
Build for Windows	Build the mod	2026-04-09T00:59:14.8008146Z | Info | Compressing objects:  50% (92/184)
Build for Windows	Build the mod	2026-04-09T00:59:14.8008388Z | Info | Compressing objects:  51% (94/184)
Build for Windows	Build the mod	2026-04-09T00:59:14.8008620Z | Info | Compressing objects:  52% (96/184)
Build for Windows	Build the mod	2026-04-09T00:59:14.8008858Z | Info | Compressing objects:  53% (98/184)
Build for Windows	Build the mod	2026-04-09T00:59:14.8009195Z | Info | Compressing objects:  54% (100/184)
Build for Windows	Build the mod	2026-04-09T00:59:14.8009500Z | Info | Compressing objects:  55% (102/184)
Build for Windows	Build the mod	2026-04-09T00:59:14.8022196Z | Info | Compressing objects:  56% (104/184)
Build for Windows	Build the mod	2026-04-09T00:59:14.8022516Z | Info | Compressing objects:  57% (105/184)
Build for Windows	Build the mod	2026-04-09T00:59:14.8022777Z | Info | Compressing objects:  58% (107/184)
Build for Windows	Build the mod	2026-04-09T00:59:14.8023154Z | Info | Compressing objects:  59% (109/184)
Build for Windows	Build the mod	2026-04-09T00:59:14.8023617Z | Info | Compressing objects:  60% (111/184)
Build for Windows	Build the mod	2026-04-09T00:59:14.8024096Z | Info | Compressing objects:  61% (113/184)
Build for Windows	Build the mod	2026-04-09T00:59:14.8024521Z | Info | Compressing objects:  62% (115/184)
Build for Windows	Build the mod	2026-04-09T00:59:14.8024983Z | Info | Compressing objects:  63% (116/184)
Build for Windows	Build the mod	2026-04-09T00:59:14.8025453Z | Info | Compressing objects:  64% (118/184)
Build for Windows	Build the mod	2026-04-09T00:59:14.8025888Z | Info | Compressing objects:  65% (120/184)
Build for Windows	Build the mod	2026-04-09T00:59:14.8026314Z | Info | Compressing objects:  66% (122/184)
Build for Windows	Build the mod	2026-04-09T00:59:14.8026794Z | Info | Compressing objects:  67% (124/184)
Build for Windows	Build the mod	2026-04-09T00:59:14.8027226Z | Info | Compressing objects:  68% (126/184)
Build for Windows	Build the mod	2026-04-09T00:59:14.8027637Z | Info | Compressing objects:  69% (127/184)
Build for Windows	Build the mod	2026-04-09T00:59:14.8028066Z | Info | Compressing objects:  70% (129/184)
Build for Windows	Build the mod	2026-04-09T00:59:14.8028536Z | Info | Compressing objects:  71% (131/184)
Build for Windows	Build the mod	2026-04-09T00:59:14.8028997Z | Info | Compressing objects:  72% (133/184)
Build for Windows	Build the mod	2026-04-09T00:59:14.8029451Z | Info | Compressing objects:  73% (135/184)
Build for Windows	Build the mod	2026-04-09T00:59:14.8029936Z | Info | Compressing objects:  74% (137/184)
Build for Windows	Build the mod	2026-04-09T00:59:14.8030395Z | Info | Compressing objects:  75% (138/184)
Build for Windows	Build the mod	2026-04-09T00:59:14.8030858Z | Info | Compressing objects:  76% (140/184)
Build for Windows	Build the mod	2026-04-09T00:59:14.8031334Z | Info | Compressing objects:  77% (142/184)
Build for Windows	Build the mod	2026-04-09T00:59:14.8031769Z | Info | Compressing objects:  78% (144/184)
Build for Windows	Build the mod	2026-04-09T00:59:14.8032245Z | Info | Compressing objects:  79% (146/184)
Build for Windows	Build the mod	2026-04-09T00:59:14.8032701Z | Info | Compressing objects:  80% (148/184)
Build for Windows	Build the mod	2026-04-09T00:59:14.8033143Z | Info | Compressing objects:  81% (150/184)
Build for Windows	Build the mod	2026-04-09T00:59:14.8033620Z | Info | Compressing objects:  82% (151/184)
Build for Windows	Build the mod	2026-04-09T00:59:14.8034085Z | Info | Compressing objects:  83% (153/184)
Build for Windows	Build the mod	2026-04-09T00:59:14.8034532Z | Info | Compressing objects:  84% (155/184)
Build for Windows	Build the mod	2026-04-09T00:59:14.8035015Z | Info | Compressing objects:  85% (157/184)
Build for Windows	Build the mod	2026-04-09T00:59:14.8035464Z | Info | Compressing objects:  86% (159/184)
Build for Windows	Build the mod	2026-04-09T00:59:14.8035933Z | Info | Compressing objects:  87% (161/184)
Build for Windows	Build the mod	2026-04-09T00:59:14.8036402Z | Info | Compressing objects:  88% (162/184)
Build for Windows	Build the mod	2026-04-09T00:59:14.8036785Z | Info | Compressing objects:  89% (164/184)
Build for Windows	Build the mod	2026-04-09T00:59:14.8037306Z | Info | Compressing objects:  90% (166/184)
Build for Windows	Build the mod	2026-04-09T00:59:14.8037799Z | Info | Compressing objects:  91% (168/184)
Build for Windows	Build the mod	2026-04-09T00:59:14.8038256Z | Info | Compressing objects:  92% (170/184)
Build for Windows	Build the mod	2026-04-09T00:59:14.8038866Z | Info | Compressing objects:  93% (172/184)
Build for Windows	Build the mod	2026-04-09T00:59:14.8039353Z | Info | Compressing objects:  94% (173/184)
Build for Windows	Build the mod	2026-04-09T00:59:14.8039829Z | Info | Compressing objects:  95% (175/184)
Build for Windows	Build the mod	2026-04-09T00:59:14.8040271Z | Info | Compressing objects:  96% (177/184)
Build for Windows	Build the mod	2026-04-09T00:59:14.8040755Z | Info | Compressing objects:  97% (179/184)
Build for Windows	Build the mod	2026-04-09T00:59:14.8041210Z | Info | Compressing objects:  98% (181/184)
Build for Windows	Build the mod	2026-04-09T00:59:14.8041589Z | Info | Compressing objects:  99% (183/184)
Build for Windows	Build the mod	2026-04-09T00:59:14.8041950Z | Info | Compressing objects: 100% (184/184)
Build for Windows	Build the mod	2026-04-09T00:59:14.8042222Z | Info | Compressing objects: 100% (184/184), done.
Build for Windows	Build the mod	2026-04-09T00:59:22.9437280Z | Info | Total 58645 (delta 394), reused 297 (delta 288), pack-reused 58173 (from 3)
Build for Windows	Build the mod	2026-04-09T00:59:27.4459833Z | Info | Set GEODE_SDK environment variable automatically
Build for Windows	Build the mod	2026-04-09T00:59:27.4941050Z | Info | Updating head
Build for Windows	Build the mod	2026-04-09T00:59:27.5631077Z | Done | Updated head to v5.5.3
Build for Windows	Build the mod	2026-04-09T00:59:27.5631596Z | Done | Successfully installed SDK
Build for Windows	Build the mod	2026-04-09T00:59:27.5632377Z | Info | Please restart your command line to have the GEODE_SDK enviroment variable set.
Build for Windows	Build the mod	2026-04-09T00:59:27.5633886Z | Info | Use `geode sdk install-binaries` to install pre-built binaries
Build for Windows	Build the mod	2026-04-09T00:59:27.8819040Z Updating to version 5.5.3 from ./mod.json
Build for Windows	Build the mod	2026-04-09T00:59:27.9059899Z | Info | Switching to 5.5.3
Build for Windows	Build the mod	2026-04-09T00:59:27.9060334Z | Info | Updating SDK
Build for Windows	Build the mod	2026-04-09T00:59:28.0288196Z | Info | Updating head
Build for Windows	Build the mod	2026-04-09T00:59:28.1195315Z | Info | Switched to 5.5.3
Build for Windows	Build the mod	2026-04-09T00:59:28.1195846Z | Done | Successfully updated SDK.
Build for Windows	Build the mod	2026-04-09T00:59:28.1518308Z | Info | Installing binaries for 5.5.3
Build for Windows	Build the mod	2026-04-09T00:59:28.3378673Z | Info | Found binaries for platform Windows
Build for Windows	Build the mod	2026-04-09T00:59:28.3381248Z | Info | Downloading
Build for Windows	Build the mod	2026-04-09T00:59:28.9246869Z | Done | Binaries installed
Build for Windows	Build the mod	2026-04-09T00:59:28.9499831Z ##[group]Run mkdir -p $HOME/.cache
Build for Windows	Build the mod	2026-04-09T00:59:28.9500179Z [36;1mmkdir -p $HOME/.cache[0m
Build for Windows	Build the mod	2026-04-09T00:59:28.9500399Z [36;1m[0m
Build for Windows	Build the mod	2026-04-09T00:59:28.9500598Z [36;1mNDK_PATH="/usr/local/lib/android/sdk/ndk/"[0m
Build for Windows	Build the mod	2026-04-09T00:59:28.9500886Z [36;1mif [ "" = "" ]; then[0m
Build for Windows	Build the mod	2026-04-09T00:59:28.9501128Z [36;1m  NDK_PATH="$ANDROID_NDK_LATEST_HOME"[0m
Build for Windows	Build the mod	2026-04-09T00:59:28.9501379Z [36;1mfi[0m
Build for Windows	Build the mod	2026-04-09T00:59:28.9501539Z [36;1m[0m
Build for Windows	Build the mod	2026-04-09T00:59:28.9501693Z [36;1mcd "./"[0m
Build for Windows	Build the mod	2026-04-09T00:59:28.9501861Z [36;1mCMAKE_EXTRA_ARGS=""[0m
Build for Windows	Build the mod	2026-04-09T00:59:28.9502081Z [36;1mif [ win = "mac" ]; then[0m
Build for Windows	Build the mod	2026-04-09T00:59:28.9502671Z [36;1m  CMAKE_EXTRA_ARGS="-DCMAKE_OSX_DEPLOYMENT_TARGET=11.0 -DGEODE_DISABLE_PRECOMPILED_HEADERS=OFF -DCMAKE_AR='/usr/bin/ar' -DCMAKE_RANLIB='/usr/bin/ranlib'"[0m
Build for Windows	Build the mod	2026-04-09T00:59:28.9503275Z [36;1melif [ win = "android32" ]; then[0m
Build for Windows	Build the mod	2026-04-09T00:59:28.9503962Z [36;1m  CMAKE_EXTRA_ARGS="-DCMAKE_TOOLCHAIN_FILE=$NDK_PATH/build/cmake/android.toolchain.cmake -DANDROID_STL=c++_shared -DANDROID_ABI=armeabi-v7a -DANDROID_PLATFORM=android-23"[0m
Build for Windows	Build the mod	2026-04-09T00:59:28.9504635Z [36;1melif [ win = "android64" ]; then[0m
Build for Windows	Build the mod	2026-04-09T00:59:28.9505283Z [36;1m  CMAKE_EXTRA_ARGS="-DCMAKE_TOOLCHAIN_FILE=$NDK_PATH/build/cmake/android.toolchain.cmake -DANDROID_STL=c++_shared -DANDROID_ABI=arm64-v8a -DANDROID_PLATFORM=android-23"[0m
Build for Windows	Build the mod	2026-04-09T00:59:28.9505945Z [36;1melif [ win = "ios" ]; then[0m
Build for Windows	Build the mod	2026-04-09T00:59:28.9506411Z [36;1m  CMAKE_EXTRA_ARGS="-DCMAKE_SYSTEM_NAME=iOS -DGEODE_TARGET_PLATFORM=iOS -DGEODE_DISABLE_PRECOMPILED_HEADERS=OFF"[0m
Build for Windows	Build the mod	2026-04-09T00:59:28.9506866Z [36;1mfi[0m
Build for Windows	Build the mod	2026-04-09T00:59:28.9507037Z [36;1mif [ "true" = "true" ]; then[0m
Build for Windows	Build the mod	2026-04-09T00:59:28.9507400Z [36;1m  CMAKE_EXTRA_ARGS="$CMAKE_EXTRA_ARGS -DCMAKE_INTERPROCEDURAL_OPTIMIZATION=ON"[0m
Build for Windows	Build the mod	2026-04-09T00:59:28.9507759Z [36;1mfi[0m
Build for Windows	Build the mod	2026-04-09T00:59:28.9507971Z [36;1mif [ "false" = "true" ] && [ win = "win" ]; then[0m
Build for Windows	Build the mod	2026-04-09T00:59:28.9508321Z [36;1m  CMAKE_EXTRA_ARGS="$CMAKE_EXTRA_ARGS -DGEODE_BUNDLE_PDB=ON"[0m
Build for Windows	Build the mod	2026-04-09T00:59:28.9508604Z [36;1mfi[0m
Build for Windows	Build the mod	2026-04-09T00:59:28.9508754Z [36;1mif [ -n "sccache" ]; then[0m
Build for Windows	Build the mod	2026-04-09T00:59:28.9508981Z [36;1m  CCACHE_PATH="$(which "sccache")"[0m
Build for Windows	Build the mod	2026-04-09T00:59:28.9509488Z [36;1m  CMAKE_EXTRA_ARGS="$CMAKE_EXTRA_ARGS -DCMAKE_C_COMPILER_LAUNCHER=${CCACHE_PATH} -DCMAKE_CXX_COMPILER_LAUNCHER=${CCACHE_PATH}"[0m
Build for Windows	Build the mod	2026-04-09T00:59:28.9509971Z [36;1mfi[0m
Build for Windows	Build the mod	2026-04-09T00:59:28.9510952Z [36;1mcmake -B build -DCMAKE_BUILD_TYPE=Release -DCMAKE_C_COMPILER=clang -DCMAKE_CXX_COMPILER=clang++ -DGEODE_CODEGEN_CMAKE_ARGS="-DCMAKE_C_COMPILER=clang;-DCMAKE_CXX_COMPILER=clang++;-G Ninja" -G Ninja $CMAKE_EXTRA_ARGS -DGEODE_DONT_INSTALL_MODS=ON -DGEODE_TARGET_PLATFORM=Win64 -DCMAKE_POLICY_VERSION_MINIMUM=3.5[0m
Build for Windows	Build the mod	2026-04-09T00:59:28.9512337Z [36;1mcmake --build build --config Release  --parallel[0m
Build for Windows	Build the mod	2026-04-09T00:59:28.9512607Z [36;1m[0m
Build for Windows	Build the mod	2026-04-09T00:59:28.9513142Z [36;1mmkdir "D:\a\Devious-Editor-classic-Remastered\Devious-Editor-classic-Remastered/output"[0m
Build for Windows	Build the mod	2026-04-09T00:59:28.9513554Z [36;1m[0m
Build for Windows	Build the mod	2026-04-09T00:59:28.9513741Z [36;1mfor file in $(find ./build -name *.geode); do[0m
Build for Windows	Build the mod	2026-04-09T00:59:28.9514351Z [36;1m  cp $file "D:\a\Devious-Editor-classic-Remastered\Devious-Editor-classic-Remastered/output"[0m
Build for Windows	Build the mod	2026-04-09T00:59:28.9514953Z [36;1m  if [ win = "linux" ] && [ "false" = "true" ]; then[0m
Build for Windows	Build the mod	2026-04-09T00:59:28.9515283Z [36;1m    if [ win = "android32" ] || [ win = "android64" ]; then[0m
Build for Windows	Build the mod	2026-04-09T00:59:28.9515610Z [36;1m      SO_FILE_NAME="$(basename $file .geode).win.so"[0m
Build for Windows	Build the mod	2026-04-09T00:59:28.9515913Z [36;1m      if [ -f "./build/$SO_FILE_NAME" ]; then[0m
Build for Windows	Build the mod	2026-04-09T00:59:28.9516506Z [36;1m        dump_syms ./build/$SO_FILE_NAME -o "D:\a\Devious-Editor-classic-Remastered\Devious-Editor-classic-Remastered/output/$SO_FILE_NAME.sym"[0m
Build for Windows	Build the mod	2026-04-09T00:59:28.9517061Z [36;1m      fi[0m
Build for Windows	Build the mod	2026-04-09T00:59:28.9517225Z [36;1m    fi[0m
Build for Windows	Build the mod	2026-04-09T00:59:28.9517383Z [36;1m  fi[0m
Build for Windows	Build the mod	2026-04-09T00:59:28.9517533Z [36;1mdone[0m
Build for Windows	Build the mod	2026-04-09T00:59:28.9517678Z [36;1m[0m
Build for Windows	Build the mod	2026-04-09T00:59:28.9517833Z [36;1mif [ win = "win" ]; then[0m
Build for Windows	Build the mod	2026-04-09T00:59:28.9518043Z [36;1m  if [ "false" = "true" ]; then[0m
Build for Windows	Build the mod	2026-04-09T00:59:28.9518314Z [36;1m    for file in $(find ./build -name *.pdb); do[0m
Build for Windows	Build the mod	2026-04-09T00:59:28.9518764Z [36;1m      cp $file "D:\a\Devious-Editor-classic-Remastered\Devious-Editor-classic-Remastered/output"[0m
Build for Windows	Build the mod	2026-04-09T00:59:28.9519180Z [36;1m    done[0m
Build for Windows	Build the mod	2026-04-09T00:59:28.9519332Z [36;1m  fi[0m
Build for Windows	Build the mod	2026-04-09T00:59:28.9519478Z [36;1mfi[0m
Build for Windows	Build the mod	2026-04-09T00:59:28.9519626Z [36;1m[0m
Build for Windows	Build the mod	2026-04-09T00:59:28.9519770Z [36;1mif [ "false" = "true" ]; then[0m
Build for Windows	Build the mod	2026-04-09T00:59:28.9520030Z [36;1m  for file in $(find ./build -name *.pdb); do[0m
Build for Windows	Build the mod	2026-04-09T00:59:28.9520472Z [36;1m    cp $file "D:\a\Devious-Editor-classic-Remastered\Devious-Editor-classic-Remastered/output"[0m
Build for Windows	Build the mod	2026-04-09T00:59:28.9520885Z [36;1m  done[0m
Build for Windows	Build the mod	2026-04-09T00:59:28.9521089Z [36;1m  for file in $(find ./build -name *.dbg); do[0m
Build for Windows	Build the mod	2026-04-09T00:59:28.9521524Z [36;1m    cp $file "D:\a\Devious-Editor-classic-Remastered\Devious-Editor-classic-Remastered/output"[0m
Build for Windows	Build the mod	2026-04-09T00:59:28.9521934Z [36;1m  done[0m
Build for Windows	Build the mod	2026-04-09T00:59:28.9522123Z [36;1m  for dir in $(find ./build -name *.dSYM); do[0m
Build for Windows	Build the mod	2026-04-09T00:59:28.9522564Z [36;1m    cp -R $dir "D:\a\Devious-Editor-classic-Remastered\Devious-Editor-classic-Remastered/output"[0m
Build for Windows	Build the mod	2026-04-09T00:59:28.9522972Z [36;1m  done[0m
Build for Windows	Build the mod	2026-04-09T00:59:28.9523116Z [36;1mfi[0m
Build for Windows	Build the mod	2026-04-09T00:59:28.9523266Z [36;1m[0m
Build for Windows	Build the mod	2026-04-09T00:59:28.9523615Z [36;1mOUTPUT_DIR="D:\a\Devious-Editor-classic-Remastered\Devious-Editor-classic-Remastered/output"[0m
Build for Windows	Build the mod	2026-04-09T00:59:28.9524032Z [36;1mif [ win = "mac" ]; then[0m
Build for Windows	Build the mod	2026-04-09T00:59:28.9524413Z [36;1m  OUTPUT_DIR=$(python3 -c 'import os, sys; print(os.path.realpath(sys.argv[1]))' "$OUTPUT_DIR")[0m
Build for Windows	Build the mod	2026-04-09T00:59:28.9524810Z [36;1melif [ win = "win" ]; then[0m
Build for Windows	Build the mod	2026-04-09T00:59:28.9525069Z [36;1m  OUTPUT_DIR=$(cygpath -wa "$OUTPUT_DIR")[0m
Build for Windows	Build the mod	2026-04-09T00:59:28.9525308Z [36;1melse[0m
Build for Windows	Build the mod	2026-04-09T00:59:28.9525489Z [36;1m  OUTPUT_DIR=$(realpath "$OUTPUT_DIR")[0m
Build for Windows	Build the mod	2026-04-09T00:59:28.9525725Z [36;1mfi[0m
Build for Windows	Build the mod	2026-04-09T00:59:28.9525906Z [36;1mecho "output=$OUTPUT_DIR" >> $GITHUB_OUTPUT[0m
Build for Windows	Build the mod	2026-04-09T00:59:28.9539507Z shell: C:\Program Files\Git\bin\bash.EXE --noprofile --norc -e -o pipefail {0}
Build for Windows	Build the mod	2026-04-09T00:59:28.9539869Z env:
Build for Windows	Build the mod	2026-04-09T00:59:28.9540047Z   FORCE_JAVASCRIPT_ACTIONS_TO_NODE24: true
Build for Windows	Build the mod	2026-04-09T00:59:28.9540489Z   GEODE_SDK: D:\a\Devious-Editor-classic-Remastered\Devious-Editor-classic-Remastered/geode-sdk-clone
Build for Windows	Build the mod	2026-04-09T00:59:28.9541120Z   CPM_SOURCE_CACHE: D:\a\Devious-Editor-classic-Remastered\Devious-Editor-classic-Remastered/cpm-cache
Build for Windows	Build the mod	2026-04-09T00:59:28.9541545Z ##[endgroup]
Build for Windows	Build the mod	2026-04-09T00:59:34.3294802Z -- The C compiler identification is Clang 20.1.8 with GNU-like command-line
Build for Windows	Build the mod	2026-04-09T00:59:37.4133794Z -- The CXX compiler identification is Clang 20.1.8 with GNU-like command-line
Build for Windows	Build the mod	2026-04-09T00:59:37.5399730Z -- Detecting C compiler ABI info
Build for Windows	Build the mod	2026-04-09T00:59:39.4534131Z -- Detecting C compiler ABI info - done
Build for Windows	Build the mod	2026-04-09T00:59:39.5017515Z -- Check for working C compiler: C:/Program Files/LLVM/bin/clang.exe - skipped
Build for Windows	Build the mod	2026-04-09T00:59:39.5032965Z -- Detecting C compile features
Build for Windows	Build the mod	2026-04-09T00:59:39.5088524Z -- Detecting C compile features - done
Build for Windows	Build the mod	2026-04-09T00:59:39.5385861Z -- Detecting CXX compiler ABI info
Build for Windows	Build the mod	2026-04-09T00:59:39.9856789Z -- Detecting CXX compiler ABI info - done
Build for Windows	Build the mod	2026-04-09T00:59:40.0242909Z -- Check for working CXX compiler: C:/Program Files/LLVM/bin/clang++.exe - skipped
Build for Windows	Build the mod	2026-04-09T00:59:40.0247916Z -- Detecting CXX compile features
Build for Windows	Build the mod	2026-04-09T00:59:40.4970181Z -- Detecting CXX compile features - done
Build for Windows	Build the mod	2026-04-09T00:59:40.4998970Z -- Found Geode: D:\a\Devious-Editor-classic-Remastered\Devious-Editor-classic-Remastered/geode-sdk-clone
Build for Windows	Build the mod	2026-04-09T00:59:40.5019350Z -- Version: 5.5.3
Build for Windows	Build the mod	2026-04-09T00:59:40.5375510Z -- No override path for bindings provided, using CPM to clone default. If you would like to use a separate clone of the bindings repo (for example in order to be able to efficiently change and contribute new bindings) then set GEODE_BINDINGS_REPO_PATH to where you have cloned the repository (system environment variables are supported).
Build for Windows	Build the mod	2026-04-09T00:59:40.5377756Z -- CPM: Adding package bindings@ (main)
Build for Windows	Build the mod	2026-04-09T00:59:40.5401772Z -- Populating bindings
Build for Windows	Build the mod	2026-04-09T00:59:40.6597014Z -- Configuring done (0.1s)
Build for Windows	Build the mod	2026-04-09T00:59:40.6835541Z -- Generating done (0.0s)
Build for Windows	Build the mod	2026-04-09T00:59:40.6845790Z -- Build files have been written to: D:/a/Devious-Editor-classic-Remastered/Devious-Editor-classic-Remastered/build/_deps/bindings-subbuild
Build for Windows	Build the mod	2026-04-09T00:59:40.7620060Z [1/9] Creating directories for 'bindings-populate'
Build for Windows	Build the mod	2026-04-09T00:59:40.7621735Z [1/9] Performing download step (git clone) for 'bindings-populate'
Build for Windows	Build the mod	2026-04-09T00:59:40.8123980Z Cloning into 'bindings-src'...
Build for Windows	Build the mod	2026-04-09T00:59:48.1020821Z Already on 'main'
Build for Windows	Build the mod	2026-04-09T00:59:48.1040770Z Your branch is up to date with 'origin/main'.
Build for Windows	Build the mod	2026-04-09T00:59:48.6400106Z [2/9] Performing update step for 'bindings-populate'
Build for Windows	Build the mod	2026-04-09T00:59:48.6954414Z -- Fetching latest from the remote origin
Build for Windows	Build the mod	2026-04-09T00:59:49.5408530Z [3/9] No patch step for 'bindings-populate'
Build for Windows	Build the mod	2026-04-09T00:59:49.6245073Z [5/9] No configure step for 'bindings-populate'
Build for Windows	Build the mod	2026-04-09T00:59:49.6652004Z [6/9] No build step for 'bindings-populate'
Build for Windows	Build the mod	2026-04-09T00:59:49.7056429Z [7/9] No install step for 'bindings-populate'
Build for Windows	Build the mod	2026-04-09T00:59:49.7469856Z [8/9] No test step for 'bindings-populate'
Build for Windows	Build the mod	2026-04-09T00:59:49.8047984Z [9/9] Completed 'bindings-populate'
Build for Windows	Build the mod	2026-04-09T00:59:49.8101962Z -- Looking for ccache/sccache
Build for Windows	Build the mod	2026-04-09T00:59:49.8102500Z -- Looking for ccache/sccache - detecting variant
Build for Windows	Build the mod	2026-04-09T00:59:49.8103037Z -- Looking for ccache/sccache - detected sccache
Build for Windows	Build the mod	2026-04-09T00:59:49.8103557Z Using sccache with Clang, PCH will be enabled.
Build for Windows	Build the mod	2026-04-09T00:59:49.8104066Z -- Pre-compiled headers - ON
Build for Windows	Build the mod	2026-04-09T00:59:49.8256143Z -- Found Geode CLI: D:/a/Devious-Editor-classic-Remastered/Devious-Editor-classic-Remastered/my-epic-geode-cli/geode.exe (version 3.7.4)
Build for Windows	Build the mod	2026-04-09T00:59:49.8290736Z -- Found Git: C:/Program Files/Git/mingw64/bin/git.exe (found version "2.53.0.windows.2")
Build for Windows	Build the mod	2026-04-09T00:59:49.8715748Z -- CPM: Adding package result@1.4.1 (v1.4.1 at D:/a/Devious-Editor-classic-Remastered/Devious-Editor-classic-Remastered/cpm-cache/result/1b9c)
Build for Windows	Build the mod	2026-04-09T00:59:49.9174171Z -- CPM: Adding package json@3.3.0 (v3.3.0 at D:/a/Devious-Editor-classic-Remastered/Devious-Editor-classic-Remastered/cpm-cache/json/75ca)
Build for Windows	Build the mod	2026-04-09T00:59:50.2401836Z -- CPM: Adding package nontype_functional@6 (6d1d08c at D:/a/Devious-Editor-classic-Remastered/Devious-Editor-classic-Remastered/cpm-cache/nontype_functional/aaa0)
Build for Windows	Build the mod	2026-04-09T00:59:50.3339819Z -- {fmt} version: 12.1.0
Build for Windows	Build the mod	2026-04-09T00:59:50.3340306Z -- Build type: Release
Build for Windows	Build the mod	2026-04-09T00:59:50.3439966Z -- Performing Test HAS_NULLPTR_WARNING
Build for Windows	Build the mod	2026-04-09T00:59:52.2456418Z -- Performing Test HAS_NULLPTR_WARNING - Success
Build for Windows	Build the mod	2026-04-09T00:59:52.2469313Z -- CPM: Adding package fmt@12.1.0 (12.1.0 at D:/a/Devious-Editor-classic-Remastered/Devious-Editor-classic-Remastered/cpm-cache/fmt/6226)
Build for Windows	Build the mod	2026-04-09T00:59:52.3028703Z -- CPM: Adding package asp2@51 (51d3773 at D:/a/Devious-Editor-classic-Remastered/Devious-Editor-classic-Remastered/cpm-cache/asp2/4dd3)
Build for Windows	Build the mod	2026-04-09T00:59:52.3534109Z -- Arc features: time
Build for Windows	Build the mod	2026-04-09T00:59:52.3546786Z -- CPM: Adding package arc@1.5.5 (v1.5.5 at D:/a/Devious-Editor-classic-Remastered/Devious-Editor-classic-Remastered/cpm-cache/arc/70cb)
Build for Windows	Build the mod	2026-04-09T00:59:52.4095366Z -- CPM: Adding package TulipHook@3.1.11 (v3.1.11 at D:/a/Devious-Editor-classic-Remastered/Devious-Editor-classic-Remastered/cpm-cache/tuliphook/37c6)
Build for Windows	Build the mod	2026-04-09T00:59:52.4107136Z -- Performing Test SUPPORTS_W_NO_EVERYTHING
Build for Windows	Build the mod	2026-04-09T00:59:52.6825066Z -- Performing Test SUPPORTS_W_NO_EVERYTHING - Success
Build for Windows	Build the mod	2026-04-09T00:59:52.6841478Z -- Downloading Codegen
Build for Windows	Build the mod	2026-04-09T00:59:52.6841975Z Set SKIP_BUILDING_CODEGEN to OFF to force codegen to build locally.
Build for Windows	Build the mod	2026-04-09T00:59:52.9139803Z -- Downloading Codegen - success
Build for Windows	Build the mod	2026-04-09T00:59:52.9140241Z -- Skipping building Codegen
Build for Windows	Build the mod	2026-04-09T00:59:52.9140468Z -- Running Codegen
Build for Windows	Build the mod	2026-04-09T00:59:52.9141328Z './Codegen' 'Win64' 'D:/a/Devious-Editor-classic-Remastered/Devious-Editor-classic-Remastered/build/_deps/bindings-src/bindings/2.2081' 'D:/a/Devious-Editor-classic-Remastered/Devious-Editor-classic-Remastered/build/bindings/bindings'
Build for Windows	Build the mod	2026-04-09T00:59:54.2390631Z -- Setting up DeviousEditorClassicRemastered
Build for Windows	Build the mod	2026-04-09T00:59:54.2465711Z -- Mod bishop.devious_editor_classic_remastered is compiling for Geode version 5.5.3
Build for Windows	Build the mod	2026-04-09T00:59:54.2466428Z -- Mod bishop.devious_editor_classic_remastered is compiling for Geometry Dash version 2.2081
Build for Windows	Build the mod	2026-04-09T00:59:54.2643880Z -- Skipping installing DeviousEditorClassicRemastered
Build for Windows	Build the mod	2026-04-09T00:59:54.2650929Z -- Configuring done (24.9s)
Build for Windows	Build the mod	2026-04-09T00:59:54.6088061Z CMake Warning:
Build for Windows	Build the mod	2026-04-09T00:59:54.6088369Z -- Generating done (0.3s)
Build for Windows	Build the mod	2026-04-09T00:59:54.6088720Z   Manually-specified variables were not used by the project:
Build for Windows	Build the mod	2026-04-09T00:59:54.6088982Z 
Build for Windows	Build the mod	2026-04-09T00:59:54.6089072Z     CMAKE_POLICY_VERSION_MINIMUM
Build for Windows	Build the mod	2026-04-09T00:59:54.6089236Z 
Build for Windows	Build the mod	2026-04-09T00:59:54.6089241Z 
Build for Windows	Build the mod	2026-04-09T00:59:54.6100408Z -- Build files have been written to: D:/a/Devious-Editor-classic-Remastered/Devious-Editor-classic-Remastered/build
Build for Windows	Build the mod	2026-04-09T00:59:54.6760371Z [0/2] Re-checking globbed directories...
Build for Windows	Build the mod	2026-04-09T00:59:59.2077740Z [1/34] Building CXX object _deps/fmt-build/CMakeFiles/fmt.dir/src/format.cc.obj
Build for Windows	Build the mod	2026-04-09T00:59:59.2078511Z In file included from D:/a/Devious-Editor-classic-Remastered/Devious-Editor-classic-Remastered/cpm-cache/fmt/6226/src/format.cc:8:
Build for Windows	Build the mod	2026-04-09T00:59:59.2079422Z In file included from D:/a/Devious-Editor-classic-Remastered/Devious-Editor-classic-Remastered/cpm-cache/fmt/6226/include\fmt/format-inl.h:23:
Build for Windows	Build the mod	2026-04-09T00:59:59.2080326Z In file included from D:/a/Devious-Editor-classic-Remastered/Devious-Editor-classic-Remastered/cpm-cache/fmt/6226/include\fmt\format.h:41:
Build for Windows	Build the mod	2026-04-09T00:59:59.2081479Z D:/a/Devious-Editor-classic-Remastered/Devious-Editor-classic-Remastered/cpm-cache/fmt/6226/include\fmt\base.h:930:5: warning: ignoring return value of function declared with 'nodiscard' attribute [-Wunused-result]
Build for Windows	Build the mod	2026-04-09T00:59:59.2082558Z   930 |     isalpha('x', loc);
Build for Windows	Build the mod	2026-04-09T00:59:59.2082770Z       |     ^~~~~~~ ~~~~~~~~
Build for Windows	Build the mod	2026-04-09T00:59:59.2088330Z D:/a/Devious-Editor-classic-Remastered/Devious-Editor-classic-Remastered/cpm-cache/fmt/6226/src/format.cc:13:30: note: in instantiation of function template specialization 'fmt::locale_ref::locale_ref<std::locale, 0>' requested here
Build for Windows	Build the mod	2026-04-09T00:59:59.2089447Z    13 | template FMT_API locale_ref::locale_ref(const std::locale& loc);  // DEPRECATED!
Build for Windows	Build the mod	2026-04-09T00:59:59.2089826Z       |                              ^
Build for Windows	Build the mod	2026-04-09T00:59:59.2090057Z 1 warning generated.
Build for Windows	Build the mod	2026-04-09T01:00:00.0184886Z [2/34] Building CXX object _deps/fmt-build/CMakeFiles/fmt.dir/src/os.cc.obj
Build for Windows	Build the mod	2026-04-09T01:00:00.0613653Z [3/34] Building CXX object _deps/arc-build/CMakeFiles/arc.dir/Unity/unity_0_cxx.cxx.obj
Build for Windows	Build the mod	2026-04-09T01:00:00.7443631Z [4/34] Building CXX object _deps/asp2-build/CMakeFiles/asp.dir/Unity/unity_0_cxx.cxx.obj
Build for Windows	Build the mod	2026-04-09T01:00:00.9080584Z [5/34] Linking CXX static library _deps\fmt-build\fmt.lib
Build for Windows	Build the mod	2026-04-09T01:00:00.9747706Z [6/34] Linking CXX static library _deps\asp2-build\asp.lib
Build for Windows	Build the mod	2026-04-09T01:00:01.0332156Z [7/34] Linking CXX static library _deps\arc-build\arc.lib
Build for Windows	Build the mod	2026-04-09T01:00:01.8535661Z [8/34] Running Codegen
Build for Windows	Build the mod	2026-04-09T01:00:03.2077096Z [9/34] Building CXX object bindings/CMakeFiles/GeodeBindings.dir/Unity/unity_14_cxx.cxx.obj
Build for Windows	Build the mod	2026-04-09T01:00:03.2274978Z [10/34] Building CXX object bindings/CMakeFiles/GeodeBindings.dir/Unity/unity_13_cxx.cxx.obj
Build for Windows	Build the mod	2026-04-09T01:00:03.2557771Z [11/34] Building CXX object bindings/CMakeFiles/GeodeBindings.dir/Unity/unity_12_cxx.cxx.obj
Build for Windows	Build the mod	2026-04-09T01:00:04.8526579Z [12/34] Building CXX object bindings/CMakeFiles/GeodeBindings.dir/Unity/unity_10_cxx.cxx.obj
Build for Windows	Build the mod	2026-04-09T01:00:05.0114483Z [13/34] Building CXX object bindings/CMakeFiles/GeodeBindings.dir/Unity/unity_9_cxx.cxx.obj
Build for Windows	Build the mod	2026-04-09T01:00:05.0397554Z [14/34] Building CXX object bindings/CMakeFiles/GeodeBindings.dir/Unity/unity_11_cxx.cxx.obj
Build for Windows	Build the mod	2026-04-09T01:00:06.3206288Z [15/34] Building CXX object bindings/CMakeFiles/GeodeBindings.dir/Unity/unity_8_cxx.cxx.obj
Build for Windows	Build the mod	2026-04-09T01:00:06.4315223Z [16/34] Building CXX object bindings/CMakeFiles/GeodeBindings.dir/Unity/unity_7_cxx.cxx.obj
Build for Windows	Build the mod	2026-04-09T01:00:06.6056332Z [17/34] Building CXX object bindings/CMakeFiles/GeodeBindings.dir/Unity/unity_6_cxx.cxx.obj
Build for Windows	Build the mod	2026-04-09T01:00:07.6945962Z [18/34] Building CXX object bindings/CMakeFiles/GeodeBindings.dir/Unity/unity_5_cxx.cxx.obj
Build for Windows	Build the mod	2026-04-09T01:00:07.8017767Z [19/34] Building CXX object bindings/CMakeFiles/GeodeBindings.dir/Unity/unity_4_cxx.cxx.obj
Build for Windows	Build the mod	2026-04-09T01:00:07.9731697Z [20/34] Building CXX object bindings/CMakeFiles/GeodeBindings.dir/Unity/unity_3_cxx.cxx.obj
Build for Windows	Build the mod	2026-04-09T01:00:09.0390744Z [21/34] Building CXX object bindings/CMakeFiles/GeodeBindings.dir/Unity/unity_2_cxx.cxx.obj
Build for Windows	Build the mod	2026-04-09T01:00:09.1294987Z [22/34] Building CXX object bindings/CMakeFiles/GeodeBindings.dir/Unity/unity_1_cxx.cxx.obj
Build for Windows	Build the mod	2026-04-09T01:00:09.2029092Z [23/34] Building CXX object bindings/CMakeFiles/GeodeBindings.dir/Unity/unity_0_cxx.cxx.obj
Build for Windows	Build the mod	2026-04-09T01:00:09.4823372Z [24/34] Linking CXX static library bindings\GeodeBindings.lib
Build for Windows	Build the mod	2026-04-09T01:00:18.8490522Z [25/34] Building CXX object CMakeFiles/DeviousEditorClassicRemastered.dir/cmake_pch.hxx.pch
Build for Windows	Build the mod	2026-04-09T01:00:21.2413326Z [26/34] Building CXX object CMakeFiles/DeviousEditorClassicRemastered.dir/geode-sdk-clone/entry.cpp.obj
Build for Windows	Build the mod	2026-04-09T01:00:23.4420343Z [27/34] Building CXX object CMakeFiles/DeviousEditorClassicRemastered.dir/src/IncomingInvitePopup.cpp.obj
Build for Windows	Build the mod	2026-04-09T01:00:23.4561071Z [28/34] Building CXX object CMakeFiles/DeviousEditorClassicRemastered.dir/src/UserDiscoveryPopup.cpp.obj
Build for Windows	Build the mod	2026-04-09T01:00:24.2046288Z [29/34] Building CXX object CMakeFiles/DeviousEditorClassicRemastered.dir/src/NetworkManager.cpp.obj
Build for Windows	Build the mod	2026-04-09T01:00:24.2048066Z In file included from D:/a/Devious-Editor-classic-Remastered/Devious-Editor-classic-Remastered/src/NetworkManager.cpp:1:
Build for Windows	Build the mod	2026-04-09T01:00:24.2050048Z D:/a/Devious-Editor-classic-Remastered/Devious-Editor-classic-Remastered/src\NetworkManager.hpp:11:9: warning: 'WIN32_LEAN_AND_MEAN' macro redefined [-Wmacro-redefined]
Build for Windows	Build the mod	2026-04-09T01:00:24.2051340Z    11 | #define WIN32_LEAN_AND_MEAN
Build for Windows	Build the mod	2026-04-09T01:00:24.2051750Z       |         ^
Build for Windows	Build the mod	2026-04-09T01:00:24.2052191Z <command line>:11:9: note: previous definition is here
Build for Windows	Build the mod	2026-04-09T01:00:24.2052711Z    11 | #define WIN32_LEAN_AND_MEAN 1
Build for Windows	Build the mod	2026-04-09T01:00:24.2053124Z       |         ^
Build for Windows	Build the mod	2026-04-09T01:00:24.2053785Z 1 warning generated.
Build for Windows	Build the mod	2026-04-09T01:00:24.2781714Z [30/34] Building CXX object CMakeFiles/DeviousEditorClassicRemastered.dir/src/CollaborationSession.cpp.obj
Build for Windows	Build the mod	2026-04-09T01:00:24.2783478Z FAILED: [code=1] CMakeFiles/DeviousEditorClassicRemastered.dir/src/CollaborationSession.cpp.obj 
Build for Windows	Build the mod	2026-04-09T01:00:24.2802902Z C:\Users\runneradmin\.cargo\bin\sccache C:\PROGRA~1\LLVM\bin\CLANG_~1.EXE -DARC_FEATURE_TIME=1 -DCURRENT_OS_WINDOWS -DDeviousEditorClassicRemastered_EXPORTS -DGEODE_COMP_GD_VERSION=22081 -DGEODE_GD_VERSION=2.2081 -DGEODE_GD_VERSION_STRING=\"2.2081\" -DGEODE_MOD_ID=\"bishop.devious_editor_classic_remastered\" -DMAT_JSON_DYNAMIC=1 -DNOMINMAX -DPROJECT_NAME=DeviousEditorClassicRemastered -DWIN32_LEAN_AND_MEAN -D_HAS_ITERATOR_DEBUGGING=0 -ID:/a/Devious-Editor-classic-Remastered/Devious-Editor-classic-Remastered/geode-sdk-clone/loader/include -ID:/a/Devious-Editor-classic-Remastered/Devious-Editor-classic-Remastered/geode-sdk-clone/loader/include/Geode/cocos/include -ID:/a/Devious-Editor-classic-Remastered/Devious-Editor-classic-Remastered/geode-sdk-clone/loader/include/Geode/cocos/extensions -ID:/a/Devious-Editor-classic-Remastered/Devious-Editor-classic-Remastered/geode-sdk-clone/loader/include/Geode/fmod -isystem D:/a/Devious-Editor-classic-Remastered/Devious-Editor-classic-Remastered/build/bindings/bindings -isystem D:/a/Devious-Editor-classic-Remastered/Devious-Editor-classic-Remastered/build/_deps/bindings-src/bindings/include -isystem D:/a/Devious-Editor-classic-Remastered/Devious-Editor-classic-Remastered/cpm-cache/fmt/6226/include -isystem D:/a/Devious-Editor-classic-Remastered/Devious-Editor-classic-Remastered/cpm-cache/tuliphook/37c6/include -isystem D:/a/Devious-Editor-classic-Remastered/Devious-Editor-classic-Remastered/cpm-cache/result/1b9c/include -isystem D:/a/Devious-Editor-classic-Remastered/Devious-Editor-classic-Remastered/cpm-cache/json/75ca/include -isystem D:/a/Devious-Editor-classic-Remastered/Devious-Editor-classic-Remastered/cpm-cache/nontype_functional/aaa0/include -isystem D:/a/Devious-Editor-classic-Remastered/Devious-Editor-classic-Remastered/cpm-cache/asp2/4dd3/include -isystem D:/a/Devious-Editor-classic-Remastered/Devious-Editor-classic-Remastered/cpm-cache/arc/70cb/include -O3 -DNDEBUG -std=gnu++23 -D_DLL -D_MT -Xclang --dependent-lib=msvcrt -flto=thin --target=x86_64-pc-windows-msvc -Werror=return-type -Xclang -include-pch -Xclang D:/a/Devious-Editor-classic-Remastered/Devious-Editor-classic-Remastered/build/CMakeFiles/DeviousEditorClassicRemastered.dir/cmake_pch.hxx.pch -Xclang -include -Xclang D:/a/Devious-Editor-classic-Remastered/Devious-Editor-classic-Remastered/build/CMakeFiles/DeviousEditorClassicRemastered.dir/cmake_pch.hxx -MD -MT CMakeFiles/DeviousEditorClassicRemastered.dir/src/CollaborationSession.cpp.obj -MF CMakeFiles\DeviousEditorClassicRemastered.dir\src\CollaborationSession.cpp.obj.d -o CMakeFiles/DeviousEditorClassicRemastered.dir/src/CollaborationSession.cpp.obj -c D:/a/Devious-Editor-classic-Remastered/Devious-Editor-classic-Remastered/src/CollaborationSession.cpp
Build for Windows	Build the mod	2026-04-09T01:00:24.2822706Z In file included from D:/a/Devious-Editor-classic-Remastered/Devious-Editor-classic-Remastered/src/CollaborationSession.cpp:2:
Build for Windows	Build the mod	2026-04-09T01:00:24.2824612Z D:/a/Devious-Editor-classic-Remastered/Devious-Editor-classic-Remastered/src\NetworkManager.hpp:11:9: warning: 'WIN32_LEAN_AND_MEAN' macro redefined [-Wmacro-redefined]
Build for Windows	Build the mod	2026-04-09T01:00:24.2825924Z    11 | #define WIN32_LEAN_AND_MEAN
Build for Windows	Build the mod	2026-04-09T01:00:24.2826312Z       |         ^
Build for Windows	Build the mod	2026-04-09T01:00:24.2826691Z <command line>:11:9: note: previous definition is here
Build for Windows	Build the mod	2026-04-09T01:00:24.2827173Z    11 | #define WIN32_LEAN_AND_MEAN 1
Build for Windows	Build the mod	2026-04-09T01:00:24.2827548Z       |         ^
Build for Windows	Build the mod	2026-04-09T01:00:24.2828666Z D:/a/Devious-Editor-classic-Remastered/Devious-Editor-classic-Remastered/src/CollaborationSession.cpp:247:24: error: no member named 'm_background' in 'LevelSettingsObject'
Build for Windows	Build the mod	2026-04-09T01:00:24.2829944Z   247 |     s.bg         = ls->m_background;
Build for Windows	Build the mod	2026-04-09T01:00:24.2830377Z       |                    ~~  ^
Build for Windows	Build the mod	2026-04-09T01:00:24.2831575Z D:/a/Devious-Editor-classic-Remastered/Devious-Editor-classic-Remastered/src/CollaborationSession.cpp:248:24: error: no member named 'm_ground' in 'LevelSettingsObject'
Build for Windows	Build the mod	2026-04-09T01:00:24.2834001Z   248 |     s.ground     = ls->m_ground;
Build for Windows	Build the mod	2026-04-09T01:00:24.2834404Z       |                    ~~  ^
Build for Windows	Build the mod	2026-04-09T01:00:24.2835512Z D:/a/Devious-Editor-classic-Remastered/Devious-Editor-classic-Remastered/src/CollaborationSession.cpp:261:9: error: no member named 'm_background' in 'LevelSettingsObject'
Build for Windows	Build the mod	2026-04-09T01:00:24.2836954Z   261 |     ls->m_background    = s.bg;
Build for Windows	Build the mod	2026-04-09T01:00:24.2837321Z       |     ~~  ^
Build for Windows	Build the mod	2026-04-09T01:00:24.2838413Z D:/a/Devious-Editor-classic-Remastered/Devious-Editor-classic-Remastered/src/CollaborationSession.cpp:262:9: error: no member named 'm_ground' in 'LevelSettingsObject'
Build for Windows	Build the mod	2026-04-09T01:00:24.2839611Z   262 |     ls->m_ground        = s.ground;
Build for Windows	Build the mod	2026-04-09T01:00:24.2839981Z       |     ~~  ^
Build for Windows	Build the mod	2026-04-09T01:00:24.2840986Z D:/a/Devious-Editor-classic-Remastered/Devious-Editor-classic-Remastered/src/CollaborationSession.cpp:264:39: error: unknown type name 'PlayerGamemode'
Build for Windows	Build the mod	2026-04-09T01:00:24.2842660Z   264 |     ls->m_startMode     = static_cast<PlayerGamemode>(s.gameMode);
Build for Windows	Build the mod	2026-04-09T01:00:24.2843237Z       |                                       ^
Build for Windows	Build the mod	2026-04-09T01:00:24.2844914Z D:/a/Devious-Editor-classic-Remastered/Devious-Editor-classic-Remastered/src/CollaborationSession.cpp:297:5: error: static assertion failed: Please use `for (auto obj : CCArrayExt(arr))` or `for (auto obj : CCArrayExt<NodeType*>(arr))` instead, this macro has been removed in Geode v5
Build for Windows	Build the mod	2026-04-09T01:00:24.2847382Z When iterating over the children of a node, `for (CCNode* node : node->getChildrenExt())` or `for (CCNode* node : node->getChildrenExt<NodeType*>())` can also be used
Build for Windows	Build the mod	2026-04-09T01:00:24.2848288Z 
Build for Windows	Build the mod	2026-04-09T01:00:24.2848457Z   297 |     CCARRAY_FOREACH(children, raw) {
Build for Windows	Build the mod	2026-04-09T01:00:24.2848879Z       |     ^~~~~~~~~~~~~~~~~~~~~~~~~~~~~~
Build for Windows	Build the mod	2026-04-09T01:00:24.2850555Z D:\a\Devious-Editor-classic-Remastered\Devious-Editor-classic-Remastered\geode-sdk-clone\loader\include\Geode\cocos\extensions\GUI\CCControlExtension\..\..\..\include\..\actions\..\base_nodes\..\cocoa\CCArray.h:36:19: note: expanded from macro 'CCARRAY_FOREACH'
Build for Windows	Build the mod	2026-04-09T01:00:24.2852265Z    36 |     static_assert(false, \
Build for Windows	Build the mod	2026-04-09T01:00:24.2852628Z       |                   ^~~~~
Build for Windows	Build the mod	2026-04-09T01:00:24.2853735Z D:/a/Devious-Editor-classic-Remastered/Devious-Editor-classic-Remastered/src/CollaborationSession.cpp:299:19: error: 'continue' statement not in loop statement
Build for Windows	Build the mod	2026-04-09T01:00:24.2854929Z   299 |         if (!obj) continue;
Build for Windows	Build the mod	2026-04-09T01:00:24.2855312Z       |                   ^
Build for Windows	Build the mod	2026-04-09T01:00:24.2856323Z D:/a/Devious-Editor-classic-Remastered/Devious-Editor-classic-Remastered/src/CollaborationSession.cpp:301:87: error: 'continue' statement not in loop statement
Build for Windows	Build the mod	2026-04-09T01:00:24.2857773Z   301 |         if (obj->getTag() >= CURSOR_BASE_TAG && obj->getTag() < CURSOR_BASE_TAG + 10) continue;
Build for Windows	Build the mod	2026-04-09T01:00:24.2858551Z       |                                                                                       ^
Build for Windows	Build the mod	2026-04-09T01:00:24.2860424Z D:/a/Devious-Editor-classic-Remastered/Devious-Editor-classic-Remastered/src/CollaborationSession.cpp:381:17: error: static assertion failed: Please use `for (auto obj : CCArrayExt(arr))` or `for (auto obj : CCArrayExt<NodeType*>(arr))` instead, this macro has been removed in Geode v5
Build for Windows	Build the mod	2026-04-09T01:00:24.2863168Z When iterating over the children of a node, `for (CCNode* node : node->getChildrenExt())` or `for (CCNode* node : node->getChildrenExt<NodeType*>())` can also be used
Build for Windows	Build the mod	2026-04-09T01:00:24.2864109Z 
Build for Windows	Build the mod	2026-04-09T01:00:24.2864291Z   381 |                 CCARRAY_FOREACH(children, raw) {
Build for Windows	Build the mod	2026-04-09T01:00:24.2864762Z       |                 ^~~~~~~~~~~~~~~~~~~~~~~~~~~~~~
Build for Windows	Build the mod	2026-04-09T01:00:24.2866485Z D:\a\Devious-Editor-classic-Remastered\Devious-Editor-classic-Remastered\geode-sdk-clone\loader\include\Geode\cocos\extensions\GUI\CCControlExtension\..\..\..\include\..\actions\..\base_nodes\..\cocoa\CCArray.h:36:19: note: expanded from macro 'CCARRAY_FOREACH'
Build for Windows	Build the mod	2026-04-09T01:00:24.2868245Z    36 |     static_assert(false, \
Build for Windows	Build the mod	2026-04-09T01:00:24.2868878Z       |                   ^~~~~
Build for Windows	Build the mod	2026-04-09T01:00:24.2870129Z D:/a/Devious-Editor-classic-Remastered/Devious-Editor-classic-Remastered/src/CollaborationSession.cpp:390:22: error: no member named 'removeObjectFromLevel' in 'LevelEditorLayer'
Build for Windows	Build the mod	2026-04-09T01:00:24.2871514Z   390 |                 edl->removeObjectFromLevel(obj);
Build for Windows	Build the mod	2026-04-09T01:00:24.2872204Z       |                 ~~~  ^
Build for Windows	Build the mod	2026-04-09T01:00:24.2873425Z D:/a/Devious-Editor-classic-Remastered/Devious-Editor-classic-Remastered/src/CollaborationSession.cpp:496:10: error: no member named 'removeObjectFromLevel' in 'LevelEditorLayer'
Build for Windows	Build the mod	2026-04-09T01:00:24.2874815Z   496 |     edl->removeObjectFromLevel(obj);
Build for Windows	Build the mod	2026-04-09T01:00:24.2875239Z       |     ~~~  ^
Build for Windows	Build the mod	2026-04-09T01:00:24.2875550Z 1 warning and 11 errors generated.
Build for Windows	Build the mod	2026-04-09T01:00:25.9229640Z [31/34] Building CXX object CMakeFiles/DeviousEditorClassicRemastered.dir/src/main.cpp.obj
Build for Windows	Build the mod	2026-04-09T01:00:25.9230356Z FAILED: [code=1] CMakeFiles/DeviousEditorClassicRemastered.dir/src/main.cpp.obj 
Build for Windows	Build the mod	2026-04-09T01:00:25.9244699Z C:\Users\runneradmin\.cargo\bin\sccache C:\PROGRA~1\LLVM\bin\CLANG_~1.EXE -DARC_FEATURE_TIME=1 -DCURRENT_OS_WINDOWS -DDeviousEditorClassicRemastered_EXPORTS -DGEODE_COMP_GD_VERSION=22081 -DGEODE_GD_VERSION=2.2081 -DGEODE_GD_VERSION_STRING=\"2.2081\" -DGEODE_MOD_ID=\"bishop.devious_editor_classic_remastered\" -DMAT_JSON_DYNAMIC=1 -DNOMINMAX -DPROJECT_NAME=DeviousEditorClassicRemastered -DWIN32_LEAN_AND_MEAN -D_HAS_ITERATOR_DEBUGGING=0 -ID:/a/Devious-Editor-classic-Remastered/Devious-Editor-classic-Remastered/geode-sdk-clone/loader/include -ID:/a/Devious-Editor-classic-Remastered/Devious-Editor-classic-Remastered/geode-sdk-clone/loader/include/Geode/cocos/include -ID:/a/Devious-Editor-classic-Remastered/Devious-Editor-classic-Remastered/geode-sdk-clone/loader/include/Geode/cocos/extensions -ID:/a/Devious-Editor-classic-Remastered/Devious-Editor-classic-Remastered/geode-sdk-clone/loader/include/Geode/fmod -isystem D:/a/Devious-Editor-classic-Remastered/Devious-Editor-classic-Remastered/build/bindings/bindings -isystem D:/a/Devious-Editor-classic-Remastered/Devious-Editor-classic-Remastered/build/_deps/bindings-src/bindings/include -isystem D:/a/Devious-Editor-classic-Remastered/Devious-Editor-classic-Remastered/cpm-cache/fmt/6226/include -isystem D:/a/Devious-Editor-classic-Remastered/Devious-Editor-classic-Remastered/cpm-cache/tuliphook/37c6/include -isystem D:/a/Devious-Editor-classic-Remastered/Devious-Editor-classic-Remastered/cpm-cache/result/1b9c/include -isystem D:/a/Devious-Editor-classic-Remastered/Devious-Editor-classic-Remastered/cpm-cache/json/75ca/include -isystem D:/a/Devious-Editor-classic-Remastered/Devious-Editor-classic-Remastered/cpm-cache/nontype_functional/aaa0/include -isystem D:/a/Devious-Editor-classic-Remastered/Devious-Editor-classic-Remastered/cpm-cache/asp2/4dd3/include -isystem D:/a/Devious-Editor-classic-Remastered/Devious-Editor-classic-Remastered/cpm-cache/arc/70cb/include -O3 -DNDEBUG -std=gnu++23 -D_DLL -D_MT -Xclang --dependent-lib=msvcrt -flto=thin --target=x86_64-pc-windows-msvc -Werror=return-type -Xclang -include-pch -Xclang D:/a/Devious-Editor-classic-Remastered/Devious-Editor-classic-Remastered/build/CMakeFiles/DeviousEditorClassicRemastered.dir/cmake_pch.hxx.pch -Xclang -include -Xclang D:/a/Devious-Editor-classic-Remastered/Devious-Editor-classic-Remastered/build/CMakeFiles/DeviousEditorClassicRemastered.dir/cmake_pch.hxx -MD -MT CMakeFiles/DeviousEditorClassicRemastered.dir/src/main.cpp.obj -MF CMakeFiles\DeviousEditorClassicRemastered.dir\src\main.cpp.obj.d -o CMakeFiles/DeviousEditorClassicRemastered.dir/src/main.cpp.obj -c D:/a/Devious-Editor-classic-Remastered/Devious-Editor-classic-Remastered/src/main.cpp
Build for Windows	Build the mod	2026-04-09T01:00:25.9254885Z In file included from D:/a/Devious-Editor-classic-Remastered/Devious-Editor-classic-Remastered/src/main.cpp:5:
Build for Windows	Build the mod	2026-04-09T01:00:25.9255794Z D:/a/Devious-Editor-classic-Remastered/Devious-Editor-classic-Remastered/src\NetworkManager.hpp:11:9: warning: 'WIN32_LEAN_AND_MEAN' macro redefined [-Wmacro-redefined]
Build for Windows	Build the mod	2026-04-09T01:00:25.9256728Z    11 | #define WIN32_LEAN_AND_MEAN
Build for Windows	Build the mod	2026-04-09T01:00:25.9256948Z       |         ^
Build for Windows	Build the mod	2026-04-09T01:00:25.9257187Z <command line>:11:9: note: previous definition is here
Build for Windows	Build the mod	2026-04-09T01:00:25.9257489Z    11 | #define WIN32_LEAN_AND_MEAN 1
Build for Windows	Build the mod	2026-04-09T01:00:25.9257713Z       |         ^
Build for Windows	Build the mod	2026-04-09T01:00:25.9258946Z D:/a/Devious-Editor-classic-Remastered/Devious-Editor-classic-Remastered/src/main.cpp:62:27: error: no type named 'addObjectToLevel' in 'LevelEditorLayer'
Build for Windows	Build the mod	2026-04-09T01:00:25.9259653Z    62 |         LevelEditorLayer::addObjectToLevel(obj);
Build for Windows	Build the mod	2026-04-09T01:00:25.9259933Z       |         ~~~~~~~~~~~~~~~~~~^
Build for Windows	Build the mod	2026-04-09T01:00:25.9260538Z D:/a/Devious-Editor-classic-Remastered/Devious-Editor-classic-Remastered/src/main.cpp:70:27: error: no type named 'removeObjectFromLevel' in 'LevelEditorLayer'
Build for Windows	Build the mod	2026-04-09T01:00:25.9261221Z    70 |         LevelEditorLayer::removeObjectFromLevel(obj);
Build for Windows	Build the mod	2026-04-09T01:00:25.9261509Z       |         ~~~~~~~~~~~~~~~~~~^
Build for Windows	Build the mod	2026-04-09T01:00:25.9261743Z 1 warning and 2 errors generated.
Build for Windows	Build the mod	2026-04-09T01:00:25.9262000Z ninja: build stopped: subcommand failed.
Build for Windows	Build the mod	2026-04-09T01:00:25.9350892Z ##[error]Process completed with exit code 1.
Build for macOS	Build the mod	∩╗┐2026-04-09T00:58:49.0734000Z ##[group]Run geode-sdk/build-geode-mod@main
Build for macOS	Build the mod	2026-04-09T00:58:49.0734270Z with:
Build for macOS	Build the mod	2026-04-09T00:58:49.0734480Z   configure-args: -DCMAKE_POLICY_VERSION_MINIMUM=3.5
Build for macOS	Build the mod	2026-04-09T00:58:49.0734690Z   sdk: given
Build for macOS	Build the mod	2026-04-09T00:58:49.0734810Z   cli: latest
Build for macOS	Build the mod	2026-04-09T00:58:49.0734950Z   build-config: Release
Build for macOS	Build the mod	2026-04-09T00:58:49.0735090Z   path: ./
Build for macOS	Build the mod	2026-04-09T00:58:49.0735210Z   combine: false
Build for macOS	Build the mod	2026-04-09T00:58:49.0735350Z   bindings: geode-sdk/bindings
Build for macOS	Build the mod	2026-04-09T00:58:49.0735510Z   android-min-sdk: 23
Build for macOS	Build the mod	2026-04-09T00:58:49.0735660Z   ccache-variant: default
Build for macOS	Build the mod	2026-04-09T00:58:49.0735830Z   use-cpm-cache: true
Build for macOS	Build the mod	2026-04-09T00:58:49.0735970Z   export-pdb: false
Build for macOS	Build the mod	2026-04-09T00:58:49.0736110Z   export-debug: false
Build for macOS	Build the mod	2026-04-09T00:58:49.0736250Z   use-lto: true
Build for macOS	Build the mod	2026-04-09T00:58:49.0736400Z   bundle-pdb: false
Build for macOS	Build the mod	2026-04-09T00:58:49.0736570Z   export-symbols: false
Build for macOS	Build the mod	2026-04-09T00:58:49.0736720Z env:
Build for macOS	Build the mod	2026-04-09T00:58:49.0736850Z   FORCE_JAVASCRIPT_ACTIONS_TO_NODE24: true
Build for macOS	Build the mod	2026-04-09T00:58:49.0737050Z ##[endgroup]
Build for macOS	Build the mod	2026-04-09T00:58:49.0831530Z ##[group]Run DEFAULT_TARGET=Win64
Build for macOS	Build the mod	2026-04-09T00:58:49.0831850Z [36;1mDEFAULT_TARGET=Win64[0m
Build for macOS	Build the mod	2026-04-09T00:58:49.0832040Z [36;1mDEFAULT_CCACHE=sccache[0m
Build for macOS	Build the mod	2026-04-09T00:58:49.0832230Z [36;1mif [ "$RUNNER_OS" = "Linux" ]; then[0m
Build for macOS	Build the mod	2026-04-09T00:58:49.0832430Z [36;1m  ID=linux[0m
Build for macOS	Build the mod	2026-04-09T00:58:49.0832580Z [36;1m  DEFAULT_TARGET=Android64[0m
Build for macOS	Build the mod	2026-04-09T00:58:49.0832990Z [36;1melif [ "$RUNNER_OS" = "Windows" ]; then[0m
Build for macOS	Build the mod	2026-04-09T00:58:49.0833190Z [36;1m  ID=win[0m
Build for macOS	Build the mod	2026-04-09T00:58:49.0833330Z [36;1m  DEFAULT_TARGET=Win64[0m
Build for macOS	Build the mod	2026-04-09T00:58:49.0833530Z [36;1melif [ "$RUNNER_OS" = "macOS" ]; then[0m
Build for macOS	Build the mod	2026-04-09T00:58:49.0833770Z [36;1m  ID=mac[0m
Build for macOS	Build the mod	2026-04-09T00:58:49.0834030Z [36;1m  DEFAULT_TARGET=MacOS[0m
Build for macOS	Build the mod	2026-04-09T00:58:49.0834300Z [36;1m  DEFAULT_CCACHE=[0m
Build for macOS	Build the mod	2026-04-09T00:58:49.0834570Z [36;1mfi[0m
Build for macOS	Build the mod	2026-04-09T00:58:49.0834700Z [36;1m[0m
Build for macOS	Build the mod	2026-04-09T00:58:49.0835000Z [36;1mCCACHE_VARIANT=default[0m
Build for macOS	Build the mod	2026-04-09T00:58:49.0837240Z [36;1mif [ "$CCACHE_VARIANT" = "default" ]; then[0m
Build for macOS	Build the mod	2026-04-09T00:58:49.0837590Z [36;1m  CCACHE_VARIANT=$DEFAULT_CCACHE[0m
Build for macOS	Build the mod	2026-04-09T00:58:49.0837790Z [36;1mfi[0m
Build for macOS	Build the mod	2026-04-09T00:58:49.0838000Z [36;1m[0m
Build for macOS	Build the mod	2026-04-09T00:58:49.0838220Z [36;1mTARGET=[0m
Build for macOS	Build the mod	2026-04-09T00:58:49.0838470Z [36;1mif [ "$TARGET" = "" ]; then[0m
Build for macOS	Build the mod	2026-04-09T00:58:49.0838870Z [36;1m  TARGET=$DEFAULT_TARGET[0m
Build for macOS	Build the mod	2026-04-09T00:58:49.0839140Z [36;1mfi[0m
Build for macOS	Build the mod	2026-04-09T00:58:49.0839360Z [36;1m[0m
Build for macOS	Build the mod	2026-04-09T00:58:49.0839510Z [36;1mif [ "$TARGET" = "Android32" ]; then[0m
Build for macOS	Build the mod	2026-04-09T00:58:49.0839810Z [36;1m  OUTPUT_ID=android32[0m
Build for macOS	Build the mod	2026-04-09T00:58:49.0840060Z [36;1melif [ "$TARGET" = "Android64" ]; then[0m
Build for macOS	Build the mod	2026-04-09T00:58:49.0840280Z [36;1m  OUTPUT_ID=android64[0m
Build for macOS	Build the mod	2026-04-09T00:58:49.0856530Z [36;1melif [ "$TARGET" = "Win64" ]; then[0m
Build for macOS	Build the mod	2026-04-09T00:58:49.0856760Z [36;1m  OUTPUT_ID=win[0m
Build for macOS	Build the mod	2026-04-09T00:58:49.0856970Z [36;1melif [ "$TARGET" = "MacOS" ]; then[0m
Build for macOS	Build the mod	2026-04-09T00:58:49.0857600Z [36;1m  OUTPUT_ID=mac[0m
Build for macOS	Build the mod	2026-04-09T00:58:49.0857770Z [36;1melif [ "$TARGET" = "iOS" ]; then[0m
Build for macOS	Build the mod	2026-04-09T00:58:49.0857970Z [36;1m  OUTPUT_ID=ios[0m
Build for macOS	Build the mod	2026-04-09T00:58:49.0858110Z [36;1mfi[0m
Build for macOS	Build the mod	2026-04-09T00:58:49.0858230Z [36;1m[0m
Build for macOS	Build the mod	2026-04-09T00:58:49.0858370Z [36;1mecho "id=$ID" >> $GITHUB_OUTPUT[0m
Build for macOS	Build the mod	2026-04-09T00:58:49.0858610Z [36;1mecho "target=$TARGET" >> $GITHUB_OUTPUT[0m
Build for macOS	Build the mod	2026-04-09T00:58:49.0858880Z [36;1mecho "target_id=$OUTPUT_ID" >> $GITHUB_OUTPUT[0m
Build for macOS	Build the mod	2026-04-09T00:58:49.0859170Z [36;1mecho "ccache_variant=$CCACHE_VARIANT" >> $GITHUB_OUTPUT[0m
Build for macOS	Build the mod	2026-04-09T00:58:49.0899740Z shell: /bin/bash --noprofile --norc -e -o pipefail {0}
Build for macOS	Build the mod	2026-04-09T00:58:49.0899990Z env:
Build for macOS	Build the mod	2026-04-09T00:58:49.0900120Z   FORCE_JAVASCRIPT_ACTIONS_TO_NODE24: true
Build for macOS	Build the mod	2026-04-09T00:58:49.0900300Z ##[endgroup]
Build for macOS	Build the mod	2026-04-09T00:58:49.3456820Z ##[group]Run actions/cache@v4
Build for macOS	Build the mod	2026-04-09T00:58:49.3457070Z with:
Build for macOS	Build the mod	2026-04-09T00:58:49.3457390Z   path: /Users/runner/work/Devious-Editor-classic-Remastered/Devious-Editor-classic-Remastered/cpm-cache
Build for macOS	Build the mod	2026-04-09T00:58:49.3457910Z   key: cpm-mac-v1-8099eb9cfdf046aebc828817217b02867d1559c0b2448b0cdc3e1ce355c38732
Build for macOS	Build the mod	2026-04-09T00:58:49.3458640Z   restore-keys: cpm-mac-v1-
Build for macOS	Build the mod	
Build for macOS	Build the mod	2026-04-09T00:58:49.3458820Z   enableCrossOsArchive: false
Build for macOS	Build the mod	2026-04-09T00:58:49.3459010Z   fail-on-cache-miss: false
Build for macOS	Build the mod	2026-04-09T00:58:49.3459170Z   lookup-only: false
Build for macOS	Build the mod	2026-04-09T00:58:49.3459310Z   save-always: false
Build for macOS	Build the mod	2026-04-09T00:58:49.3459450Z env:
Build for macOS	Build the mod	2026-04-09T00:58:49.3459600Z   FORCE_JAVASCRIPT_ACTIONS_TO_NODE24: true
Build for macOS	Build the mod	2026-04-09T00:58:49.3459780Z ##[endgroup]
Build for macOS	Build the mod	2026-04-09T00:58:49.4254100Z (node:53817) [DEP0040] DeprecationWarning: The `punycode` module is deprecated. Please use a userland alternative instead.
Build for macOS	Build the mod	2026-04-09T00:58:49.4254740Z (Use `node --trace-deprecation ...` to show where the warning was created)
Build for macOS	Build the mod	2026-04-09T00:58:49.6246580Z (node:53817) [DEP0169] DeprecationWarning: `url.parse()` behavior is not standardized and prone to errors that have security implications. Use the WHATWG URL API instead. CVEs are not issued for `url.parse()` vulnerabilities.
Build for macOS	Build the mod	2026-04-09T00:58:49.6387720Z Cache hit for: cpm-mac-v1-8099eb9cfdf046aebc828817217b02867d1559c0b2448b0cdc3e1ce355c38732
Build for macOS	Build the mod	2026-04-09T00:58:50.4158180Z Received 5734429 of 5734429 (100.0%), 9.0 MBs/sec
Build for macOS	Build the mod	2026-04-09T00:58:50.4164010Z Cache Size: ~5 MB (5734429 B)
Build for macOS	Build the mod	2026-04-09T00:58:50.4218830Z [command]/opt/homebrew/bin/gtar -xf /Users/runner/work/_temp/b2575a1b-461b-4e71-91ea-787c0102d20c/cache.tzst -P -C /Users/runner/work/Devious-Editor-classic-Remastered/Devious-Editor-classic-Remastered --delay-directory-restore --use-compress-program unzstd
Build for macOS	Build the mod	2026-04-09T00:58:50.5509400Z Cache restored successfully
Build for macOS	Build the mod	2026-04-09T00:58:50.5712640Z Cache restored from key: cpm-mac-v1-8099eb9cfdf046aebc828817217b02867d1559c0b2448b0cdc3e1ce355c38732
Build for macOS	Build the mod	2026-04-09T00:58:50.5871640Z ##[group]Run curl -L https://github.com/ninja-build/ninja/releases/latest/download/ninja-mac.zip -o ninja.zip
Build for macOS	Build the mod	2026-04-09T00:58:50.5872330Z [36;1mcurl -L https://github.com/ninja-build/ninja/releases/latest/download/ninja-mac.zip -o ninja.zip[0m
Build for macOS	Build the mod	2026-04-09T00:58:50.5872780Z [36;1m7z x ninja.zip -o"$GITHUB_WORKSPACE/ninja"[0m
Build for macOS	Build the mod	2026-04-09T00:58:50.5873070Z [36;1mecho "$GITHUB_WORKSPACE/ninja" >> $GITHUB_PATH[0m
Build for macOS	Build the mod	2026-04-09T00:58:50.5936490Z shell: /bin/bash --noprofile --norc -e -o pipefail {0}
Build for macOS	Build the mod	2026-04-09T00:58:50.5936760Z env:
Build for macOS	Build the mod	2026-04-09T00:58:50.5936910Z   FORCE_JAVASCRIPT_ACTIONS_TO_NODE24: true
Build for macOS	Build the mod	2026-04-09T00:58:50.5937110Z ##[endgroup]
Build for macOS	Build the mod	2026-04-09T00:58:50.6432650Z   % Total    % Received % Xferd  Average Speed   Time    Time     Time  Current
Build for macOS	Build the mod	2026-04-09T00:58:50.6433440Z                                  Dload  Upload   Total   Spent    Left  Speed
Build for macOS	Build the mod	2026-04-09T00:58:50.6434100Z 
Build for macOS	Build the mod	2026-04-09T00:58:50.9156790Z   0     0    0     0    0     0      0      0 --:--:-- --:--:-- --:--:--     0
Build for macOS	Build the mod	2026-04-09T00:58:50.9157500Z   0     0    0     0    0     0      0      0 --:--:-- --:--:-- --:--:--     0
Build for macOS	Build the mod	2026-04-09T00:58:51.0887180Z 
Build for macOS	Build the mod	2026-04-09T00:58:51.0936060Z   0     0    0     0    0     0      0      0 --:--:-- --:--:-- --:--:--     0
Build for macOS	Build the mod	2026-04-09T00:58:51.1734780Z 
Build for macOS	Build the mod	2026-04-09T00:58:51.1735350Z 100  306k  100  306k    0     0   578k      0 --:--:-- --:--:-- --:--:--  578k
Build for macOS	Build the mod	2026-04-09T00:58:51.1944620Z 
Build for macOS	Build the mod	2026-04-09T00:58:51.1945060Z 7-Zip [64] 17.05 : Copyright (c) 1999-2021 Igor Pavlov : 2017-08-28
Build for macOS	Build the mod	2026-04-09T00:58:51.1945470Z p7zip Version 17.05 (locale=utf8,Utf16=on,HugeFiles=on,64 bits,3 CPUs LE)
Build for macOS	Build the mod	2026-04-09T00:58:51.1945880Z 
Build for macOS	Build the mod	2026-04-09T00:58:51.1946080Z Scanning the drive for archives:
Build for macOS	Build the mod	2026-04-09T00:58:51.1946410Z 1 file, 314051 bytes (307 KiB)
Build for macOS	Build the mod	2026-04-09T00:58:51.1946640Z 
Build for macOS	Build the mod	2026-04-09T00:58:51.1946810Z Extracting archive: ninja.zip
Build for macOS	Build the mod	2026-04-09T00:58:51.2005050Z --
Build for macOS	Build the mod	2026-04-09T00:58:51.2005290Z Path = ninja.zip
Build for macOS	Build the mod	2026-04-09T00:58:51.2005460Z Type = zip
Build for macOS	Build the mod	2026-04-09T00:58:51.2005620Z Physical Size = 314051
Build for macOS	Build the mod	2026-04-09T00:58:51.2005740Z 
Build for macOS	Build the mod	2026-04-09T00:58:51.2006110Z Everything is Ok
Build for macOS	Build the mod	2026-04-09T00:58:51.2006350Z 
Build for macOS	Build the mod	2026-04-09T00:58:51.2006430Z Size:       828128
Build for macOS	Build the mod	2026-04-09T00:58:51.2006610Z Compressed: 314051
Build for macOS	Build the mod	2026-04-09T00:58:51.2067030Z ##[group]Run geode-sdk/cli/.github/actions/setup@main
Build for macOS	Build the mod	2026-04-09T00:58:51.2067270Z with:
Build for macOS	Build the mod	2026-04-09T00:58:51.2067640Z   version: latest
Build for macOS	Build the mod	2026-04-09T00:58:51.2067780Z env:
Build for macOS	Build the mod	2026-04-09T00:58:51.2067920Z   FORCE_JAVASCRIPT_ACTIONS_TO_NODE24: true
Build for macOS	Build the mod	2026-04-09T00:58:51.2068140Z ##[endgroup]
Build for macOS	Build the mod	2026-04-09T00:58:51.2080270Z ##[group]Run if [ "$RUNNER_OS" = "Linux" ]; then
Build for macOS	Build the mod	2026-04-09T00:58:51.2080530Z [36;1mif [ "$RUNNER_OS" = "Linux" ]; then[0m
Build for macOS	Build the mod	2026-04-09T00:58:51.2080780Z [36;1m  echo "host=linux" >> $GITHUB_OUTPUT[0m
Build for macOS	Build the mod	2026-04-09T00:58:51.2081010Z [36;1melif [ "$RUNNER_OS" = "Windows" ]; then[0m
Build for macOS	Build the mod	2026-04-09T00:58:51.2081250Z [36;1m  echo "host=win" >> $GITHUB_OUTPUT[0m
Build for macOS	Build the mod	2026-04-09T00:58:51.2081490Z [36;1melif [ "$RUNNER_OS" = "macOS" ]; then[0m
Build for macOS	Build the mod	2026-04-09T00:58:51.2081710Z [36;1m  echo "host=mac" >> $GITHUB_OUTPUT[0m
Build for macOS	Build the mod	2026-04-09T00:58:51.2081900Z [36;1mfi[0m
Build for macOS	Build the mod	2026-04-09T00:58:51.2114160Z shell: /bin/bash --noprofile --norc -e -o pipefail {0}
Build for macOS	Build the mod	2026-04-09T00:58:51.2114420Z env:
Build for macOS	Build the mod	2026-04-09T00:58:51.2114560Z   FORCE_JAVASCRIPT_ACTIONS_TO_NODE24: true
Build for macOS	Build the mod	2026-04-09T00:58:51.2114760Z ##[endgroup]
Build for macOS	Build the mod	2026-04-09T00:58:51.2325950Z ##[group]Run robinraju/release-downloader@v1.10
Build for macOS	Build the mod	2026-04-09T00:58:51.2326220Z with:
Build for macOS	Build the mod	2026-04-09T00:58:51.2326340Z   repository: geode-sdk/cli
Build for macOS	Build the mod	2026-04-09T00:58:51.2326500Z   latest: true
Build for macOS	Build the mod	2026-04-09T00:58:51.2326640Z   fileName: *-mac.zip
Build for macOS	Build the mod	2026-04-09T00:58:51.2326790Z   tarBall: false
Build for macOS	Build the mod	2026-04-09T00:58:51.2326910Z   zipBall: false
Build for macOS	Build the mod	2026-04-09T00:58:51.2327050Z   out-file-path: my-epic-geode-cli
Build for macOS	Build the mod	2026-04-09T00:58:51.2327220Z   preRelease: false
Build for macOS	Build the mod	2026-04-09T00:58:51.2327350Z   extract: false
Build for macOS	Build the mod	2026-04-09T00:58:51.2327540Z   token: ***
Build for macOS	Build the mod	2026-04-09T00:58:51.2327680Z   github-api-url: https://api.github.com
Build for macOS	Build the mod	2026-04-09T00:58:51.2327860Z env:
Build for macOS	Build the mod	2026-04-09T00:58:51.2328000Z   FORCE_JAVASCRIPT_ACTIONS_TO_NODE24: true
Build for macOS	Build the mod	2026-04-09T00:58:51.2328180Z ##[endgroup]
Build for macOS	Build the mod	2026-04-09T00:58:51.3263400Z Fetching latest release for repo geode-sdk/cli
Build for macOS	Build the mod	2026-04-09T00:58:51.3365200Z (node:53840) [DEP0169] DeprecationWarning: `url.parse()` behavior is not standardized and prone to errors that have security implications. Use the WHATWG URL API instead. CVEs are not issued for `url.parse()` vulnerabilities.
Build for macOS	Build the mod	2026-04-09T00:58:51.3465320Z (Use `node --trace-deprecation ...` to show where the warning was created)
Build for macOS	Build the mod	2026-04-09T00:58:51.6681570Z Found latest release version: v3.7.4
Build for macOS	Build the mod	2026-04-09T00:58:51.6686680Z Downloading file: geode-cli-v3.7.4-mac.zip to: /Users/runner/work/Devious-Editor-classic-Remastered/Devious-Editor-classic-Remastered/my-epic-geode-cli
Build for macOS	Build the mod	2026-04-09T00:58:51.9995990Z Done: /Users/runner/work/Devious-Editor-classic-Remastered/Devious-Editor-classic-Remastered/my-epic-geode-cli/geode-cli-v3.7.4-mac.zip
Build for macOS	Build the mod	2026-04-09T00:58:52.0039120Z ##[group]Run 7z x "my-epic-geode-cli/*-mac.zip" -omy-epic-geode-cli
Build for macOS	Build the mod	2026-04-09T00:58:52.0039510Z [36;1m7z x "my-epic-geode-cli/*-mac.zip" -omy-epic-geode-cli[0m
Build for macOS	Build the mod	2026-04-09T00:58:52.0039880Z [36;1mchmod +x my-epic-geode-cli/geode[0m
Build for macOS	Build the mod	2026-04-09T00:58:52.0040170Z [36;1mecho "$GITHUB_WORKSPACE/my-epic-geode-cli" >> $GITHUB_PATH[0m
Build for macOS	Build the mod	2026-04-09T00:58:52.0070760Z shell: /bin/bash --noprofile --norc -e -o pipefail {0}
Build for macOS	Build the mod	2026-04-09T00:58:52.0071000Z env:
Build for macOS	Build the mod	2026-04-09T00:58:52.0071160Z   FORCE_JAVASCRIPT_ACTIONS_TO_NODE24: true
Build for macOS	Build the mod	2026-04-09T00:58:52.0071360Z ##[endgroup]
Build for macOS	Build the mod	2026-04-09T00:58:52.0320260Z 
Build for macOS	Build the mod	2026-04-09T00:58:52.0320960Z 7-Zip [64] 17.05 : Copyright (c) 1999-2021 Igor Pavlov : 2017-08-28
Build for macOS	Build the mod	2026-04-09T00:58:52.0321480Z p7zip Version 17.05 (locale=utf8,Utf16=on,HugeFiles=on,64 bits,3 CPUs LE)
Build for macOS	Build the mod	2026-04-09T00:58:52.0321700Z 
Build for macOS	Build the mod	2026-04-09T00:58:52.0321780Z Scanning the drive for archives:
Build for macOS	Build the mod	2026-04-09T00:58:52.0322010Z 1 file, 8454422 bytes (8257 KiB)
Build for macOS	Build the mod	2026-04-09T00:58:52.0322150Z 
Build for macOS	Build the mod	2026-04-09T00:58:52.0322290Z Extracting archive: my-epic-geode-cli/geode-cli-v3.7.4-mac.zip
Build for macOS	Build the mod	2026-04-09T00:58:52.2183200Z --
Build for macOS	Build the mod	2026-04-09T00:58:52.2183510Z Path = my-epic-geode-cli/geode-cli-v3.7.4-mac.zip
Build for macOS	Build the mod	2026-04-09T00:58:52.2183760Z Type = zip
Build for macOS	Build the mod	2026-04-09T00:58:52.2183920Z Physical Size = 8454422
Build for macOS	Build the mod	2026-04-09T00:58:52.2184100Z 
Build for macOS	Build the mod	2026-04-09T00:58:52.2184180Z Everything is Ok
Build for macOS	Build the mod	2026-04-09T00:58:52.2184350Z 
Build for macOS	Build the mod	2026-04-09T00:58:52.2184400Z Size:       21134952
Build for macOS	Build the mod	2026-04-09T00:58:52.2185010Z Compressed: 8454422
Build for macOS	Build the mod	2026-04-09T00:58:52.2363690Z ##[group]Run export CLI_PROFILE="/Users/runner/work/Devious-Editor-classic-Remastered/Devious-Editor-classic-Remastered/cli-profile"
Build for macOS	Build the mod	2026-04-09T00:58:52.2364530Z [36;1mexport CLI_PROFILE="/Users/runner/work/Devious-Editor-classic-Remastered/Devious-Editor-classic-Remastered/cli-profile"[0m
Build for macOS	Build the mod	2026-04-09T00:58:52.2365010Z [36;1m# for windows[0m
Build for macOS	Build the mod	2026-04-09T00:58:52.2365210Z [36;1mmkdir -p "$CLI_PROFILE/geode/mods"[0m
Build for macOS	Build the mod	2026-04-09T00:58:52.2365420Z [36;1m# for mac[0m
Build for macOS	Build the mod	2026-04-09T00:58:52.2365610Z [36;1mmkdir -p "$CLI_PROFILE/Contents/geode/mods"[0m
Build for macOS	Build the mod	2026-04-09T00:58:52.2365980Z [36;1mgeode profile add --name GithubActions "$CLI_PROFILE/GeometryDash.exe" win[0m
Build for macOS	Build the mod	2026-04-09T00:58:52.2366290Z [36;1m[0m
Build for macOS	Build the mod	2026-04-09T00:58:52.2366710Z [36;1mgeode sdk install "/Users/runner/work/Devious-Editor-classic-Remastered/Devious-Editor-classic-Remastered/geode-sdk-clone"[0m
Build for macOS	Build the mod	2026-04-09T00:58:52.2367230Z [36;1m[0m
Build for macOS	Build the mod	2026-04-09T00:58:52.2367400Z [36;1m# silly github actions wont refresh the env[0m
Build for macOS	Build the mod	2026-04-09T00:58:52.2367920Z [36;1mexport GEODE_SDK="/Users/runner/work/Devious-Editor-classic-Remastered/Devious-Editor-classic-Remastered/geode-sdk-clone"[0m
Build for macOS	Build the mod	2026-04-09T00:58:52.2368420Z [36;1mecho "GEODE_SDK=$GEODE_SDK" >> $GITHUB_ENV[0m
Build for macOS	Build the mod	2026-04-09T00:58:52.2368650Z [36;1m[0m
Build for macOS	Build the mod	2026-04-09T00:58:52.2368800Z [36;1mif [ "given" == "nightly" ]; then[0m
Build for macOS	Build the mod	2026-04-09T00:58:52.2369020Z [36;1m  geode sdk update nightly[0m
Build for macOS	Build the mod	2026-04-09T00:58:52.2369260Z [36;1m  geode sdk install-binaries --platform mac[0m
Build for macOS	Build the mod	2026-04-09T00:58:52.2369520Z [36;1melif [ "given" == "latest" ]; then[0m
Build for macOS	Build the mod	2026-04-09T00:58:52.2369740Z [36;1m  geode sdk update stable[0m
Build for macOS	Build the mod	2026-04-09T00:58:52.2369970Z [36;1m  geode sdk install-binaries --platform mac[0m
Build for macOS	Build the mod	2026-04-09T00:58:52.2370240Z [36;1melif [ "given" == "given" ]; then[0m
Build for macOS	Build the mod	2026-04-09T00:58:52.2370670Z [36;1m  export MOD_JSON_PATH=$(find . -name "mod.json" -not -path "./geode-sdk-clone/*" -print | sort -r | head -n 1)[0m
Build for macOS	Build the mod	2026-04-09T00:58:52.2371180Z [36;1m  export TARGET_GEODE_VERSION=$(jq -r '.geode' $MOD_JSON_PATH)[0m
Build for macOS	Build the mod	2026-04-09T00:58:52.2371560Z [36;1m  echo "Updating to version $TARGET_GEODE_VERSION from $MOD_JSON_PATH"[0m
Build for macOS	Build the mod	2026-04-09T00:58:52.2371900Z [36;1m  geode sdk update "$TARGET_GEODE_VERSION"[0m
Build for macOS	Build the mod	2026-04-09T00:58:52.2372260Z [36;1m  geode sdk install-binaries --platform mac --version "$TARGET_GEODE_VERSION"[0m
Build for macOS	Build the mod	2026-04-09T00:58:52.2372580Z [36;1melse[0m
Build for macOS	Build the mod	2026-04-09T00:58:52.2372720Z [36;1m  geode sdk update given[0m
Build for macOS	Build the mod	2026-04-09T00:58:52.2372970Z [36;1m  geode sdk install-binaries --platform mac[0m
Build for macOS	Build the mod	2026-04-09T00:58:52.2373190Z [36;1mfi[0m
Build for macOS	Build the mod	2026-04-09T00:58:52.2373320Z [36;1m[0m
Build for macOS	Build the mod	2026-04-09T00:58:52.2373720Z [36;1mexport CPM_CACHE="/Users/runner/work/Devious-Editor-classic-Remastered/Devious-Editor-classic-Remastered/cpm-cache"[0m
Build for macOS	Build the mod	2026-04-09T00:58:52.2374240Z [36;1mecho "CPM_SOURCE_CACHE=$CPM_CACHE" >> $GITHUB_ENV[0m
Build for macOS	Build the mod	2026-04-09T00:58:52.2415470Z shell: /bin/bash --noprofile --norc -e -o pipefail {0}
Build for macOS	Build the mod	2026-04-09T00:58:52.2415760Z env:
Build for macOS	Build the mod	2026-04-09T00:58:52.2415940Z   FORCE_JAVASCRIPT_ACTIONS_TO_NODE24: true
Build for macOS	Build the mod	2026-04-09T00:58:52.2416170Z ##[endgroup]
Build for macOS	Build the mod	2026-04-09T00:58:54.6055480Z | Done | A new profile named 'GithubActions' has been created
Build for macOS	Build the mod	2026-04-09T00:58:54.6629630Z | Info | Downloading SDK
Build for macOS	Build the mod	2026-04-09T00:58:55.5283320Z | Info | Enumerating objects: 58645, done.
Build for macOS	Build the mod	2026-04-09T00:58:55.5285050Z | Info | Counting objects:   0% (1/461)
Build for macOS	Build the mod	2026-04-09T00:58:55.5286230Z | Info | Counting objects:   1% (5/461)
Build for macOS	Build the mod	2026-04-09T00:58:55.5287430Z | Info | Counting objects:   2% (10/461)
Build for macOS	Build the mod	2026-04-09T00:58:55.5288760Z | Info | Counting objects:   3% (14/461)
Build for macOS	Build the mod	2026-04-09T00:58:55.5289960Z | Info | Counting objects:   4% (19/461)
Build for macOS	Build the mod	2026-04-09T00:58:55.5291120Z | Info | Counting objects:   5% (24/461)
Build for macOS	Build the mod	2026-04-09T00:58:55.5292340Z | Info | Counting objects:   6% (28/461)
Build for macOS	Build the mod	2026-04-09T00:58:55.5293500Z Counting objects:   7% (33/461)
Build for macOS	Build the mod	2026-04-09T00:58:55.5294780Z | Info | Counting objects:   8% (37/461)
Build for macOS	Build the mod	2026-04-09T00:58:55.5296000Z | Info | Counting objects:   9% (42/461)
Build for macOS	Build the mod	2026-04-09T00:58:55.5299040Z | Info | Counting objects:  10% (47/461)
Build for macOS	Build the mod	2026-04-09T00:58:55.5300360Z | Info | Counting objects:  11% (51/461)
Build for macOS	Build the mod	2026-04-09T00:58:55.5301600Z Counting objects:  12% (56/461)
Build for macOS	Build the mod	2026-04-09T00:58:55.5302670Z | Info | Counting objects:  13% (60/461)
Build for macOS	Build the mod	2026-04-09T00:58:55.5304030Z | Info | Counting objects:  14% (65/461)
Build for macOS	Build the mod	2026-04-09T00:58:55.5305240Z | Info | Counting objects:  15% (70/461)
Build for macOS	Build the mod	2026-04-09T00:58:55.5306450Z | Info | Counting objects:  16% (74/461)
Build for macOS	Build the mod	2026-04-09T00:58:55.5307660Z | Info | Counting objects:  17% (79/461)
Build for macOS	Build the mod	2026-04-09T00:58:55.5308810Z | Info | Counting objects:  18% (83/461)
Build for macOS	Build the mod	2026-04-09T00:58:55.5309990Z | Info | Counting objects:  19% (88/461)
Build for macOS	Build the mod	2026-04-09T00:58:55.5311210Z | Info | Counting objects:  20% (93/461)
Build for macOS	Build the mod	2026-04-09T00:58:55.5312380Z | Info | Counting objects:  21% (97/461)
Build for macOS	Build the mod	2026-04-09T00:58:55.5313560Z | Info | Counting objects:  22% (102/461)
Build for macOS	Build the mod	2026-04-09T00:58:55.5351490Z | Info | Counting objects:  23% (107/461)
Build for macOS	Build the mod	2026-04-09T00:58:55.5352410Z Counting objects:  24% (111/461)
Build for macOS	Build the mod	2026-04-09T00:58:55.5353200Z | Info | Counting objects:  25% (116/461)
Build for macOS	Build the mod	2026-04-09T00:58:55.5354090Z | Info | Counting objects:  26% (120/461)
Build for macOS	Build the mod	2026-04-09T00:58:55.5354950Z Counting objects:  27% (125/461)
Build for macOS	Build the mod	2026-04-09T00:58:55.5355790Z | Info | Counting objects:  28% (130/461)
Build for macOS	Build the mod	2026-04-09T00:58:55.5356650Z | Info | Counting objects:  29% (134/461)
Build for macOS	Build the mod	2026-04-09T00:58:55.5357520Z Counting objects:  30% (139/461)
Build for macOS	Build the mod	2026-04-09T00:58:55.5358310Z | Info | Counting objects:  31% (143/461)
Build for macOS	Build the mod	2026-04-09T00:58:55.5359230Z | Info | Counting objects:  32% (148/461)
Build for macOS	Build the mod	2026-04-09T00:58:55.5360100Z Counting objects:  33% (153/461)
Build for macOS	Build the mod	2026-04-09T00:58:55.5361120Z | Info | Counting objects:  34% (157/461)
Build for macOS	Build the mod	2026-04-09T00:58:55.5362000Z | Info | Counting objects:  35% (162/461)
Build for macOS	Build the mod	2026-04-09T00:58:55.5362850Z Counting objects:  36% (166/461)
Build for macOS	Build the mod	2026-04-09T00:58:55.5363690Z | Info | Counting objects:  37% (171/461)
Build for macOS	Build the mod	2026-04-09T00:58:55.5364580Z | Info | Counting objects:  38% (176/461)
Build for macOS	Build the mod	2026-04-09T00:58:55.5365440Z Counting objects:  39% (180/461)
Build for macOS	Build the mod	2026-04-09T00:58:55.5366270Z | Info | Counting objects:  40% (185/461)
Build for macOS	Build the mod	2026-04-09T00:58:55.5367110Z Counting objects:  41% (190/461)
Build for macOS	Build the mod	2026-04-09T00:58:55.5368070Z | Info | Counting objects:  42% (194/461)
Build for macOS	Build the mod	2026-04-09T00:58:55.5369000Z Counting objects:  43% (199/461)
Build for macOS	Build the mod	2026-04-09T00:58:55.5369800Z | Info | Counting objects:  44% (203/461)
Build for macOS	Build the mod	2026-04-09T00:58:55.5370730Z | Info | Counting objects:  45% (208/461)
Build for macOS	Build the mod	2026-04-09T00:58:55.5371630Z Counting objects:  46% (213/461)
Build for macOS	Build the mod	2026-04-09T00:58:55.5372460Z | Info | Counting objects:  47% (217/461)
Build for macOS	Build the mod	2026-04-09T00:58:55.5373310Z Counting objects:  48% (222/461)
Build for macOS	Build the mod	2026-04-09T00:58:55.5374150Z | Info | Counting objects:  49% (226/461)
Build for macOS	Build the mod	2026-04-09T00:58:55.5375020Z Counting objects:  50% (231/461)
Build for macOS	Build the mod	2026-04-09T00:58:55.5532280Z | Info | Counting objects:  51% (236/461)
Build for macOS	Build the mod	2026-04-09T00:58:55.5534090Z | Info | Counting objects:  52% (240/461)
Build for macOS	Build the mod	2026-04-09T00:58:55.5543310Z Counting objects:  53% (245/461)
Build for macOS	Build the mod	2026-04-09T00:58:55.5544520Z | Info | Counting objects:  54% (249/461)
Build for macOS	Build the mod	2026-04-09T00:58:55.5545810Z Counting objects:  55% (254/461)
Build for macOS	Build the mod	2026-04-09T00:58:55.5546990Z | Info | Counting objects:  56% (259/461)
Build for macOS	Build the mod	2026-04-09T00:58:55.5548160Z Counting objects:  57% (263/461)
Build for macOS	Build the mod	2026-04-09T00:58:55.5549240Z | Info | Counting objects:  58% (268/461)
Build for macOS	Build the mod	2026-04-09T00:58:55.5550490Z | Info | Counting objects:  59% (272/461)
Build for macOS	Build the mod	2026-04-09T00:58:55.5551660Z Counting objects:  60% (277/461)
Build for macOS	Build the mod	2026-04-09T00:58:55.5552690Z | Info | Counting objects:  61% (282/461)
Build for macOS	Build the mod	2026-04-09T00:58:55.5553900Z Counting objects:  62% (286/461)
Build for macOS	Build the mod	2026-04-09T00:58:55.5554950Z | Info | Counting objects:  63% (291/461)
Build for macOS	Build the mod	2026-04-09T00:58:55.5556130Z | Info | Counting objects:  64% (296/461)
Build for macOS	Build the mod	2026-04-09T00:58:55.5557350Z Counting objects:  65% (300/461)
Build for macOS	Build the mod	2026-04-09T00:58:55.5558450Z | Info | Counting objects:  66% (305/461)
Build for macOS	Build the mod	2026-04-09T00:58:55.5559630Z | Info | Counting objects:  67% (309/461)
Build for macOS	Build the mod	2026-04-09T00:58:55.5560900Z Counting objects:  68% (314/461)
Build for macOS	Build the mod	2026-04-09T00:58:55.5561960Z | Info | Counting objects:  69% (319/461)
Build for macOS	Build the mod	2026-04-09T00:58:55.5564150Z Counting objects:  70% (323/461)
Build for macOS	Build the mod	2026-04-09T00:58:55.5565380Z | Info | Counting objects:  71% (328/461)
Build for macOS	Build the mod	2026-04-09T00:58:55.5566540Z Counting objects:  72% (332/461)
Build for macOS	Build the mod	2026-04-09T00:58:55.5567670Z | Info | Counting objects:  73% (337/461)
Build for macOS	Build the mod	2026-04-09T00:58:55.5568810Z Counting objects:  74% (342/461)
Build for macOS	Build the mod	2026-04-09T00:58:55.5569930Z | Info | Counting objects:  75% (346/461)
Build for macOS	Build the mod	2026-04-09T00:58:55.5571080Z Counting objects:  76% (351/461)
Build for macOS	Build the mod	2026-04-09T00:58:55.5631580Z | Info | Counting objects:  77% (355/461)
Build for macOS	Build the mod	2026-04-09T00:58:55.5632990Z Counting objects:  78% (360/461)
Build for macOS	Build the mod	2026-04-09T00:58:55.5634080Z | Info | Counting objects:  79% (365/461)
Build for macOS	Build the mod	2026-04-09T00:58:55.5635330Z Counting objects:  80% (369/461)
Build for macOS	Build the mod	2026-04-09T00:58:55.5636680Z | Info | Counting objects:  81% (374/461)
Build for macOS	Build the mod	2026-04-09T00:58:55.5637820Z Counting objects:  82% (379/461)
Build for macOS	Build the mod	2026-04-09T00:58:55.5638950Z | Info | Counting objects:  83% (383/461)
Build for macOS	Build the mod	2026-04-09T00:58:55.5640260Z Counting objects:  84% (388/461)
Build for macOS	Build the mod	2026-04-09T00:58:55.5641270Z Counting objects:  85% (392/461)
Build for macOS	Build the mod	2026-04-09T00:58:55.5642400Z | Info | Counting objects:  86% (397/461)
Build for macOS	Build the mod	2026-04-09T00:58:55.5644000Z Counting objects:  87% (402/461)
Build for macOS	Build the mod	2026-04-09T00:58:55.5645550Z | Info | Counting objects:  88% (406/461)
Build for macOS	Build the mod	2026-04-09T00:58:55.5647020Z Counting objects:  89% (411/461)
Build for macOS	Build the mod	2026-04-09T00:58:55.5648060Z Counting objects:  90% (415/461)
Build for macOS	Build the mod	2026-04-09T00:58:55.5649140Z | Info | Counting objects:  91% (420/461)
Build for macOS	Build the mod	2026-04-09T00:58:55.5650330Z Counting objects:  92% (425/461)
Build for macOS	Build the mod	2026-04-09T00:58:55.5651490Z | Info | Counting objects:  93% (429/461)
Build for macOS	Build the mod	2026-04-09T00:58:55.5652710Z | Info | Counting objects:  94% (434/461)
Build for macOS	Build the mod	2026-04-09T00:58:55.5653820Z Counting objects:  95% (438/461)
Build for macOS	Build the mod	2026-04-09T00:58:55.5658730Z | Info | Counting objects:  96% (443/461)
Build for macOS	Build the mod	2026-04-09T00:58:55.5659920Z Counting objects:  97% (448/461)
Build for macOS	Build the mod	2026-04-09T00:58:55.5661000Z | Info | Counting objects:  98% (452/461)
Build for macOS	Build the mod	2026-04-09T00:58:55.5662380Z | Info | Counting objects:  99% (457/461)
Build for macOS	Build the mod	2026-04-09T00:58:55.5663740Z | Info | Counting objects: 100% (461/461)
Build for macOS	Build the mod	2026-04-09T00:58:55.5665170Z | Info | Counting objects: 100% (461/461), done.
Build for macOS	Build the mod	2026-04-09T00:58:55.5666900Z | Info | Compressing objects:   0% (1/175)
Build for macOS	Build the mod	2026-04-09T00:58:55.5668300Z Compressing objects:   1% (2/175)
Build for macOS	Build the mod	2026-04-09T00:58:55.5669970Z | Info | Compressing objects:   2% (4/175)
Build for macOS	Build the mod	2026-04-09T00:58:55.5671890Z | Info | Compressing objects:   3% (6/175)
Build for macOS	Build the mod	2026-04-09T00:58:55.5673570Z | Info | Compressing objects:   4% (7/175)
Build for macOS	Build the mod	2026-04-09T00:58:55.5675450Z | Info | Compressing objects:   5% (9/175)
Build for macOS	Build the mod	2026-04-09T00:58:55.5676660Z | Info | Compressing objects:   6% (11/175)
Build for macOS	Build the mod	2026-04-09T00:58:55.5677920Z | Info | Compressing objects:   7% (13/175)
Build for macOS	Build the mod	2026-04-09T00:58:55.5679110Z | Info | Compressing objects:   8% (14/175)
Build for macOS	Build the mod	2026-04-09T00:58:55.5680500Z | Info | Compressing objects:   9% (16/175)
Build for macOS	Build the mod	2026-04-09T00:58:55.5681730Z | Info | Compressing objects:  10% (18/175)
Build for macOS	Build the mod	2026-04-09T00:58:55.5684180Z | Info | Compressing objects:  11% (20/175)
Build for macOS	Build the mod	2026-04-09T00:58:55.5685460Z | Info | Compressing objects:  12% (21/175)
Build for macOS	Build the mod	2026-04-09T00:58:55.5686720Z | Info | Compressing objects:  13% (23/175)
Build for macOS	Build the mod	2026-04-09T00:58:55.5688040Z | Info | Compressing objects:  14% (25/175)
Build for macOS	Build the mod	2026-04-09T00:58:55.5689290Z | Info | Compressing objects:  15% (27/175)
Build for macOS	Build the mod	2026-04-09T00:58:55.5690530Z | Info | Compressing objects:  16% (28/175)
Build for macOS	Build the mod	2026-04-09T00:58:55.5691840Z | Info | Compressing objects:  17% (30/175)
Build for macOS	Build the mod	2026-04-09T00:58:55.5693090Z | Info | Compressing objects:  18% (32/175)
Build for macOS	Build the mod	2026-04-09T00:58:55.5694320Z | Info | Compressing objects:  19% (34/175)
Build for macOS	Build the mod	2026-04-09T00:58:55.5695580Z Compressing objects:  20% (35/175)
Build for macOS	Build the mod	2026-04-09T00:58:55.5696740Z | Info | Compressing objects:  21% (37/175)
Build for macOS	Build the mod	2026-04-09T00:58:55.5698030Z | Info | Compressing objects:  22% (39/175)
Build for macOS	Build the mod	2026-04-09T00:58:55.5699420Z | Info | Compressing objects:  23% (41/175)
Build for macOS	Build the mod	2026-04-09T00:58:55.5700760Z | Info | Compressing objects:  24% (42/175)
Build for macOS	Build the mod	2026-04-09T00:58:55.5702070Z | Info | Compressing objects:  25% (44/175)
Build for macOS	Build the mod	2026-04-09T00:58:55.5705540Z | Info | Compressing objects:  26% (46/175)
Build for macOS	Build the mod	2026-04-09T00:58:55.5708540Z | Info | Compressing objects:  27% (48/175)
Build for macOS	Build the mod	2026-04-09T00:58:55.5709740Z | Info | Compressing objects:  28% (49/175)
Build for macOS	Build the mod	2026-04-09T00:58:55.5710940Z | Info | Compressing objects:  29% (51/175)
Build for macOS	Build the mod	2026-04-09T00:58:55.5712590Z | Info | Compressing objects:  30% (53/175)
Build for macOS	Build the mod	2026-04-09T00:58:55.5713830Z | Info | Compressing objects:  31% (55/175)
Build for macOS	Build the mod	2026-04-09T00:58:55.5715290Z | Info | Compressing objects:  32% (56/175)
Build for macOS	Build the mod	2026-04-09T00:58:55.5716640Z | Info | Compressing objects:  33% (58/175)
Build for macOS	Build the mod	2026-04-09T00:58:55.5717880Z | Info | Compressing objects:  34% (60/175)
Build for macOS	Build the mod	2026-04-09T00:58:55.5719150Z | Info | Compressing objects:  35% (62/175)
Build for macOS	Build the mod	2026-04-09T00:58:55.5720410Z Compressing objects:  36% (63/175)
Build for macOS	Build the mod	2026-04-09T00:58:55.5721530Z | Info | Compressing objects:  37% (65/175)
Build for macOS	Build the mod	2026-04-09T00:58:55.5722900Z | Info | Compressing objects:  38% (67/175)
Build for macOS	Build the mod	2026-04-09T00:58:55.5724330Z | Info | Compressing objects:  39% (69/175)
Build for macOS	Build the mod	2026-04-09T00:58:55.5725590Z | Info | Compressing objects:  40% (70/175)
Build for macOS	Build the mod	2026-04-09T00:58:55.5726830Z | Info | Compressing objects:  41% (72/175)
Build for macOS	Build the mod	2026-04-09T00:58:55.5728120Z | Info | Compressing objects:  42% (74/175)
Build for macOS	Build the mod	2026-04-09T00:58:55.5729400Z | Info | Compressing objects:  43% (76/175)
Build for macOS	Build the mod	2026-04-09T00:58:55.5730630Z | Info | Compressing objects:  44% (77/175)
Build for macOS	Build the mod	2026-04-09T00:58:55.5732010Z | Info | Compressing objects:  45% (79/175)
Build for macOS	Build the mod	2026-04-09T00:58:55.5733390Z | Info | Compressing objects:  46% (81/175)
Build for macOS	Build the mod	2026-04-09T00:58:55.5734770Z | Info | Compressing objects:  47% (83/175)
Build for macOS	Build the mod	2026-04-09T00:58:55.5736090Z | Info | Compressing objects:  48% (84/175)
Build for macOS	Build the mod	2026-04-09T00:58:55.5737300Z | Info | Compressing objects:  49% (86/175)
Build for macOS	Build the mod	2026-04-09T00:58:55.5738500Z | Info | Compressing objects:  50% (88/175)
Build for macOS	Build the mod	2026-04-09T00:58:55.5739690Z | Info | Compressing objects:  51% (90/175)
Build for macOS	Build the mod	2026-04-09T00:58:55.5741030Z | Info | Compressing objects:  52% (91/175)
Build for macOS	Build the mod	2026-04-09T00:58:55.5742060Z | Info | Compressing objects:  53% (93/175)
Build for macOS	Build the mod	2026-04-09T00:58:55.5742960Z | Info | Compressing objects:  54% (95/175)
Build for macOS	Build the mod	2026-04-09T00:58:55.5743880Z | Info | Compressing objects:  55% (97/175)
Build for macOS	Build the mod	2026-04-09T00:58:55.5744850Z | Info | Compressing objects:  56% (98/175)
Build for macOS	Build the mod	2026-04-09T00:58:55.5745740Z | Info | Compressing objects:  57% (100/175)
Build for macOS	Build the mod	2026-04-09T00:58:55.5746670Z | Info | Compressing objects:  58% (102/175)
Build for macOS	Build the mod	2026-04-09T00:58:55.5747680Z | Info | Compressing objects:  59% (104/175)
Build for macOS	Build the mod	2026-04-09T00:58:55.5748620Z | Info | Compressing objects:  60% (105/175)
Build for macOS	Build the mod	2026-04-09T00:58:55.5749550Z | Info | Compressing objects:  61% (107/175)
Build for macOS	Build the mod	2026-04-09T00:58:55.5750530Z | Info | Compressing objects:  62% (109/175)
Build for macOS	Build the mod	2026-04-09T00:58:55.5751480Z | Info | Compressing objects:  63% (111/175)
Build for macOS	Build the mod	2026-04-09T00:58:55.5752700Z | Info | Compressing objects:  64% (112/175)
Build for macOS	Build the mod	2026-04-09T00:58:55.5753610Z | Info | Compressing objects:  65% (114/175)
Build for macOS	Build the mod	2026-04-09T00:58:55.5754520Z | Info | Compressing objects:  66% (116/175)
Build for macOS	Build the mod	2026-04-09T00:58:55.5757220Z | Info | Compressing objects:  67% (118/175)
Build for macOS	Build the mod	2026-04-09T00:58:55.5758110Z | Info | Compressing objects:  68% (119/175)
Build for macOS	Build the mod	2026-04-09T00:58:55.5759010Z | Info | Compressing objects:  69% (121/175)
Build for macOS	Build the mod	2026-04-09T00:58:55.5759910Z | Info | Compressing objects:  70% (123/175)
Build for macOS	Build the mod	2026-04-09T00:58:55.5760800Z | Info | Compressing objects:  71% (125/175)
Build for macOS	Build the mod	2026-04-09T00:58:55.5761780Z | Info | Compressing objects:  72% (126/175)
Build for macOS	Build the mod	2026-04-09T00:58:55.5763060Z | Info | Compressing objects:  73% (128/175)
Build for macOS	Build the mod	2026-04-09T00:58:55.5764580Z | Info | Compressing objects:  74% (130/175)
Build for macOS	Build the mod	2026-04-09T00:58:55.5765910Z | Info | Compressing objects:  75% (132/175)
Build for macOS	Build the mod	2026-04-09T00:58:55.5767010Z | Info | Compressing objects:  76% (133/175)
Build for macOS	Build the mod	2026-04-09T00:58:55.5767940Z | Info | Compressing objects:  77% (135/175)
Build for macOS	Build the mod	2026-04-09T00:58:55.5768870Z | Info | Compressing objects:  78% (137/175)
Build for macOS	Build the mod	2026-04-09T00:58:55.5769800Z | Info | Compressing objects:  79% (139/175)
Build for macOS	Build the mod	2026-04-09T00:58:55.5770750Z | Info | Compressing objects:  80% (140/175)
Build for macOS	Build the mod	2026-04-09T00:58:55.5771720Z | Info | Compressing objects:  81% (142/175)
Build for macOS	Build the mod	2026-04-09T00:58:55.5772720Z | Info | Compressing objects:  82% (144/175)
Build for macOS	Build the mod	2026-04-09T00:58:55.5774960Z | Info | Compressing objects:  83% (146/175)
Build for macOS	Build the mod	2026-04-09T00:58:55.5775880Z | Info | Compressing objects:  84% (147/175)
Build for macOS	Build the mod	2026-04-09T00:58:55.5776850Z | Info | Compressing objects:  85% (149/175)
Build for macOS	Build the mod	2026-04-09T00:58:55.5777790Z | Info | Compressing objects:  86% (151/175)
Build for macOS	Build the mod	2026-04-09T00:58:55.5778680Z | Info | Compressing objects:  87% (153/175)
Build for macOS	Build the mod	2026-04-09T00:58:55.5779650Z | Info | Compressing objects:  88% (154/175)
Build for macOS	Build the mod	2026-04-09T00:58:55.5780580Z | Info | Compressing objects:  89% (156/175)
Build for macOS	Build the mod	2026-04-09T00:58:55.5781460Z | Info | Compressing objects:  90% (158/175)
Build for macOS	Build the mod	2026-04-09T00:58:55.5782410Z | Info | Compressing objects:  91% (160/175)
Build for macOS	Build the mod	2026-04-09T00:58:55.5783510Z | Info | Compressing objects:  92% (161/175)
Build for macOS	Build the mod	2026-04-09T00:58:55.5784540Z | Info | Compressing objects:  93% (163/175)
Build for macOS	Build the mod	2026-04-09T00:58:55.5785430Z | Info | Compressing objects:  94% (165/175)
Build for macOS	Build the mod	2026-04-09T00:58:55.5786420Z | Info | Compressing objects:  95% (167/175)
Build for macOS	Build the mod	2026-04-09T00:58:55.5787350Z | Info | Compressing objects:  96% (168/175)
Build for macOS	Build the mod	2026-04-09T00:58:55.5788280Z | Info | Compressing objects:  97% (170/175)
Build for macOS	Build the mod	2026-04-09T00:58:55.5789080Z | Info | Compressing objects:  98% (172/175)
Build for macOS	Build the mod	2026-04-09T00:58:55.5789830Z | Info | Compressing objects:  99% (174/175)
Build for macOS	Build the mod	2026-04-09T00:58:55.5790520Z | Info | Compressing objects: 100% (175/175)
Build for macOS	Build the mod	2026-04-09T00:58:55.5791310Z | Info | Compressing objects: 100% (175/175), done.
Build for macOS	Build the mod	2026-04-09T00:59:05.1589470Z | Info | Total 58645 (delta 384), reused 295 (delta 286), pack-reused 58184 (from 3)
Build for macOS	Build the mod	2026-04-09T00:59:08.9729870Z | Warn | You may have to restart your terminal application for the environment variable changes to go into effect
Build for macOS	Build the mod	2026-04-09T00:59:08.9732700Z | Info | Set GEODE_SDK environment variable automatically
Build for macOS	Build the mod	2026-04-09T00:59:09.5492310Z | Info | Updating head
Build for macOS	Build the mod	2026-04-09T00:59:09.6374220Z | Done | Updated head to v5.5.3
Build for macOS	Build the mod	2026-04-09T00:59:09.6374510Z | Done | Successfully installed SDK
Build for macOS	Build the mod	2026-04-09T00:59:09.6374900Z | Info | Please restart your command line to have the GEODE_SDK enviroment variable set.
Build for macOS	Build the mod	2026-04-09T00:59:09.6375340Z | Info | Use `geode sdk install-binaries` to install pre-built binaries
Build for macOS	Build the mod	2026-04-09T00:59:09.6768510Z Updating to version 5.5.3 from ./mod.json
Build for macOS	Build the mod	2026-04-09T00:59:09.7233870Z | Info | Switching to 5.5.3
Build for macOS	Build the mod	2026-04-09T00:59:09.7234160Z | Info | Updating SDK
Build for macOS	Build the mod	2026-04-09T00:59:10.2769680Z | Info | Updating head
Build for macOS	Build the mod	2026-04-09T00:59:10.3673400Z | Info | Switched to 5.5.3
Build for macOS	Build the mod	2026-04-09T00:59:10.3774340Z | Done | Successfully updated SDK.
Build for macOS	Build the mod	2026-04-09T00:59:10.4230070Z | Info | Installing binaries for 5.5.3
Build for macOS	Build the mod	2026-04-09T00:59:10.8593360Z | Info | Found binaries for platform MacOS
Build for macOS	Build the mod	2026-04-09T00:59:10.8596060Z | Info | Downloading
Build for macOS	Build the mod	2026-04-09T00:59:11.6175490Z | Done | Binaries installed
Build for macOS	Build the mod	2026-04-09T00:59:11.6228050Z ##[group]Run mkdir -p $HOME/.cache
Build for macOS	Build the mod	2026-04-09T00:59:11.6228330Z [36;1mmkdir -p $HOME/.cache[0m
Build for macOS	Build the mod	2026-04-09T00:59:11.6228490Z [36;1m[0m
Build for macOS	Build the mod	2026-04-09T00:59:11.6233200Z [36;1mNDK_PATH="/usr/local/lib/android/sdk/ndk/"[0m
Build for macOS	Build the mod	2026-04-09T00:59:11.6233430Z [36;1mif [ "" = "" ]; then[0m
Build for macOS	Build the mod	2026-04-09T00:59:11.6233640Z [36;1m  NDK_PATH="$ANDROID_NDK_LATEST_HOME"[0m
Build for macOS	Build the mod	2026-04-09T00:59:11.6233890Z [36;1mfi[0m
Build for macOS	Build the mod	2026-04-09T00:59:11.6234030Z [36;1m[0m
Build for macOS	Build the mod	2026-04-09T00:59:11.6234160Z [36;1mcd "./"[0m
Build for macOS	Build the mod	2026-04-09T00:59:11.6234310Z [36;1mCMAKE_EXTRA_ARGS=""[0m
Build for macOS	Build the mod	2026-04-09T00:59:11.6234520Z [36;1mif [ mac = "mac" ]; then[0m
Build for macOS	Build the mod	2026-04-09T00:59:11.6235040Z [36;1m  CMAKE_EXTRA_ARGS="-DCMAKE_OSX_DEPLOYMENT_TARGET=11.0 -DGEODE_DISABLE_PRECOMPILED_HEADERS=OFF -DCMAKE_AR='/usr/bin/ar' -DCMAKE_RANLIB='/usr/bin/ranlib'"[0m
Build for macOS	Build the mod	2026-04-09T00:59:11.6235590Z [36;1melif [ mac = "android32" ]; then[0m
Build for macOS	Build the mod	2026-04-09T00:59:11.6242900Z [36;1m  CMAKE_EXTRA_ARGS="-DCMAKE_TOOLCHAIN_FILE=$NDK_PATH/build/cmake/android.toolchain.cmake -DANDROID_STL=c++_shared -DANDROID_ABI=armeabi-v7a -DANDROID_PLATFORM=android-23"[0m
Build for macOS	Build the mod	2026-04-09T00:59:11.6243480Z [36;1melif [ mac = "android64" ]; then[0m
Build for macOS	Build the mod	2026-04-09T00:59:11.6244050Z [36;1m  CMAKE_EXTRA_ARGS="-DCMAKE_TOOLCHAIN_FILE=$NDK_PATH/build/cmake/android.toolchain.cmake -DANDROID_STL=c++_shared -DANDROID_ABI=arm64-v8a -DANDROID_PLATFORM=android-23"[0m
Build for macOS	Build the mod	2026-04-09T00:59:11.6249640Z [36;1melif [ mac = "ios" ]; then[0m
Build for macOS	Build the mod	2026-04-09T00:59:11.6250050Z [36;1m  CMAKE_EXTRA_ARGS="-DCMAKE_SYSTEM_NAME=iOS -DGEODE_TARGET_PLATFORM=iOS -DGEODE_DISABLE_PRECOMPILED_HEADERS=OFF"[0m
Build for macOS	Build the mod	2026-04-09T00:59:11.6250450Z [36;1mfi[0m
Build for macOS	Build the mod	2026-04-09T00:59:11.6250590Z [36;1mif [ "true" = "true" ]; then[0m
Build for macOS	Build the mod	2026-04-09T00:59:11.6250910Z [36;1m  CMAKE_EXTRA_ARGS="$CMAKE_EXTRA_ARGS -DCMAKE_INTERPROCEDURAL_OPTIMIZATION=ON"[0m
Build for macOS	Build the mod	2026-04-09T00:59:11.6251220Z [36;1mfi[0m
Build for macOS	Build the mod	2026-04-09T00:59:11.6251380Z [36;1mif [ "false" = "true" ] && [ mac = "win" ]; then[0m
Build for macOS	Build the mod	2026-04-09T00:59:11.6251680Z [36;1m  CMAKE_EXTRA_ARGS="$CMAKE_EXTRA_ARGS -DGEODE_BUNDLE_PDB=ON"[0m
Build for macOS	Build the mod	2026-04-09T00:59:11.6251930Z [36;1mfi[0m
Build for macOS	Build the mod	2026-04-09T00:59:11.6252050Z [36;1mif [ -n "" ]; then[0m
Build for macOS	Build the mod	2026-04-09T00:59:11.6252220Z [36;1m  CCACHE_PATH="$(which "")"[0m
Build for macOS	Build the mod	2026-04-09T00:59:11.6252670Z [36;1m  CMAKE_EXTRA_ARGS="$CMAKE_EXTRA_ARGS -DCMAKE_C_COMPILER_LAUNCHER=${CCACHE_PATH} -DCMAKE_CXX_COMPILER_LAUNCHER=${CCACHE_PATH}"[0m
Build for macOS	Build the mod	2026-04-09T00:59:11.6253100Z [36;1mfi[0m
Build for macOS	Build the mod	2026-04-09T00:59:11.6253920Z [36;1mcmake -B build -DCMAKE_BUILD_TYPE=Release -DCMAKE_C_COMPILER=clang -DCMAKE_CXX_COMPILER=clang++ -DGEODE_CODEGEN_CMAKE_ARGS="-DCMAKE_C_COMPILER=clang;-DCMAKE_CXX_COMPILER=clang++;-G Ninja" -G Ninja $CMAKE_EXTRA_ARGS -DGEODE_DONT_INSTALL_MODS=ON -DGEODE_TARGET_PLATFORM=MacOS -DCMAKE_POLICY_VERSION_MINIMUM=3.5[0m
Build for macOS	Build the mod	2026-04-09T00:59:11.6254880Z [36;1mcmake --build build --config Release  --parallel[0m
Build for macOS	Build the mod	2026-04-09T00:59:11.6255090Z [36;1m[0m
Build for macOS	Build the mod	2026-04-09T00:59:11.6255420Z [36;1mmkdir "/Users/runner/work/Devious-Editor-classic-Remastered/Devious-Editor-classic-Remastered/output"[0m
Build for macOS	Build the mod	2026-04-09T00:59:11.6255800Z [36;1m[0m
Build for macOS	Build the mod	2026-04-09T00:59:11.6255970Z [36;1mfor file in $(find ./build -name *.geode); do[0m
Build for macOS	Build the mod	2026-04-09T00:59:11.6256390Z [36;1m  cp $file "/Users/runner/work/Devious-Editor-classic-Remastered/Devious-Editor-classic-Remastered/output"[0m
Build for macOS	Build the mod	2026-04-09T00:59:11.6256840Z [36;1m  if [ mac = "linux" ] && [ "false" = "true" ]; then[0m
Build for macOS	Build the mod	2026-04-09T00:59:11.6257120Z [36;1m    if [ mac = "android32" ] || [ mac = "android64" ]; then[0m
Build for macOS	Build the mod	2026-04-09T00:59:11.6257400Z [36;1m      SO_FILE_NAME="$(basename $file .geode).mac.so"[0m
Build for macOS	Build the mod	2026-04-09T00:59:11.6257660Z [36;1m      if [ -f "./build/$SO_FILE_NAME" ]; then[0m
Build for macOS	Build the mod	2026-04-09T00:59:11.6258200Z [36;1m        dump_syms ./build/$SO_FILE_NAME -o "/Users/runner/work/Devious-Editor-classic-Remastered/Devious-Editor-classic-Remastered/output/$SO_FILE_NAME.sym"[0m
Build for macOS	Build the mod	2026-04-09T00:59:11.6258710Z [36;1m      fi[0m
Build for macOS	Build the mod	2026-04-09T00:59:11.6258830Z [36;1m    fi[0m
Build for macOS	Build the mod	2026-04-09T00:59:11.6258950Z [36;1m  fi[0m
Build for macOS	Build the mod	2026-04-09T00:59:11.6259060Z [36;1mdone[0m
Build for macOS	Build the mod	2026-04-09T00:59:11.6259180Z [36;1m[0m
Build for macOS	Build the mod	2026-04-09T00:59:11.6259300Z [36;1mif [ mac = "win" ]; then[0m
Build for macOS	Build the mod	2026-04-09T00:59:11.6259470Z [36;1m  if [ "false" = "true" ]; then[0m
Build for macOS	Build the mod	2026-04-09T00:59:11.6259870Z [36;1m    for file in $(find ./build -name *.pdb); do[0m
Build for macOS	Build the mod	2026-04-09T00:59:11.6260310Z [36;1m      cp $file "/Users/runner/work/Devious-Editor-classic-Remastered/Devious-Editor-classic-Remastered/output"[0m
Build for macOS	Build the mod	2026-04-09T00:59:11.6260700Z [36;1m    done[0m
Build for macOS	Build the mod	2026-04-09T00:59:11.6260830Z [36;1m  fi[0m
Build for macOS	Build the mod	2026-04-09T00:59:11.6260940Z [36;1mfi[0m
Build for macOS	Build the mod	2026-04-09T00:59:11.6261050Z [36;1m[0m
Build for macOS	Build the mod	2026-04-09T00:59:11.6261170Z [36;1mif [ "false" = "true" ]; then[0m
Build for macOS	Build the mod	2026-04-09T00:59:11.6261390Z [36;1m  for file in $(find ./build -name *.pdb); do[0m
Build for macOS	Build the mod	2026-04-09T00:59:11.6261810Z [36;1m    cp $file "/Users/runner/work/Devious-Editor-classic-Remastered/Devious-Editor-classic-Remastered/output"[0m
Build for macOS	Build the mod	2026-04-09T00:59:11.6262200Z [36;1m  done[0m
Build for macOS	Build the mod	2026-04-09T00:59:11.6262360Z [36;1m  for file in $(find ./build -name *.dbg); do[0m
Build for macOS	Build the mod	2026-04-09T00:59:11.6262800Z [36;1m    cp $file "/Users/runner/work/Devious-Editor-classic-Remastered/Devious-Editor-classic-Remastered/output"[0m
Build for macOS	Build the mod	2026-04-09T00:59:11.6263190Z [36;1m  done[0m
Build for macOS	Build the mod	2026-04-09T00:59:11.6263360Z [36;1m  for dir in $(find ./build -name *.dSYM); do[0m
Build for macOS	Build the mod	2026-04-09T00:59:11.6263930Z [36;1m    cp -R $dir "/Users/runner/work/Devious-Editor-classic-Remastered/Devious-Editor-classic-Remastered/output"[0m
Build for macOS	Build the mod	2026-04-09T00:59:11.6264330Z [36;1m  done[0m
Build for macOS	Build the mod	2026-04-09T00:59:11.6264450Z [36;1mfi[0m
Build for macOS	Build the mod	2026-04-09T00:59:11.6264560Z [36;1m[0m
Build for macOS	Build the mod	2026-04-09T00:59:11.6264910Z [36;1mOUTPUT_DIR="/Users/runner/work/Devious-Editor-classic-Remastered/Devious-Editor-classic-Remastered/output"[0m
Build for macOS	Build the mod	2026-04-09T00:59:11.6265330Z [36;1mif [ mac = "mac" ]; then[0m
Build for macOS	Build the mod	2026-04-09T00:59:11.6265670Z [36;1m  OUTPUT_DIR=$(python3 -c 'import os, sys; print(os.path.realpath(sys.argv[1]))' "$OUTPUT_DIR")[0m
Build for macOS	Build the mod	2026-04-09T00:59:11.6266030Z [36;1melif [ mac = "win" ]; then[0m
Build for macOS	Build the mod	2026-04-09T00:59:11.6266240Z [36;1m  OUTPUT_DIR=$(cygpath -wa "$OUTPUT_DIR")[0m
Build for macOS	Build the mod	2026-04-09T00:59:11.6266450Z [36;1melse[0m
Build for macOS	Build the mod	2026-04-09T00:59:11.6266600Z [36;1m  OUTPUT_DIR=$(realpath "$OUTPUT_DIR")[0m
Build for macOS	Build the mod	2026-04-09T00:59:11.6266800Z [36;1mfi[0m
Build for macOS	Build the mod	2026-04-09T00:59:11.6266970Z [36;1mecho "output=$OUTPUT_DIR" >> $GITHUB_OUTPUT[0m
Build for macOS	Build the mod	2026-04-09T00:59:11.6303680Z shell: /bin/bash --noprofile --norc -e -o pipefail {0}
Build for macOS	Build the mod	2026-04-09T00:59:11.6303930Z env:
Build for macOS	Build the mod	2026-04-09T00:59:11.6304070Z   FORCE_JAVASCRIPT_ACTIONS_TO_NODE24: true
Build for macOS	Build the mod	2026-04-09T00:59:11.6304510Z   GEODE_SDK: /Users/runner/work/Devious-Editor-classic-Remastered/Devious-Editor-classic-Remastered/geode-sdk-clone
Build for macOS	Build the mod	2026-04-09T00:59:11.6305160Z   CPM_SOURCE_CACHE: /Users/runner/work/Devious-Editor-classic-Remastered/Devious-Editor-classic-Remastered/cpm-cache
Build for macOS	Build the mod	2026-04-09T00:59:11.6305560Z ##[endgroup]
Build for macOS	Build the mod	2026-04-09T00:59:13.5536810Z -- The C compiler identification is AppleClang 17.0.0.17000013
Build for macOS	Build the mod	2026-04-09T00:59:14.4054670Z -- The CXX compiler identification is AppleClang 17.0.0.17000013
Build for macOS	Build the mod	2026-04-09T00:59:14.4372540Z -- Detecting C compiler ABI info
Build for macOS	Build the mod	2026-04-09T00:59:14.5897840Z -- Detecting C compiler ABI info - done
Build for macOS	Build the mod	2026-04-09T00:59:14.6296380Z -- Check for working C compiler: /usr/bin/clang - skipped
Build for macOS	Build the mod	2026-04-09T00:59:14.6299280Z -- Detecting C compile features
Build for macOS	Build the mod	2026-04-09T00:59:14.6305030Z -- Detecting C compile features - done
Build for macOS	Build the mod	2026-04-09T00:59:14.6366070Z -- Detecting CXX compiler ABI info
Build for macOS	Build the mod	2026-04-09T00:59:14.7760470Z -- Detecting CXX compiler ABI info - done
Build for macOS	Build the mod	2026-04-09T00:59:14.8159220Z -- Check for working CXX compiler: /usr/bin/clang++ - skipped
Build for macOS	Build the mod	2026-04-09T00:59:14.8160500Z -- Detecting CXX compile features
Build for macOS	Build the mod	2026-04-09T00:59:14.8165200Z -- Detecting CXX compile features - done
Build for macOS	Build the mod	2026-04-09T00:59:14.8193930Z -- Found Geode: /Users/runner/work/Devious-Editor-classic-Remastered/Devious-Editor-classic-Remastered/geode-sdk-clone
Build for macOS	Build the mod	2026-04-09T00:59:14.8208590Z -- Version: 5.5.3
Build for macOS	Build the mod	2026-04-09T00:59:14.8259370Z -- No override path for bindings provided, using CPM to clone default. If you would like to use a separate clone of the bindings repo (for example in order to be able to efficiently change and contribute new bindings) then set GEODE_BINDINGS_REPO_PATH to where you have cloned the repository (system environment variables are supported).
Build for macOS	Build the mod	2026-04-09T00:59:14.8260890Z -- CPM: Adding package bindings@ (main)
Build for macOS	Build the mod	2026-04-09T00:59:14.8265180Z -- Populating bindings
Build for macOS	Build the mod	2026-04-09T00:59:14.8987730Z -- Configuring done (0.1s)
Build for macOS	Build the mod	2026-04-09T00:59:14.9068230Z -- Generating done (0.0s)
Build for macOS	Build the mod	2026-04-09T00:59:14.9074530Z -- Build files have been written to: /Users/runner/work/Devious-Editor-classic-Remastered/Devious-Editor-classic-Remastered/build/_deps/bindings-subbuild
Build for macOS	Build the mod	2026-04-09T00:59:14.9309070Z [1/9] Creating directories for 'bindings-populate'
Build for macOS	Build the mod	2026-04-09T00:59:14.9315430Z [1/9] Performing download step (git clone) for 'bindings-populate'
Build for macOS	Build the mod	2026-04-09T00:59:14.9482660Z Cloning into 'bindings-src'...
Build for macOS	Build the mod	2026-04-09T00:59:20.7291540Z Already on 'main'
Build for macOS	Build the mod	2026-04-09T00:59:20.7292290Z Your branch is up to date with 'origin/main'.
Build for macOS	Build the mod	2026-04-09T00:59:20.8774820Z [2/9] Performing update step for 'bindings-populate'
Build for macOS	Build the mod	2026-04-09T00:59:20.9010240Z -- Fetching latest from the remote origin
Build for macOS	Build the mod	2026-04-09T00:59:21.5759960Z [3/9] No patch step for 'bindings-populate'
Build for macOS	Build the mod	2026-04-09T00:59:21.6231690Z [5/9] No configure step for 'bindings-populate'
Build for macOS	Build the mod	2026-04-09T00:59:21.6450230Z [6/9] No build step for 'bindings-populate'
Build for macOS	Build the mod	2026-04-09T00:59:21.6636340Z [7/9] No install step for 'bindings-populate'
Build for macOS	Build the mod	2026-04-09T00:59:21.6798470Z [8/9] No test step for 'bindings-populate'
Build for macOS	Build the mod	2026-04-09T00:59:21.7024210Z [9/9] Completed 'bindings-populate'
Build for macOS	Build the mod	2026-04-09T00:59:21.7036540Z -- Looking for ccache/sccache
Build for macOS	Build the mod	2026-04-09T00:59:21.7102330Z Not using a caching compiler (ccache/sccache).
Build for macOS	Build the mod	2026-04-09T00:59:21.7102670Z -- Looking for ccache/sccache - not found
Build for macOS	Build the mod	2026-04-09T00:59:21.7102890Z -- Pre-compiled headers - ON
Build for macOS	Build the mod	2026-04-09T00:59:21.7924500Z -- Found Geode CLI: /Users/runner/work/Devious-Editor-classic-Remastered/Devious-Editor-classic-Remastered/my-epic-geode-cli/geode (version 3.7.4)
Build for macOS	Build the mod	2026-04-09T00:59:21.7938770Z -- Found Git: /opt/homebrew/bin/git (found version "2.53.0")
Build for macOS	Build the mod	2026-04-09T00:59:21.8215990Z -- CPM: Adding package result@1.4.1 (v1.4.1 at /Users/runner/work/Devious-Editor-classic-Remastered/Devious-Editor-classic-Remastered/cpm-cache/result/1b9c)
Build for macOS	Build the mod	2026-04-09T00:59:21.8399720Z -- CPM: Adding package json@3.3.0 (v3.3.0 at /Users/runner/work/Devious-Editor-classic-Remastered/Devious-Editor-classic-Remastered/cpm-cache/json/75ca)
Build for macOS	Build the mod	2026-04-09T00:59:21.8985880Z -- CPM: Adding package nontype_functional@6 (6d1d08c at /Users/runner/work/Devious-Editor-classic-Remastered/Devious-Editor-classic-Remastered/cpm-cache/nontype_functional/aaa0)
Build for macOS	Build the mod	2026-04-09T00:59:21.9331710Z -- {fmt} version: 12.1.0
Build for macOS	Build the mod	2026-04-09T00:59:21.9331990Z -- Build type: Release
Build for macOS	Build the mod	2026-04-09T00:59:21.9351360Z -- Performing Test HAS_NULLPTR_WARNING
Build for macOS	Build the mod	2026-04-09T00:59:22.1213500Z -- Performing Test HAS_NULLPTR_WARNING - Success
Build for macOS	Build the mod	2026-04-09T00:59:22.1324770Z -- CPM: Adding package fmt@12.1.0 (12.1.0 at /Users/runner/work/Devious-Editor-classic-Remastered/Devious-Editor-classic-Remastered/cpm-cache/fmt/6226)
Build for macOS	Build the mod	2026-04-09T00:59:22.1673140Z -- CPM: Adding package asp2@51 (51d3773 at /Users/runner/work/Devious-Editor-classic-Remastered/Devious-Editor-classic-Remastered/cpm-cache/asp2/4dd3)
Build for macOS	Build the mod	2026-04-09T00:59:22.1890380Z -- Arc features: time
Build for macOS	Build the mod	2026-04-09T00:59:22.1896270Z -- CPM: Adding package arc@1.5.5 (v1.5.5 at /Users/runner/work/Devious-Editor-classic-Remastered/Devious-Editor-classic-Remastered/cpm-cache/arc/70cb)
Build for macOS	Build the mod	2026-04-09T00:59:22.2156730Z -- CPM: Adding package TulipHook@3.1.11 (v3.1.11 at /Users/runner/work/Devious-Editor-classic-Remastered/Devious-Editor-classic-Remastered/cpm-cache/tuliphook/37c6)
Build for macOS	Build the mod	2026-04-09T00:59:22.2161980Z -- Performing Test SUPPORTS_W_NO_EVERYTHING
Build for macOS	Build the mod	2026-04-09T00:59:22.3884030Z -- Performing Test SUPPORTS_W_NO_EVERYTHING - Success
Build for macOS	Build the mod	2026-04-09T00:59:22.3895860Z Set SKIP_BUILDING_CODEGEN to OFF to force codegen to build locally.
Build for macOS	Build the mod	2026-04-09T00:59:22.3897070Z -- Downloading Codegen
Build for macOS	Build the mod	2026-04-09T00:59:22.7990230Z -- Downloading Codegen - success
Build for macOS	Build the mod	2026-04-09T00:59:22.7990790Z -- Skipping building Codegen
Build for macOS	Build the mod	2026-04-09T00:59:22.7991020Z -- Running Codegen
Build for macOS	Build the mod	2026-04-09T00:59:23.8760760Z './Codegen' 'MacOS' '/Users/runner/work/Devious-Editor-classic-Remastered/Devious-Editor-classic-Remastered/build/_deps/bindings-src/bindings/2.2081' '/Users/runner/work/Devious-Editor-classic-Remastered/Devious-Editor-classic-Remastered/build/bindings/bindings'
Build for macOS	Build the mod	2026-04-09T00:59:23.8860460Z -- Setting up DeviousEditorClassicRemastered
Build for macOS	Build the mod	2026-04-09T00:59:23.8963090Z -- Mod bishop.devious_editor_classic_remastered is compiling for Geode version 5.5.3
Build for macOS	Build the mod	2026-04-09T00:59:23.9063390Z -- Mod bishop.devious_editor_classic_remastered is compiling for Geometry Dash version 2.2081
Build for macOS	Build the mod	2026-04-09T00:59:23.9766280Z -- Skipping installing DeviousEditorClassicRemastered
Build for macOS	Build the mod	2026-04-09T00:59:23.9787780Z -- Configuring done (12.3s)
Build for macOS	Build the mod	2026-04-09T00:59:24.1525270Z -- Generating done (0.2s)
Build for macOS	Build the mod	2026-04-09T00:59:24.1531870Z -- Build files have been written to: /Users/runner/work/Devious-Editor-classic-Remastered/Devious-Editor-classic-Remastered/build
Build for macOS	Build the mod	2026-04-09T00:59:24.1702020Z [0/2] Re-checking globbed directories...
Build for macOS	Build the mod	2026-04-09T00:59:25.3645350Z [1/35] Building CXX object _deps/fmt-build/CMakeFiles/fmt.dir/src/os.cc.o
Build for macOS	Build the mod	2026-04-09T00:59:27.1633830Z [2/35] Building CXX object _deps/fmt-build/CMakeFiles/fmt.dir/src/format.cc.o
Build for macOS	Build the mod	2026-04-09T00:59:28.1603280Z [3/35] Building CXX object _deps/asp2-build/CMakeFiles/asp.dir/Unity/unity_0_cxx.cxx.o
Build for macOS	Build the mod	2026-04-09T00:59:28.2631350Z [4/35] Linking CXX static library _deps/fmt-build/libfmt.a
Build for macOS	Build the mod	2026-04-09T00:59:28.3420510Z [5/35] Linking CXX static library _deps/asp2-build/libasp.a
Build for macOS	Build the mod	2026-04-09T00:59:29.2224130Z [6/35] Building CXX object _deps/arc-build/CMakeFiles/arc.dir/Unity/unity_0_cxx.cxx.o
Build for macOS	Build the mod	2026-04-09T00:59:29.2787070Z [7/35] Linking CXX static library _deps/arc-build/libarc.a
Build for macOS	Build the mod	2026-04-09T00:59:29.9460480Z [8/35] Running Codegen
Build for macOS	Build the mod	2026-04-09T00:59:36.8560140Z [9/35] Building CXX object CMakeFiles/DeviousEditorClassicRemastered.dir/cmake_pch_arm64.hxx.pch
Build for macOS	Build the mod	2026-04-09T00:59:37.3199560Z [10/35] Building CXX object CMakeFiles/DeviousEditorClassicRemastered.dir/cmake_pch_x86_64.hxx.pch
Build for macOS	Build the mod	2026-04-09T00:59:44.4064450Z [11/35] Building CXX object bindings/CMakeFiles/GeodeBindings.dir/Unity/unity_14_cxx.cxx.o
Build for macOS	Build the mod	2026-04-09T00:59:50.2449690Z [12/35] Building CXX object bindings/CMakeFiles/GeodeBindings.dir/Unity/unity_13_cxx.cxx.o
Build for macOS	Build the mod	2026-04-09T00:59:54.2552620Z [13/35] Building CXX object bindings/CMakeFiles/GeodeBindings.dir/Unity/unity_12_cxx.cxx.o
Build for macOS	Build the mod	2026-04-09T01:00:02.9614200Z [14/35] Building CXX object bindings/CMakeFiles/GeodeBindings.dir/Unity/unity_10_cxx.cxx.o
Build for macOS	Build the mod	2026-04-09T01:00:03.4447740Z [15/35] Building CXX object bindings/CMakeFiles/GeodeBindings.dir/Unity/unity_11_cxx.cxx.o
Build for macOS	Build the mod	2026-04-09T01:00:05.7249770Z [16/35] Building CXX object bindings/CMakeFiles/GeodeBindings.dir/Unity/unity_9_cxx.cxx.o
Build for macOS	Build the mod	2026-04-09T01:00:10.4499800Z [17/35] Building CXX object bindings/CMakeFiles/GeodeBindings.dir/Unity/unity_6_cxx.cxx.o
Build for macOS	Build the mod	2026-04-09T01:00:11.0937880Z [18/35] Building CXX object bindings/CMakeFiles/GeodeBindings.dir/Unity/unity_5_cxx.cxx.o
Build for macOS	Build the mod	2026-04-09T01:00:11.5881920Z [19/35] Building CXX object bindings/CMakeFiles/GeodeBindings.dir/Unity/unity_7_cxx.cxx.o
Build for macOS	Build the mod	2026-04-09T01:00:12.0342790Z [20/35] Building CXX object bindings/CMakeFiles/GeodeBindings.dir/Unity/unity_8_cxx.cxx.o
Build for macOS	Build the mod	2026-04-09T01:00:13.2957540Z [21/35] Building CXX object bindings/CMakeFiles/GeodeBindings.dir/Unity/unity_4_cxx.cxx.o
Build for macOS	Build the mod	2026-04-09T01:00:15.4479370Z [22/35] Building CXX object CMakeFiles/DeviousEditorClassicRemastered.dir/src/CollaborationSession.cpp.o
Build for macOS	Build the mod	2026-04-09T01:00:15.4579920Z FAILED: [code=1] CMakeFiles/DeviousEditorClassicRemastered.dir/src/CollaborationSession.cpp.o 
Build for macOS	Build the mod	2026-04-09T01:00:15.4689720Z /usr/bin/clang++ -DARC_FEATURE_TIME=1 -DCommentType=CommentTypeDummy -DDeviousEditorClassicRemastered_EXPORTS -DGEODE_COMP_GD_VERSION=22081 -DGEODE_GD_VERSION=2.2081 -DGEODE_GD_VERSION_STRING=\"2.2081\" -DGEODE_MOD_ID=\"bishop.devious_editor_classic_remastered\" -DGL_SILENCE_DEPRECATION -DMAT_JSON_DYNAMIC=1 -DPROJECT_NAME=DeviousEditorClassicRemastered -I/Users/runner/work/Devious-Editor-classic-Remastered/Devious-Editor-classic-Remastered/geode-sdk-clone/loader/include -I/Users/runner/work/Devious-Editor-classic-Remastered/Devious-Editor-classic-Remastered/geode-sdk-clone/loader/include/Geode/cocos/include -I/Users/runner/work/Devious-Editor-classic-Remastered/Devious-Editor-classic-Remastered/geode-sdk-clone/loader/include/Geode/cocos/extensions -I/Users/runner/work/Devious-Editor-classic-Remastered/Devious-Editor-classic-Remastered/geode-sdk-clone/loader/include/Geode/fmod -isystem /Users/runner/work/Devious-Editor-classic-Remastered/Devious-Editor-classic-Remastered/build/bindings/bindings -isystem /Users/runner/work/Devious-Editor-classic-Remastered/Devious-Editor-classic-Remastered/build/_deps/bindings-src/bindings/include -isystem /Users/runner/work/Devious-Editor-classic-Remastered/Devious-Editor-classic-Remastered/cpm-cache/fmt/6226/include -isystem /Users/runner/work/Devious-Editor-classic-Remastered/Devious-Editor-classic-Remastered/cpm-cache/tuliphook/37c6/include -isystem /Users/runner/work/Devious-Editor-classic-Remastered/Devious-Editor-classic-Remastered/cpm-cache/result/1b9c/include -isystem /Users/runner/work/Devious-Editor-classic-Remastered/Devious-Editor-classic-Remastered/cpm-cache/json/75ca/include -isystem /Users/runner/work/Devious-Editor-classic-Remastered/Devious-Editor-classic-Remastered/cpm-cache/nontype_functional/aaa0/include -isystem /Users/runner/work/Devious-Editor-classic-Remastered/Devious-Editor-classic-Remastered/cpm-cache/asp2/4dd3/include -isystem /Users/runner/work/Devious-Editor-classic-Remastered/Devious-Editor-classic-Remastered/cpm-cache/arc/70cb/include -O3 -DNDEBUG -std=gnu++23 -flto=thin -arch arm64 -arch x86_64 -mmacosx-version-min=11.0 -fPIC -fvisibility=hidden -ffunction-sections -fdata-sections -Winvalid-pch -Xarch_arm64 -include/Users/runner/work/Devious-Editor-classic-Remastered/Devious-Editor-classic-Remastered/build/CMakeFiles/DeviousEditorClassicRemastered.dir/cmake_pch_arm64.hxx -Xarch_x86_64 -include/Users/runner/work/Devious-Editor-classic-Remastered/Devious-Editor-classic-Remastered/build/CMakeFiles/DeviousEditorClassicRemastered.dir/cmake_pch_x86_64.hxx -MD -MT CMakeFiles/DeviousEditorClassicRemastered.dir/src/CollaborationSession.cpp.o -MF CMakeFiles/DeviousEditorClassicRemastered.dir/src/CollaborationSession.cpp.o.d -o CMakeFiles/DeviousEditorClassicRemastered.dir/src/CollaborationSession.cpp.o -c /Users/runner/work/Devious-Editor-classic-Remastered/Devious-Editor-classic-Remastered/src/CollaborationSession.cpp
Build for macOS	Build the mod	2026-04-09T01:00:15.4781750Z /Users/runner/work/Devious-Editor-classic-Remastered/Devious-Editor-classic-Remastered/src/CollaborationSession.cpp:247:24: error: no member named 'm_background' in 'LevelSettingsObject'
Build for macOS	Build the mod	2026-04-09T01:00:15.4883720Z   247 |     s.bg         = ls->m_background;
Build for macOS	Build the mod	2026-04-09T01:00:15.4984140Z       |                    ~~  ^
Build for macOS	Build the mod	2026-04-09T01:00:15.5085580Z /Users/runner/work/Devious-Editor-classic-Remastered/Devious-Editor-classic-Remastered/src/CollaborationSession.cpp:248:24: error: no member named 'm_ground' in 'LevelSettingsObject'
Build for macOS	Build the mod	2026-04-09T01:00:15.5113450Z   248 |     s.ground     = ls->m_ground;
Build for macOS	Build the mod	2026-04-09T01:00:15.5113990Z       |                    ~~  ^
Build for macOS	Build the mod	2026-04-09T01:00:15.5114830Z /Users/runner/work/Devious-Editor-classic-Remastered/Devious-Editor-classic-Remastered/src/CollaborationSession.cpp:261:9: error: no member named 'm_background' in 'LevelSettingsObject'
Build for macOS	Build the mod	2026-04-09T01:00:15.5115750Z   261 |     ls->m_background    = s.bg;
Build for macOS	Build the mod	2026-04-09T01:00:15.5116180Z       |     ~~  ^
Build for macOS	Build the mod	2026-04-09T01:00:15.5116960Z /Users/runner/work/Devious-Editor-classic-Remastered/Devious-Editor-classic-Remastered/src/CollaborationSession.cpp:262:9: error: no member named 'm_ground' in 'LevelSettingsObject'
Build for macOS	Build the mod	2026-04-09T01:00:15.5218430Z   262 |     ls->m_ground        = s.ground;
Build for macOS	Build the mod	2026-04-09T01:00:15.5319970Z       |     ~~  ^
Build for macOS	Build the mod	2026-04-09T01:00:15.5320800Z /Users/runner/work/Devious-Editor-classic-Remastered/Devious-Editor-classic-Remastered/src/CollaborationSession.cpp:264:39: error: unknown type name 'PlayerGamemode'
Build for macOS	Build the mod	2026-04-09T01:00:15.5422330Z   264 |     ls->m_startMode     = static_cast<PlayerGamemode>(s.gameMode);
Build for macOS	Build the mod	2026-04-09T01:00:15.5524130Z       |                                       ^
Build for macOS	Build the mod	2026-04-09T01:00:15.5625770Z /Users/runner/work/Devious-Editor-classic-Remastered/Devious-Editor-classic-Remastered/src/CollaborationSession.cpp:297:5: error: static assertion failed: Please use `for (auto obj : CCArrayExt(arr))` or `for (auto obj : CCArrayExt<NodeType*>(arr))` instead, this macro has been removed in Geode v5
Build for macOS	Build the mod	2026-04-09T01:00:15.5728200Z When iterating over the children of a node, `for (CCNode* node : node->getChildrenExt())` or `for (CCNode* node : node->getChildrenExt<NodeType*>())` can also be used
Build for macOS	Build the mod	2026-04-09T01:00:15.5829190Z 
Build for macOS	Build the mod	2026-04-09T01:00:15.5930070Z   297 |     CCARRAY_FOREACH(children, raw) {
Build for macOS	Build the mod	2026-04-09T01:00:15.6031560Z       |     ^~~~~~~~~~~~~~~~~~~~~~~~~~~~~~
Build for macOS	Build the mod	2026-04-09T01:00:15.6154400Z /Users/runner/work/Devious-Editor-classic-Remastered/Devious-Editor-classic-Remastered/geode-sdk-clone/loader/include/Geode/cocos/extensions/GUI/CCControlExtension/../../../include/../actions/../base_nodes/../cocoa/CCArray.h:36:19: note: expanded from macro 'CCARRAY_FOREACH'
Build for macOS	Build the mod	2026-04-09T01:00:15.6256460Z    36 |     static_assert(false, \
Build for macOS	Build the mod	2026-04-09T01:00:15.6357830Z       |                   ^~~~~
Build for macOS	Build the mod	2026-04-09T01:00:15.6459970Z /Users/runner/work/Devious-Editor-classic-Remastered/Devious-Editor-classic-Remastered/src/CollaborationSession.cpp:299:19: error: 'continue' statement not in loop statement
Build for macOS	Build the mod	2026-04-09T01:00:15.6561830Z   299 |         if (!obj) continue;
Build for macOS	Build the mod	2026-04-09T01:00:15.6662860Z       |                   ^
Build for macOS	Build the mod	2026-04-09T01:00:15.6764740Z /Users/runner/work/Devious-Editor-classic-Remastered/Devious-Editor-classic-Remastered/src/CollaborationSession.cpp:301:87: error: 'continue' statement not in loop statement
Build for macOS	Build the mod	2026-04-09T01:00:15.6866270Z   301 |         if (obj->getTag() >= CURSOR_BASE_TAG && obj->getTag() < CURSOR_BASE_TAG + 10) continue;
Build for macOS	Build the mod	2026-04-09T01:00:15.6967980Z       |                                                                                       ^
Build for macOS	Build the mod	2026-04-09T01:00:15.7070030Z /Users/runner/work/Devious-Editor-classic-Remastered/Devious-Editor-classic-Remastered/src/CollaborationSession.cpp:381:17: error: static assertion failed: Please use `for (auto obj : CCArrayExt(arr))` or `for (auto obj : CCArrayExt<NodeType*>(arr))` instead, this macro has been removed in Geode v5
Build for macOS	Build the mod	2026-04-09T01:00:15.7193710Z When iterating over the children of a node, `for (CCNode* node : node->getChildrenExt())` or `for (CCNode* node : node->getChildrenExt<NodeType*>())` can also be used
Build for macOS	Build the mod	2026-04-09T01:00:15.7295250Z 
Build for macOS	Build the mod	2026-04-09T01:00:15.7396650Z   381 |                 CCARRAY_FOREACH(children, raw) {
Build for macOS	Build the mod	2026-04-09T01:00:15.7426660Z       |                 ^~~~~~~~~~~~~~~~~~~~~~~~~~~~~~
Build for macOS	Build the mod	2026-04-09T01:00:15.7427690Z /Users/runner/work/Devious-Editor-classic-Remastered/Devious-Editor-classic-Remastered/geode-sdk-clone/loader/include/Geode/cocos/extensions/GUI/CCControlExtension/../../../include/../actions/../base_nodes/../cocoa/CCArray.h:36:19: note: expanded from macro 'CCARRAY_FOREACH'
Build for macOS	Build the mod	2026-04-09T01:00:15.7428810Z    36 |     static_assert(false, \
Build for macOS	Build the mod	2026-04-09T01:00:15.7429200Z       |                   ^~~~~
Build for macOS	Build the mod	2026-04-09T01:00:15.7429910Z /Users/runner/work/Devious-Editor-classic-Remastered/Devious-Editor-classic-Remastered/src/CollaborationSession.cpp:390:22: error: no member named 'removeObjectFromLevel' in 'LevelEditorLayer'
Build for macOS	Build the mod	2026-04-09T01:00:15.7430810Z   390 |                 edl->removeObjectFromLevel(obj);
Build for macOS	Build the mod	2026-04-09T01:00:15.7431120Z       |                 ~~~  ^
Build for macOS	Build the mod	2026-04-09T01:00:15.7431810Z /Users/runner/work/Devious-Editor-classic-Remastered/Devious-Editor-classic-Remastered/src/CollaborationSession.cpp:496:10: error: no member named 'removeObjectFromLevel' in 'LevelEditorLayer'
Build for macOS	Build the mod	2026-04-09T01:00:15.7432620Z   496 |     edl->removeObjectFromLevel(obj);
Build for macOS	Build the mod	2026-04-09T01:00:15.7432910Z       |     ~~~  ^
Build for macOS	Build the mod	2026-04-09T01:00:15.7433140Z 11 errors generated.
Build for macOS	Build the mod	2026-04-09T01:00:17.5235240Z [23/35] Building CXX object bindings/CMakeFiles/GeodeBindings.dir/Unity/unity_2_cxx.cxx.o
Build for macOS	Build the mod	2026-04-09T01:00:17.5337000Z [24/35] Building CXX object bindings/CMakeFiles/GeodeBindings.dir/Unity/unity_3_cxx.cxx.o
Build for macOS	Build the mod	2026-04-09T01:00:17.6663570Z [25/35] Building CXX object bindings/CMakeFiles/GeodeBindings.dir/Unity/unity_1_cxx.cxx.o
Build for macOS	Build the mod	2026-04-09T01:00:18.6655810Z [26/35] Building CXX object bindings/CMakeFiles/GeodeBindings.dir/Unity/unity_0_cxx.cxx.o
Build for macOS	Build the mod	2026-04-09T01:00:18.6680060Z ninja: build stopped: subcommand failed.
Build for macOS	Build the mod	2026-04-09T01:00:18.6819340Z ##[error]Process completed with exit code 1.
